{
'project:Symfony/Bridge/Doctrine/Tests/PropertyInfo/Fixtures/DoctrineFooType.php':[
56,
],
}
