{
'project:PHPMailer/get_oauth_token.php':[
56,
72,
118,
126,
131,
],
'project:PHP_CodeSniffer/scripts/build-phar.php':[
21,
],
'project:PHP_CodeSniffer/src/Runner.php':[
498,
],
'project:PhpSpreadsheet/samples/Basic/01_Simple_download_ods.php':[
61,
],
'project:PhpSpreadsheet/samples/Basic/01_Simple_download_pdf.php':[
56,
],
'project:PhpSpreadsheet/samples/Basic/01_Simple_download_xls.php':[
61,
],
'project:PhpSpreadsheet/samples/Basic/01_Simple_download_xlsx.php':[
60,
],
'project:PhpSpreadsheet/samples/Basic/25_In_memory_image.php':[
24,
],
'project:Symfony/Bridge/PhpUnit/DeprecationErrorHandler.php':[
169,
274,
],
'project:Symfony/Component/HttpFoundation/Tests/Fixtures/response-functional/common.inc':[
13,
],
'project:Symfony/Component/HttpFoundation/Tests/Session/Storage/Handler/Fixtures/common.inc':[
13,
],
'project:Symfony/Component/Intl/Resources/bin/common.php':[
20,
],
'project:Symfony/Component/Lock/Tests/Store/BlockingStoreTestTrait.php':[
89,
91,
],
'project:Symfony/Component/Messenger/Tests/Transport/AmqpExt/Fixtures/long_receiver.php':[
10,
],
'project:Symfony/Component/Process/Tests/PipeStdinInStdoutStdErrStreamSelect.php':[
32,
34,
40,
51,
68,
],
'project:Symfony/Component/Process/Tests/SignalListener.php':[
12,
],
}
