{
'project:PHP_CodeSniffer/scripts/build-phar.php':[
1,
],
}
