{
'project:PHPMailer/src/SMTP.php':[
1067,
],
'project:PHP_CodeSniffer/autoload.php':[
64,
],
'project:PHP_CodeSniffer/src/Files/LocalFile.php':[
29,
84,
],
'project:PHP_CodeSniffer/src/Sniffs/AbstractScopeSniff.php':[
130,
],
'project:PHP_CodeSniffer/src/Sniffs/AbstractVariableSniff.php':[
79,
],
'project:PHP_CodeSniffer/src/Standards/Generic/Sniffs/Debug/CSSLintSniff.php':[
48,
],
'project:PHP_CodeSniffer/src/Standards/Generic/Sniffs/Debug/ClosureLinterSniff.php':[
65,
],
'project:PHP_CodeSniffer/src/Standards/Generic/Sniffs/Debug/ESLintSniff.php':[
57,
],
'project:PHP_CodeSniffer/src/Standards/Generic/Sniffs/Debug/JSHintSniff.php':[
50,
],
'project:PHP_CodeSniffer/src/Standards/Generic/Sniffs/Files/InlineHTMLSniff.php':[
53,
],
'project:PHP_CodeSniffer/src/Standards/Generic/Sniffs/Files/LineEndingsSniff.php':[
58,
],
'project:PHP_CodeSniffer/src/Standards/Generic/Sniffs/Files/LowercasedFilenameSniff.php':[
40,
],
'project:PHP_CodeSniffer/src/Standards/Generic/Sniffs/Formatting/MultipleStatementAlignmentSniff.php':[
74,
],
'project:PHP_CodeSniffer/src/Standards/Generic/Sniffs/PHP/DisallowShortOpenTagSniff.php':[
51,
],
'project:PHP_CodeSniffer/src/Standards/Generic/Sniffs/WhiteSpace/ArbitraryParenthesesSpacingSniff.php':[
86,
],
'project:PHP_CodeSniffer/src/Standards/Squiz/Sniffs/Debug/JSLintSniff.php':[
49,
],
'project:PHP_CodeSniffer/src/Standards/Squiz/Sniffs/Debug/JavaScriptLintSniff.php':[
49,
],
'project:PHP_CodeSniffer/src/Standards/Squiz/Sniffs/PHP/CommentedOutCodeSniff.php':[
60,
],
'project:PHP_CodeSniffer/src/Standards/Squiz/Sniffs/WhiteSpace/MemberVarSpacingSniff.php':[
44,
],
'project:PHP_CodeSniffer/src/Standards/Zend/Sniffs/Debug/CodeAnalyzerSniff.php':[
43,
],
'project:PhpSpreadsheet/src/PhpSpreadsheet/Reader/Csv.php':[
133,
152,
],
'project:PhpSpreadsheet/src/PhpSpreadsheet/Shared/Xls.php':[
212,
],
'project:PhpSpreadsheet/src/PhpSpreadsheet/Writer/Html.php':[
694,
],
'project:PhpSpreadsheet/src/PhpSpreadsheet/Writer/Xls/Worksheet.php':[
1046,
],
'project:PhpSpreadsheet/src/PhpSpreadsheet/Writer/Xlsx/DocProps.php':[
187,
],
'project:Symfony/Bridge/Doctrine/Form/ChoiceList/IdReader.php':[
91,
],
'project:Symfony/Bridge/Doctrine/Form/DoctrineOrmTypeGuesser.php':[
96,
],
'project:Symfony/Bridge/Doctrine/PropertyInfo/DoctrineExtractor.php':[
52,
78,
],
'project:Symfony/Bridge/Doctrine/Tests/PropertyInfo/Fixtures/DoctrineFooType.php':[
47,
62,
],
'project:Symfony/Bridge/PhpUnit/Legacy/CoverageListenerTrait.php':[
85,
],
'project:Symfony/Bridge/Twig/AppVariable.php':[
75,
],
'project:Symfony/Bridge/Twig/Command/DebugCommand.php':[
276,
],
'project:Symfony/Bridge/Twig/Extension/DumpExtension.php':[
55,
],
'project:Symfony/Bundle/FrameworkBundle/Command/ConfigDumpReferenceCommand.php':[
77,
],
'project:Symfony/Bundle/FrameworkBundle/Command/TranslationUpdateCommand.php':[
100,
],
'project:Symfony/Bundle/FrameworkBundle/Console/Descriptor/MarkdownDescriptor.php':[
245,
],
'project:Symfony/Bundle/FrameworkBundle/Console/Descriptor/TextDescriptor.php':[
360,
],
'project:Symfony/Bundle/FrameworkBundle/Controller/ControllerTrait.php':[
351,
],
'project:Symfony/Bundle/FrameworkBundle/Templating/GlobalVariables.php':[
36,
45,
],
'project:Symfony/Bundle/FrameworkBundle/Templating/Helper/CodeHelper.php':[
117,
],
'project:Symfony/Bundle/SecurityBundle/Security/FirewallMap.php':[
52,
],
'project:Symfony/Component/Filesystem/Filesystem.php':[
414,
],
'project:Symfony/Component/Form/Extension/Core/DataTransformer/ArrayToPartsTransformer.php':[
52,
],
'project:Symfony/Component/Form/Extension/Core/DataTransformer/BooleanToStringTransformer.php':[
52,
],
'project:Symfony/Component/Form/Extension/Core/DataTransformer/ChoiceToValueTransformer.php':[
35,
],
'project:Symfony/Component/Form/Extension/Core/DataTransformer/DateIntervalToArrayTransformer.php':[
114,
],
'project:Symfony/Component/Form/Extension/Core/DataTransformer/DateIntervalToStringTransformer.php':[
70,
],
'project:Symfony/Component/Form/Extension/Core/DataTransformer/DateTimeToArrayTransformer.php':[
111,
],
'project:Symfony/Component/Form/Extension/Core/DataTransformer/DateTimeToHtml5LocalDateTimeTransformer.php':[
74,
],
'project:Symfony/Component/Form/Extension/Core/DataTransformer/DateTimeToLocalizedStringTransformer.php':[
107,
],
'project:Symfony/Component/Form/Extension/Core/DataTransformer/DateTimeToRfc3339Transformer.php':[
61,
],
'project:Symfony/Component/Form/Extension/Core/DataTransformer/DateTimeToStringTransformer.php':[
109,
],
'project:Symfony/Component/Form/Extension/Core/DataTransformer/DateTimeToTimestampTransformer.php':[
33,
56,
],
'project:Symfony/Component/Form/Extension/Core/DataTransformer/DateTimeZoneToStringTransformer.php':[
34,
58,
],
'project:Symfony/Component/Form/Extension/Core/DataTransformer/NumberToLocalizedStringTransformer.php':[
139,
],
'project:Symfony/Component/Form/Extension/Core/DataTransformer/PercentToLocalizedStringTransformer.php':[
108,
],
'project:Symfony/Component/Form/Extension/Core/DataTransformer/ValueToDuplicatesTransformer.php':[
55,
],
'project:Symfony/Component/Form/Extension/Core/Type/ChoiceType.php':[
252,
268,
],
'project:Symfony/Component/Form/Extension/Validator/Type/BaseValidatorExtension.php':[
33,
],
'project:Symfony/Component/Form/Extension/Validator/ViolationMapper/ViolationPath.php':[
134,
],
'project:Symfony/Component/Form/Form.php':[
213,
],
'project:Symfony/Component/Form/NativeRequestHandler.php':[
205,
],
'project:Symfony/Component/Form/Util/ServerParams.php':[
46,
],
'project:Symfony/Component/HttpFoundation/File/MimeType/FileBinaryMimeTypeGuesser.php':[
66,
],
'project:Symfony/Component/HttpFoundation/File/MimeType/FileinfoMimeTypeGuesser.php':[
49,
],
'project:Symfony/Component/HttpFoundation/RequestStack.php':[
47,
73,
93,
],
'project:Symfony/Component/HttpKernel/CacheWarmer/CacheWarmerAggregate.php':[
56,
],
'project:Symfony/Component/HttpKernel/ControllerMetadata/ArgumentMetadataFactory.php':[
50,
],
'project:Symfony/Component/HttpKernel/Debug/FileLinkFormatter.php':[
86,
],
'project:Symfony/Component/HttpKernel/EventListener/SessionListener.php':[
35,
],
'project:Symfony/Component/HttpKernel/EventListener/TestSessionListener.php':[
33,
],
'project:Symfony/Component/HttpKernel/HttpCache/Store.php':[
130,
],
'project:Symfony/Component/HttpKernel/Kernel.php':[
496,
],
'project:Symfony/Component/HttpKernel/Profiler/FileProfilerStorage.php':[
116,
224,
],
'project:Symfony/Component/HttpKernel/Profiler/Profiler.php':[
143,
245,
],
'project:Symfony/Component/Intl/Data/Generator/LocaleDataGenerator.php':[
146,
],
'project:Symfony/Component/Intl/ResourceBundle/CurrencyBundle.php':[
40,
52,
76,
88,
],
'project:Symfony/Component/Intl/ResourceBundle/LanguageBundle.php':[
43,
76,
],
'project:Symfony/Component/Intl/ResourceBundle/LocaleBundle.php':[
41,
],
'project:Symfony/Component/Intl/ResourceBundle/RegionBundle.php':[
40,
],
'project:Symfony/Component/Intl/Resources/bin/common.php':[
56,
],
'project:Symfony/Component/Intl/Util/Version.php':[
73,
],
'project:Symfony/Component/Process/Pipes/AbstractPipes.php':[
93,
],
'project:Symfony/Component/Process/Process.php':[
746,
],
'project:Symfony/Component/PropertyAccess/PropertyPath.php':[
136,
],
'project:Symfony/Component/PropertyInfo/Extractor/PhpDocExtractor.php':[
71,
97,
113,
],
'project:Symfony/Component/PropertyInfo/Extractor/ReflectionExtractor.php':[
66,
],
'project:Symfony/Component/PropertyInfo/Extractor/SerializerExtractor.php':[
36,
],
'project:Symfony/Component/Routing/Generator/UrlGenerator.php':[
144,
],
'project:Symfony/Component/Routing/Loader/XmlFileLoader.php':[
326,
363,
],
'project:Symfony/Component/Security/Csrf/TokenStorage/NativeSessionTokenStorage.php':[
84,
],
'project:Symfony/Component/Security/Http/Firewall/UsernamePasswordJsonAuthenticationListener.php':[
138,
],
'project:Symfony/Component/Security/Http/ParameterBagUtils.php':[
39,
74,
],
'project:Symfony/Component/Serializer/Normalizer/AbstractObjectNormalizer.php':[
299,
],
'project:Symfony/Component/Serializer/Normalizer/PropertyNormalizer.php':[
121,
],
'project:Symfony/Component/Yaml/Command/LintCommand.php':[
202,
],
'project:Symfony/Component/Yaml/Inline.php':[
539,
],
}
