{
'project:PhpSpreadsheet/src/PhpSpreadsheet/Writer/Xls.php':[
222,
],
'project:Symfony/Bridge/ProxyManager/Tests/LazyProxy/PhpDumper/ProxyDumperTest.php':[
66,
],
'project:Symfony/Bundle/FrameworkBundle/Resources/views/Form/attributes.html.php':[
5,
],
'project:Symfony/Bundle/FrameworkBundle/Resources/views/Form/choice_attributes.html.php':[
4,
],
'project:Symfony/Component/HttpFoundation/Tests/RequestTest.php':[
273,
273,
281,
281,
],
'project:Symfony/Component/HttpKernel/Tests/DependencyInjection/AddAnnotatedClassesToCachePassTest.php':[
30,
],
'project:Symfony/Component/Messenger/Tests/Command/ConsumeMessagesCommandTest.php':[
22,
30,
],
'project:Symfony/Component/Messenger/Tests/Transport/AmqpExt/ConnectionTest.php':[
41,
],
'project:Symfony/Component/Routing/Matcher/Dumper/StaticPrefixCollection.php':[
107,
],
'project:Symfony/Component/Routing/Tests/Generator/UrlGeneratorTest.php':[
453,
],
'project:Symfony/Component/Routing/Tests/RouteTest.php':[
21,
],
}
