{
'project:PHPMailer/test/phpmailerTest.php':[
409,
419,
446,
],
'project:PHP_CodeSniffer/src/Config.php':[
1624,
],
'project:PHP_CodeSniffer/src/Filters/Filter.php':[
174,
],
'project:PHP_CodeSniffer/src/Reports/Code.php':[
123,
],
'project:PHP_CodeSniffer/src/Reports/Full.php':[
65,
],
'project:PHP_CodeSniffer/src/Reports/Source.php':[
42,
43,
],
'project:PHP_CodeSniffer/src/Reports/VersionControl.php':[
68,
],
'project:PHP_CodeSniffer/src/Runner.php':[
283,
287,
],
'project:PHP_CodeSniffer/src/Standards/Generic/Sniffs/Files/InlineHTMLSniff.php':[
57,
],
'project:PHP_CodeSniffer/src/Standards/Generic/Sniffs/PHP/CharacterBeforePHPOpeningTagSniff.php':[
59,
],
'project:PHP_CodeSniffer/src/Standards/Squiz/Sniffs/Commenting/FunctionCommentSniff.php':[
80,
],
'project:PHP_CodeSniffer/src/Standards/Squiz/Sniffs/Commenting/VariableCommentSniff.php':[
112,
],
'project:PHP_CodeSniffer/src/Standards/Squiz/Sniffs/Functions/MultiLineFunctionDeclarationSniff.php':[
165,
],
'project:PHP_CodeSniffer/src/Tokenizers/JS.php':[
1199,
],
'project:PHP_CodeSniffer/src/Util/Common.php':[
481,
],
'project:PHP_CodeSniffer/tests/Standards/AbstractSniffUnitTest.php':[
247,
],
'project:PhpSpreadsheet/src/PhpSpreadsheet/Calculation/Calculation.php':[
3359,
],
'project:PhpSpreadsheet/src/PhpSpreadsheet/Calculation/Database.php':[
63,
68,
],
'project:PhpSpreadsheet/src/PhpSpreadsheet/Calculation/DateTime.php':[
475,
635,
936,
1488,
],
'project:PhpSpreadsheet/src/PhpSpreadsheet/Calculation/Engineering.php':[
1369,
],
'project:PhpSpreadsheet/src/PhpSpreadsheet/Calculation/LookupRef.php':[
100,
171,
177,
767,
773,
],
'project:PhpSpreadsheet/src/PhpSpreadsheet/Calculation/Statistical.php':[
691,
2134,
2297,
],
'project:PhpSpreadsheet/src/PhpSpreadsheet/Chart/Renderer/JpGraph.php':[
423,
427,
471,
506,
509,
514,
615,
626,
],
'project:PhpSpreadsheet/src/PhpSpreadsheet/Reader/Gnumeric.php':[
700,
],
'project:PhpSpreadsheet/src/PhpSpreadsheet/Reader/Xls.php':[
1111,
1386,
1394,
1533,
1541,
1699,
1705,
1744,
2481,
2647,
2831,
2946,
3224,
3251,
4078,
4297,
4361,
4364,
4430,
4433,
4444,
4445,
4522,
4525,
4528,
4532,
4636,
4657,
4787,
4867,
5015,
5189,
5271,
7699,
7723,
7755,
7758,
],
'project:PhpSpreadsheet/src/PhpSpreadsheet/Reader/Xls/Escher.php':[
187,
190,
193,
223,
270,
273,
276,
279,
282,
285,
288,
291,
297,
300,
303,
332,
337,
342,
373,
378,
383,
422,
425,
437,
458,
467,
498,
518,
527,
541,
544,
558,
561,
627,
655,
],
'project:PhpSpreadsheet/src/PhpSpreadsheet/Reader/Xlsx.php':[
1641,
1680,
1681,
1682,
1683,
1836,
1910,
],
'project:PhpSpreadsheet/src/PhpSpreadsheet/Reader/Xlsx/Chart.php':[
71,
74,
74,
400,
437,
],
'project:PhpSpreadsheet/src/PhpSpreadsheet/Reader/Xml.php':[
866,
],
'project:PhpSpreadsheet/src/PhpSpreadsheet/Shared/JAMA/EigenvalueDecomposition.php':[
206,
],
'project:PhpSpreadsheet/src/PhpSpreadsheet/Shared/Trend/BestFit.php':[
346,
],
'project:PhpSpreadsheet/src/PhpSpreadsheet/Worksheet/AutoFilter.php':[
93,
199,
],
'project:PhpSpreadsheet/src/PhpSpreadsheet/Worksheet/Worksheet.php':[
1362,
],
'project:PhpSpreadsheet/src/PhpSpreadsheet/Writer/Html.php':[
1321,
1322,
],
'project:PhpSpreadsheet/src/PhpSpreadsheet/Writer/Xls.php':[
462,
462,
],
'project:PhpSpreadsheet/src/PhpSpreadsheet/Writer/Xls/Workbook.php':[
555,
834,
868,
],
'project:PhpSpreadsheet/src/PhpSpreadsheet/Writer/Xls/Worksheet.php':[
254,
411,
513,
569,
837,
1096,
1103,
2911,
],
'project:PhpSpreadsheet/src/PhpSpreadsheet/Writer/Xlsx/StringTable.php':[
27,
],
'project:PhpSpreadsheet/src/PhpSpreadsheet/Writer/Xlsx/Workbook.php':[
342,
],
'project:PhpSpreadsheet/src/PhpSpreadsheet/Writer/Xlsx/Worksheet.php':[
751,
],
'project:Symfony/Bridge/Doctrine/Tests/Form/Type/EntityTypeTest.php':[
193,
],
'project:Symfony/Bridge/Monolog/Handler/FingersCrossed/HttpCodeActivationStrategy.php':[
63,
],
'project:Symfony/Bridge/PhpUnit/DeprecationErrorHandler.php':[
266,
],
'project:Symfony/Bridge/PhpUnit/Legacy/SymfonyTestsListenerTrait.php':[
250,
257,
],
'project:Symfony/Bridge/Twig/Command/DebugCommand.php':[
188,
],
'project:Symfony/Bridge/Twig/Node/TransNode.php':[
60,
],
'project:Symfony/Bridge/Twig/Tests/AppVariableTest.php':[
95,
],
'project:Symfony/Bridge/Twig/Tests/Command/LintCommandTest.php':[
57,
],
'project:Symfony/Bridge/Twig/Tests/Extension/StopwatchExtensionTest.php':[
39,
],
'project:Symfony/Bridge/Twig/Tests/Extension/TranslationExtensionTest.php':[
63,
72,
82,
],
'project:Symfony/Bundle/FrameworkBundle/DependencyInjection/Compiler/LoggingTranslatorPass.php':[
45,
],
'project:Symfony/Bundle/FrameworkBundle/Tests/Controller/ControllerTraitTest.php':[
283,
],
'project:Symfony/Bundle/FrameworkBundle/Tests/Functional/Bundle/TestBundle/DependencyInjection/TestExtension.php':[
29,
],
'project:Symfony/Bundle/FrameworkBundle/Tests/Functional/ContainerDumpTest.php':[
21,
28,
],
'project:Symfony/Bundle/FrameworkBundle/Tests/Functional/ProfilerTest.php':[
31,
],
'project:Symfony/Bundle/FrameworkBundle/Translation/Translator.php':[
128,
147,
],
'project:Symfony/Bundle/SecurityBundle/Tests/DataCollector/SecurityDataCollectorTest.php':[
219,
],
'project:Symfony/Bundle/SecurityBundle/Tests/DependencyInjection/Security/Factory/AbstractFactoryTest.php':[
64,
64,
64,
102,
102,
102,
],
'project:Symfony/Bundle/SecurityBundle/Tests/DependencyInjection/Security/Factory/GuardAuthenticationFactoryTest.php':[
166,
179,
179,
],
'project:Symfony/Component/Finder/Finder.php':[
658,
],
'project:Symfony/Component/Finder/Tests/FinderTest.php':[
921,
933,
],
'project:Symfony/Component/Form/Extension/DependencyInjection/DependencyInjectionExtension.php':[
92,
],
'project:Symfony/Component/Form/Tests/CompoundFormTest.php':[
527,
528,
896,
897,
911,
912,
915,
],
'project:Symfony/Component/Form/Tests/DependencyInjection/FormPassTest.php':[
387,
],
'project:Symfony/Component/Form/Tests/Extension/Core/DataTransformer/DateTimeToLocalizedStringTransformerTest.php':[
193,
],
'project:Symfony/Component/HttpFoundation/Tests/CookieTest.php':[
173,
],
'project:Symfony/Component/HttpFoundation/Tests/File/UploadedFileTest.php':[
145,
],
'project:Symfony/Component/HttpFoundation/Tests/HeaderBagTest.php':[
57,
],
'project:Symfony/Component/HttpFoundation/Tests/RedirectResponseTest.php':[
34,
42,
],
'project:Symfony/Component/HttpFoundation/Tests/RequestMatcherTest.php':[
49,
],
'project:Symfony/Component/HttpFoundation/Tests/Session/Storage/Handler/NativeFileSessionHandlerTest.php':[
30,
43,
66,
72,
],
'project:Symfony/Component/HttpFoundation/Tests/Session/Storage/Handler/NullSessionHandlerTest.php':[
31,
],
'project:Symfony/Component/HttpFoundation/Tests/Session/Storage/Handler/PdoSessionHandlerTest.php':[
59,
178,
],
'project:Symfony/Component/HttpFoundation/Tests/Session/Storage/Handler/RedisClusterSessionHandlerTest.php':[
22,
],
'project:Symfony/Component/HttpFoundation/Tests/Session/Storage/NativeSessionStorageTest.php':[
152,
160,
],
'project:Symfony/Component/HttpKernel/DataCollector/RequestDataCollector.php':[
62,
],
'project:Symfony/Component/HttpKernel/EventListener/RouterListener.php':[
169,
170,
171,
],
'project:Symfony/Component/HttpKernel/Tests/DataCollector/RequestDataCollectorTest.php':[
36,
222,
],
'project:Symfony/Component/HttpKernel/Tests/Debug/TraceableEventDispatcherTest.php':[
88,
],
'project:Symfony/Component/HttpKernel/Tests/DependencyInjection/RegisterControllerArgumentLocatorsPassTest.php':[
275,
],
'project:Symfony/Component/HttpKernel/Tests/HttpCache/StoreTest.php':[
55,
95,
232,
],
'project:Symfony/Component/Intl/Tests/Data/Bundle/Writer/TextBundleWriterTest.php':[
99,
],
'project:Symfony/Component/Messenger/Tests/DependencyInjection/MessengerPassTest.php':[
135,
543,
558,
573,
],
'project:Symfony/Component/Messenger/Tests/EnvelopeTest.php':[
37,
45,
53,
],
'project:Symfony/Component/Messenger/Tests/MessageBusTest.php':[
45,
],
'project:Symfony/Component/Messenger/Tests/Middleware/Enhancers/TraceableMiddlewareTest.php':[
29,
70,
],
'project:Symfony/Component/Messenger/Tests/Transport/AmqpExt/ConnectionTest.php':[
91,
92,
125,
126,
127,
140,
141,
142,
154,
155,
172,
173,
],
'project:Symfony/Component/Process/Process.php':[
323,
],
'project:Symfony/Component/Process/Tests/ProcessTest.php':[
781,
],
'project:Symfony/Component/PropertyAccess/PropertyAccessor.php':[
129,
],
'project:Symfony/Component/Routing/Loader/PhpFileLoader.php':[
42,
43,
],
'project:Symfony/Component/Routing/Matcher/Dumper/PhpMatcherDumper.php':[
57,
353,
],
'project:Symfony/Component/Routing/Tests/Annotation/RouteTest.php':[
24,
32,
],
'project:Symfony/Component/Routing/Tests/Fixtures/AnnotatedClasses/FooTrait.php':[
9,
],
'project:Symfony/Component/Routing/Tests/Generator/Dumper/PhpGeneratorDumperTest.php':[
217,
],
'project:Symfony/Component/Routing/Tests/RouteCollectionTest.php':[
145,
147,
168,
169,
206,
222,
],
'project:Symfony/Component/Routing/Tests/RouteCompilerTest.php':[
252,
262,
272,
282,
],
'project:Symfony/Component/Security/Core/Tests/Encoder/EncoderFactoryTest.php':[
122,
],
'project:Symfony/Component/Security/Guard/Tests/Provider/GuardAuthenticationProviderTest.php':[
137,
],
'project:Symfony/Component/Security/Http/Tests/Firewall/BasicAuthenticationListenerTest.php':[
77,
],
'project:Symfony/Component/Security/Http/Tests/Firewall/LogoutListenerTest.php':[
23,
132,
156,
],
'project:Symfony/Component/Security/Http/Tests/Firewall/RememberMeListenerTest.php':[
226,
291,
291,
],
'project:Symfony/Component/Security/Http/Tests/Firewall/RemoteUserAuthenticationListenerTest.php':[
65,
],
'project:Symfony/Component/Security/Http/Tests/Firewall/X509AuthenticationListenerTest.php':[
101,
],
'project:Symfony/Component/Security/Http/Tests/FirewallTest.php':[
55,
],
'project:Symfony/Component/Security/Http/Tests/RememberMe/AbstractRememberMeServicesTest.php':[
129,
],
'project:Symfony/Component/Security/Http/Tests/RememberMe/PersistentTokenBasedRememberMeServicesTest.php':[
61,
62,
],
'project:Symfony/Component/Security/Http/Tests/RememberMe/ResponseListenerTest.php':[
68,
],
'project:Symfony/Component/Yaml/Tests/Command/LintCommandTest.php':[
102,
],
'project:Symfony/Component/Yaml/Tests/ParserTest.php':[
67,
],
}
