{
'project:PhpSpreadsheet/tests/data/Calculation/TextData/CLEAN.php':[
0,
],
'project:PhpSpreadsheet/tests/data/Calculation/TextData/TRIM.php':[
0,
],
'project:Symfony/Component/Serializer/Tests/Encoder/CsvEncoderTest.php':[
0,
],
'project:Symfony/Component/Yaml/Tests/ParserTest.php':[
0,
],
}
