{
'project:PHPMailer/src/PHPMailer.php':[
2710,
2982,
],
'project:PHP_CodeSniffer/src/Files/File.php':[
2456,
],
'project:PHP_CodeSniffer/src/Fixer.php':[
284,
313,
],
'project:PHP_CodeSniffer/src/Reports/Gitblame.php':[
54,
],
'project:PHP_CodeSniffer/src/Reports/Svnblame.php':[
65,
],
'project:PHP_CodeSniffer/src/Sniffs/AbstractPatternSniff.php':[
711,
],
'project:PHP_CodeSniffer/src/Tokenizers/Comment.php':[
266,
],
'project:PHP_CodeSniffer/src/Tokenizers/JS.php':[
1042,
],
'project:PHP_CodeSniffer/src/Util/Common.php':[
176,
192,
207,
483,
514,
],
'project:PhpSpreadsheet/src/PhpSpreadsheet/Calculation/Calculation.php':[
3987,
],
'project:PhpSpreadsheet/src/PhpSpreadsheet/Calculation/Financial.php':[
1693,
],
'project:PhpSpreadsheet/src/PhpSpreadsheet/Cell/Coordinate.php':[
165,
],
'project:PhpSpreadsheet/src/PhpSpreadsheet/Cell/DataType.php':[
63,
],
'project:PhpSpreadsheet/src/PhpSpreadsheet/Collection/CellsFactory.php':[
19,
],
'project:PhpSpreadsheet/src/PhpSpreadsheet/Helper/Migrator.php':[
253,
329,
],
'project:PhpSpreadsheet/src/PhpSpreadsheet/IOFactory.php':[
55,
77,
],
'project:PhpSpreadsheet/src/PhpSpreadsheet/Reader/Xls.php':[
5282,
5335,
5510,
],
'project:PhpSpreadsheet/src/PhpSpreadsheet/Reader/Xlsx/Chart.php':[
217,
],
'project:PhpSpreadsheet/src/PhpSpreadsheet/Reader/Xml.php':[
270,
286,
],
'project:PhpSpreadsheet/src/PhpSpreadsheet/Shared/Drawing.php':[
87,
],
'project:PhpSpreadsheet/src/PhpSpreadsheet/Shared/Font.php':[
301,
],
'project:PhpSpreadsheet/src/PhpSpreadsheet/Shared/OLE.php':[
256,
270,
284,
],
'project:PhpSpreadsheet/src/PhpSpreadsheet/Shared/OLE/PPS.php':[
181,
],
'project:PhpSpreadsheet/src/PhpSpreadsheet/Shared/StringHelper.php':[
346,
351,
439,
],
'project:PhpSpreadsheet/src/PhpSpreadsheet/Shared/Xls.php':[
124,
154,
272,
],
'project:PhpSpreadsheet/src/PhpSpreadsheet/Worksheet/Worksheet.php':[
2897,
2946,
],
'project:PhpSpreadsheet/src/PhpSpreadsheet/Writer/Html.php':[
388,
953,
1054,
1087,
1144,
1396,
1415,
],
'project:PhpSpreadsheet/src/PhpSpreadsheet/Writer/Xls.php':[
750,
942,
],
'project:PhpSpreadsheet/src/PhpSpreadsheet/Writer/Xls/BIFFwriter.php':[
220,
],
'project:PhpSpreadsheet/src/PhpSpreadsheet/Writer/Xls/Parser.php':[
1165,
1173,
1209,
1313,
1443,
],
'project:PhpSpreadsheet/src/PhpSpreadsheet/Writer/Xls/Workbook.php':[
270,
],
'project:Symfony/Bridge/Doctrine/Tests/DependencyInjection/CompilerPass/RegisterMappingsPassTest.php':[
39,
],
'project:Symfony/Bridge/Doctrine/Tests/Validator/Constraints/UniqueEntityValidatorTest.php':[
92,
],
'project:Symfony/Bridge/Monolog/Formatter/ConsoleFormatter.php':[
117,
],
'project:Symfony/Bridge/Twig/Command/DebugCommand.php':[
320,
],
'project:Symfony/Bundle/DebugBundle/Tests/DependencyInjection/DebugExtensionTest.php':[
41,
],
'project:Symfony/Bundle/TwigBundle/Tests/DependencyInjection/TwigExtensionTest.php':[
311,
],
'project:Symfony/Component/Form/Extension/Core/DataTransformer/DateIntervalToArrayTransformer.php':[
99,
],
'project:Symfony/Component/Form/Extension/Core/DataTransformer/NumberToLocalizedStringTransformer.php':[
124,
],
'project:Symfony/Component/Form/Tests/Extension/Core/DataTransformer/DateIntervalToStringTransformerTest.php':[
25,
39,
],
'project:Symfony/Component/Form/Tests/Extension/Core/DataTransformer/DateTimeToStringTransformerTest.php':[
21,
],
'project:Symfony/Component/HttpFoundation/File/File.php':[
134,
],
'project:Symfony/Component/HttpFoundation/Session/Attribute/NamespacedAttributeBag.php':[
128,
],
'project:Symfony/Component/HttpFoundation/Tests/Session/Storage/Handler/MongoDbSessionHandlerTest.php':[
203,
],
'project:Symfony/Component/HttpKernel/Tests/CacheWarmer/CacheWarmerAggregateTest.php':[
73,
],
'project:Symfony/Component/HttpKernel/Tests/Fixtures/TestClient.php':[
27,
],
'project:Symfony/Component/HttpKernel/Tests/HttpCache/TestMultipleHttpKernel.php':[
67,
],
'project:Symfony/Component/Intl/Data/Generator/CurrencyDataGenerator.php':[
158,
177,
],
'project:Symfony/Component/Intl/DateFormatter/DateFormat/FullTransformer.php':[
91,
183,
243,
],
'project:Symfony/Component/Intl/Tests/DateFormatter/AbstractIntlDateFormatterTest.php':[
291,
],
'project:Symfony/Component/Lock/Tests/Store/RedisArrayStoreTest.php':[
34,
],
'project:Symfony/Component/PropertyAccess/Tests/PropertyAccessorTest.php':[
620,
],
'project:Symfony/Component/Routing/Generator/Dumper/PhpGeneratorDumper.php':[
97,
],
'project:Symfony/Component/Routing/RouteCollectionBuilder.php':[
337,
],
'project:Symfony/Component/Security/Http/Tests/RememberMe/TokenBasedRememberMeServicesTest.php':[
271,
],
'project:Symfony/Component/Serializer/Tests/Normalizer/DateIntervalNormalizerTest.php':[
25,
],
}
