{
'project:PHPMailer/src/PHPMailer.php':[
1111,
1183,
1681,
1902,
1936,
1972,
],
'project:PHP_CodeSniffer/src/Files/DummyFile.php':[
42,
],
'project:PHP_CodeSniffer/src/Files/File.php':[
367,
403,
1314,
1321,
],
'project:PHP_CodeSniffer/src/Filters/Filter.php':[
99,
],
'project:PHP_CodeSniffer/src/Runner.php':[
677,
],
'project:PHP_CodeSniffer/src/Sniffs/AbstractPatternSniff.php':[
137,
286,
645,
],
'project:PHP_CodeSniffer/src/Standards/Generic/Sniffs/Functions/FunctionCallArgumentSpacingSniff.php':[
158,
],
'project:PHP_CodeSniffer/src/Standards/Generic/Sniffs/Strings/UnnecessaryStringConcatSniff.php':[
94,
],
'project:PHP_CodeSniffer/src/Standards/Generic/Sniffs/WhiteSpace/DisallowTabIndentSniff.php':[
102,
],
'project:PHP_CodeSniffer/src/Standards/MySource/Sniffs/Objects/AssignThisSniff.php':[
55,
],
'project:PHP_CodeSniffer/src/Standards/PEAR/Sniffs/Commenting/FileCommentSniff.php':[
108,
],
'project:PHP_CodeSniffer/src/Standards/PEAR/Sniffs/ControlStructures/MultiLineConditionSniff.php':[
183,
],
'project:PHP_CodeSniffer/src/Standards/PEAR/Sniffs/Functions/FunctionCallSignatureSniff.php':[
141,
556,
],
'project:PHP_CodeSniffer/src/Standards/PEAR/Sniffs/Functions/FunctionDeclarationSniff.php':[
292,
318,
],
'project:PHP_CodeSniffer/src/Standards/PSR2/Sniffs/Classes/ClassDeclarationSniff.php':[
370,
],
'project:PHP_CodeSniffer/src/Standards/Squiz/Sniffs/CSS/ClassDefinitionOpeningBraceSpaceSniff.php':[
105,
],
'project:PHP_CodeSniffer/src/Standards/Squiz/Sniffs/Classes/ClassDeclarationSniff.php':[
69,
],
'project:PHP_CodeSniffer/src/Standards/Squiz/Sniffs/Classes/SelfMemberReferenceSniff.php':[
81,
],
'project:PHP_CodeSniffer/src/Standards/Squiz/Sniffs/Commenting/FileCommentSniff.php':[
166,
],
'project:PHP_CodeSniffer/src/Standards/Squiz/Sniffs/Commenting/FunctionCommentSniff.php':[
140,
418,
],
'project:PHP_CodeSniffer/src/Standards/Squiz/Sniffs/Formatting/OperatorBracketSniff.php':[
203,
211,
],
'project:PHP_CodeSniffer/src/Standards/Squiz/Sniffs/Functions/FunctionDeclarationArgumentSpacingSniff.php':[
173,
272,
],
'project:PHP_CodeSniffer/src/Standards/Squiz/Sniffs/Operators/ComparisonOperatorUsageSniff.php':[
116,
],
'project:PHP_CodeSniffer/src/Standards/Squiz/Sniffs/PHP/NonExecutableCodeSniff.php':[
182,
],
'project:PHP_CodeSniffer/src/Standards/Squiz/Sniffs/WhiteSpace/ControlStructureSpacingSniff.php':[
263,
],
'project:PHP_CodeSniffer/src/Standards/Squiz/Sniffs/WhiteSpace/FunctionSpacingSniff.php':[
263,
],
'project:PHP_CodeSniffer/src/Standards/Squiz/Sniffs/WhiteSpace/OperatorSpacingSniff.php':[
262,
279,
289,
],
'project:PHP_CodeSniffer/src/Tokenizers/JS.php':[
423,
684,
],
'project:PHP_CodeSniffer/src/Tokenizers/PHP.php':[
519,
],
'project:PHP_CodeSniffer/src/Tokenizers/Tokenizer.php':[
1309,
1527,
],
'project:PHP_CodeSniffer/tests/Standards/AbstractSniffUnitTest.php':[
84,
378,
],
'project:PhpSpreadsheet/samples/Reader/09_Simple_file_reader_using_a_read_filter.php':[
20,
],
'project:PhpSpreadsheet/samples/Reader/10_Simple_file_reader_using_a_configurable_read_filter.php':[
32,
],
'project:PhpSpreadsheet/src/PhpSpreadsheet/Calculation/Calculation.php':[
3938,
3995,
],
'project:PhpSpreadsheet/src/PhpSpreadsheet/Calculation/DateTime.php':[
1039,
1133,
1140,
1267,
],
'project:PhpSpreadsheet/src/PhpSpreadsheet/Calculation/FormulaParser.php':[
226,
227,
366,
613,
614,
],
'project:PhpSpreadsheet/src/PhpSpreadsheet/Calculation/MathTrig.php':[
224,
],
'project:PhpSpreadsheet/src/PhpSpreadsheet/Calculation/Statistical.php':[
697,
2053,
2140,
2216,
2303,
2414,
],
'project:PhpSpreadsheet/src/PhpSpreadsheet/Chart/Renderer/JpGraph.php':[
172,
],
'project:PhpSpreadsheet/src/PhpSpreadsheet/Helper/Sample.php':[
144,
],
'project:PhpSpreadsheet/src/PhpSpreadsheet/Reader/Gnumeric.php':[
344,
400,
],
'project:PhpSpreadsheet/src/PhpSpreadsheet/Reader/Ods.php':[
453,
702,
],
'project:PhpSpreadsheet/src/PhpSpreadsheet/Reader/Xls.php':[
3273,
3300,
],
'project:PhpSpreadsheet/src/PhpSpreadsheet/Reader/Xlsx.php':[
689,
712,
820,
830,
1499,
1883,
2571,
2586,
],
'project:PhpSpreadsheet/src/PhpSpreadsheet/Reader/Xml.php':[
464,
633,
783,
],
'project:PhpSpreadsheet/src/PhpSpreadsheet/ReferenceHelper.php':[
649,
674,
699,
725,
],
'project:PhpSpreadsheet/src/PhpSpreadsheet/Shared/File.php':[
115,
116,
117,
],
'project:PhpSpreadsheet/src/PhpSpreadsheet/Style/Alignment.php':[
392,
],
'project:PhpSpreadsheet/src/PhpSpreadsheet/Worksheet/AutoFilter.php':[
364,
],
'project:PhpSpreadsheet/src/PhpSpreadsheet/Worksheet/PageSetup.php':[
434,
489,
],
'project:PhpSpreadsheet/src/PhpSpreadsheet/Worksheet/Worksheet.php':[
859,
3015,
],
'project:PhpSpreadsheet/src/PhpSpreadsheet/Writer/Html.php':[
497,
1582,
],
'project:PhpSpreadsheet/src/PhpSpreadsheet/Writer/Ods.php':[
141,
],
'project:PhpSpreadsheet/src/PhpSpreadsheet/Writer/Xls/Worksheet.php':[
517,
],
'project:PhpSpreadsheet/src/PhpSpreadsheet/Writer/Xlsx.php':[
217,
],
'project:PhpSpreadsheet/src/PhpSpreadsheet/Writer/Xlsx/Chart.php':[
987,
1062,
1181,
1318,
1331,
1375,
],
'project:PhpSpreadsheet/src/PhpSpreadsheet/Writer/Xlsx/Style.php':[
229,
237,
488,
],
'project:Symfony/Bridge/Doctrine/Form/DoctrineOrmTypeGuesser.php':[
157,
],
'project:Symfony/Bridge/Twig/Form/TwigRendererEngine.php':[
109,
],
'project:Symfony/Bundle/FrameworkBundle/Console/Descriptor/TextDescriptor.php':[
201,
],
'project:Symfony/Bundle/FrameworkBundle/Console/Descriptor/XmlDescriptor.php':[
356,
],
'project:Symfony/Component/Filesystem/Filesystem.php':[
102,
391,
],
'project:Symfony/Component/Form/Extension/Templating/TemplatingRendererEngine.php':[
72,
],
'project:Symfony/Component/Form/Extension/Validator/Constraints/FormValidator.php':[
51,
],
'project:Symfony/Component/HttpFoundation/Response.php':[
1235,
],
'project:Symfony/Component/HttpKernel/EventListener/AbstractSessionListener.php':[
81,
],
'project:Symfony/Component/HttpKernel/EventListener/DebugHandlersListener.php':[
77,
],
'project:Symfony/Component/HttpKernel/EventListener/ProfilerListener.php':[
105,
],
'project:Symfony/Component/Process/PhpExecutableFinder.php':[
70,
],
'project:Symfony/Component/Routing/Generator/UrlGenerator.php':[
205,
],
'project:Symfony/Component/Routing/Matcher/TraceableUrlMatcher.php':[
108,
],
'project:Symfony/Component/Security/Http/Firewall/AbstractPreAuthenticatedListener.php':[
73,
],
'project:Symfony/Component/Security/Http/Firewall/BasicAuthenticationListener.php':[
66,
],
}
