{
'project:Symfony/Component/Finder/Tests/FinderTest.php':[
946,
],
'project:Symfony/Component/OptionsResolver/Tests/OptionsResolverTest.php':[
1713,
1808,
],
}
