{
'project:PhpSpreadsheet/src/PhpSpreadsheet/Reader/Xls/RC4.php':[
44,
],
'project:Symfony/Component/HttpKernel/Tests/HttpKernelTest.php':[
382,
],
}
