{
'project:PHPMailer/src/PHPMailer.php':[
1669,
4335,
],
'project:PHP_CodeSniffer/src/Files/File.php':[
417,
869,
1243,
],
'project:PHP_CodeSniffer/src/Fixer.php':[
122,
492,
604,
],
'project:PHP_CodeSniffer/src/Ruleset.php':[
239,
318,
503,
604,
948,
1207,
1218,
],
'project:PHP_CodeSniffer/src/Runner.php':[
78,
],
'project:PHP_CodeSniffer/src/Sniffs/AbstractScopeSniff.php':[
132,
],
'project:PHP_CodeSniffer/src/Standards/Generic/Sniffs/Debug/ESLintSniff.php':[
66,
],
'project:PHP_CodeSniffer/src/Standards/Generic/Sniffs/Files/LineEndingsSniff.php':[
99,
],
'project:PHP_CodeSniffer/src/Standards/Generic/Sniffs/Formatting/MultipleStatementAlignmentSniff.php':[
111,
341,
],
'project:PHP_CodeSniffer/src/Standards/Generic/Sniffs/Metrics/CyclomaticComplexitySniff.php':[
85,
],
'project:PHP_CodeSniffer/src/Standards/Generic/Sniffs/Metrics/NestingLevelSniff.php':[
68,
],
'project:PHP_CodeSniffer/src/Standards/Generic/Sniffs/PHP/ForbiddenFunctionsSniff.php':[
200,
],
'project:PHP_CodeSniffer/src/Standards/Generic/Sniffs/PHP/NoSilencedErrorsSniff.php':[
67,
],
'project:PHP_CodeSniffer/src/Standards/Generic/Sniffs/Strings/UnnecessaryStringConcatSniff.php':[
113,
],
'project:PHP_CodeSniffer/src/Standards/Generic/Sniffs/VersionControl/SubversionPropertiesSniff.php':[
58,
122,
],
'project:PHP_CodeSniffer/src/Standards/Generic/Sniffs/WhiteSpace/ScopeIndentSniff.php':[
129,
192,
],
'project:PHP_CodeSniffer/src/Standards/PEAR/Sniffs/Functions/FunctionCallSignatureSniff.php':[
216,
217,
],
'project:PHP_CodeSniffer/src/Standards/PEAR/Sniffs/WhiteSpace/ObjectOperatorIndentSniff.php':[
114,
],
'project:PHP_CodeSniffer/src/Standards/Squiz/Sniffs/CSS/ForbiddenStylesSniff.php':[
142,
],
'project:PHP_CodeSniffer/src/Standards/Squiz/Sniffs/CSS/IndentationSniff.php':[
131,
],
'project:PHP_CodeSniffer/src/Standards/Squiz/Sniffs/WhiteSpace/MemberVarSpacingSniff.php':[
126,
],
'project:PHP_CodeSniffer/src/Tokenizers/JS.php':[
809,
],
'project:PhpSpreadsheet/src/PhpSpreadsheet/Calculation/Calculation.php':[
2717,
],
'project:PhpSpreadsheet/src/PhpSpreadsheet/Reader/Csv.php':[
250,
],
'project:PhpSpreadsheet/src/PhpSpreadsheet/Reader/Xls.php':[
1784,
1981,
2647,
2969,
3607,
3696,
3733,
3778,
3870,
3914,
3987,
4139,
4202,
4239,
4283,
4535,
5261,
5535,
],
'project:PhpSpreadsheet/src/PhpSpreadsheet/Reader/Xls/Escher.php':[
329,
346,
370,
387,
],
'project:PhpSpreadsheet/src/PhpSpreadsheet/Shared/Escher/DgContainer/SpgrContainer/SpContainer.php':[
361,
],
'project:PhpSpreadsheet/src/PhpSpreadsheet/Shared/JAMA/EigenvalueDecomposition.php':[
379,
402,
],
'project:PhpSpreadsheet/src/PhpSpreadsheet/Shared/JAMA/Matrix.php':[
179,
184,
456,
],
'project:PhpSpreadsheet/src/PhpSpreadsheet/Shared/OLE/ChainedBlockStream.php':[
76,
],
'project:PhpSpreadsheet/src/PhpSpreadsheet/Shared/OLERead.php':[
249,
],
'project:PhpSpreadsheet/src/PhpSpreadsheet/Worksheet/AutoFilter.php':[
600,
],
'project:PhpSpreadsheet/src/PhpSpreadsheet/Worksheet/ColumnIterator.php':[
73,
],
'project:PhpSpreadsheet/src/PhpSpreadsheet/Writer/Html.php':[
868,
1101,
1167,
],
'project:PhpSpreadsheet/src/PhpSpreadsheet/Writer/Xls/BIFFwriter.php':[
201,
],
'project:PhpSpreadsheet/src/PhpSpreadsheet/Writer/Xls/Escher.php':[
168,
294,
295,
],
'project:PhpSpreadsheet/src/PhpSpreadsheet/Writer/Xls/Worksheet.php':[
282,
],
'project:Symfony/Bridge/Doctrine/ContainerAwareEventManager.php':[
54,
],
'project:Symfony/Bridge/Doctrine/DependencyInjection/CompilerPass/RegisterEventListenersAndSubscribersPass.php':[
69,
92,
],
'project:Symfony/Bridge/Doctrine/Security/User/EntityUserProvider.php':[
72,
123,
],
'project:Symfony/Bridge/Doctrine/Tests/Validator/Constraints/UniqueEntityValidatorTest.php':[
81,
92,
102,
366,
394,
430,
552,
635,
],
'project:Symfony/Bridge/Monolog/Handler/ConsoleHandler.php':[
113,
],
'project:Symfony/Bridge/Monolog/Handler/ServerLogHandler.php':[
92,
],
'project:Symfony/Bridge/PhpUnit/Legacy/SymfonyTestsListenerTrait.php':[
275,
],
'project:Symfony/Bridge/ProxyManager/Tests/LazyProxy/Instantiator/RuntimeInstantiatorTest.php':[
43,
],
'project:Symfony/Bridge/Twig/AppVariable.php':[
61,
77,
],
'project:Symfony/Bundle/FrameworkBundle/CacheWarmer/TemplateFinder.php':[
55,
75,
100,
],
'project:Symfony/Bundle/SecurityBundle/Command/UserPasswordEncoderCommand.php':[
202,
],
'project:Symfony/Bundle/SecurityBundle/DependencyInjection/Security/Factory/AbstractFactory.php':[
172,
191,
],
'project:Symfony/Bundle/TwigBundle/CacheWarmer/TemplateCacheCacheWarmer.php':[
119,
],
'project:Symfony/Bundle/TwigBundle/TemplateIterator.php':[
92,
],
'project:Symfony/Bundle/WebProfilerBundle/Controller/RouterController.php':[
94,
],
'project:Symfony/Bundle/WebProfilerBundle/Profiler/TemplateManager.php':[
54,
72,
],
'project:Symfony/Bundle/WebServerBundle/Command/ServerRunCommand.php':[
97,
],
'project:Symfony/Bundle/WebServerBundle/Command/ServerStartCommand.php':[
110,
],
'project:Symfony/Bundle/WebServerBundle/WebServerConfig.php':[
138,
],
'project:Symfony/Component/Form/ChoiceList/ArrayChoiceList.php':[
135,
],
'project:Symfony/Component/Form/Console/Descriptor/Descriptor.php':[
84,
],
'project:Symfony/Component/Form/Extension/Core/DataTransformer/DateTimeToLocalizedStringTransformer.php':[
163,
164,
170,
171,
197,
],
'project:Symfony/Component/Form/Extension/Core/DataTransformer/PercentToLocalizedStringTransformer.php':[
133,
],
'project:Symfony/Component/Form/Extension/Core/Type/DateIntervalType.php':[
179,
],
'project:Symfony/Component/Form/Extension/Csrf/EventListener/CsrfValidationListener.php':[
71,
],
'project:Symfony/Component/Form/Extension/Validator/Type/UploadValidatorExtension.php':[
47,
48,
],
'project:Symfony/Component/Form/Form.php':[
223,
537,
538,
539,
763,
835,
],
'project:Symfony/Component/Form/FormErrorIterator.php':[
265,
],
'project:Symfony/Component/Form/FormFactoryBuilder.php':[
151,
],
'project:Symfony/Component/Form/FormRegistry.php':[
116,
167,
],
'project:Symfony/Component/Form/Tests/AbstractFormTest.php':[
75,
],
'project:Symfony/Component/Form/Tests/ChoiceList/AbstractChoiceListTest.php':[
157,
163,
169,
175,
187,
193,
199,
205,
216,
],
'project:Symfony/Component/Form/Tests/ChoiceList/ArrayChoiceListTest.php':[
84,
],
'project:Symfony/Component/Form/Tests/ChoiceList/Factory/DefaultChoiceListFactoryTest.php':[
101,
109,
118,
127,
137,
147,
159,
171,
184,
199,
209,
267,
268,
425,
480,
481,
],
'project:Symfony/Component/Form/Tests/Extension/Core/DataTransformer/BooleanToStringTransformerTest.php':[
90,
],
'project:Symfony/Component/Form/Tests/Extension/Core/DataTransformer/DateTimeToLocalizedStringTransformerTest.php':[
140,
153,
176,
243,
253,
],
'project:Symfony/Component/Form/Tests/Extension/Core/Type/ChoiceTypeTest.php':[
1711,
1727,
],
'project:Symfony/Component/Form/Tests/Extension/Core/Type/RepeatedTypeTest.php':[
44,
57,
72,
116,
127,
138,
151,
],
'project:Symfony/Component/Form/Tests/Extension/DataCollector/FormDataCollectorTest.php':[
700,
],
'project:Symfony/Component/Form/Tests/Extension/Validator/EventListener/ValidationListenerTest.php':[
165,
167,
],
'project:Symfony/Component/Form/Tests/FormBuilderTest.php':[
67,
73,
194,
211,
218,
235,
],
'project:Symfony/Component/Form/Tests/FormFactoryBuilderTest.php':[
40,
54,
],
'project:Symfony/Component/Form/Tests/FormFactoryTest.php':[
239,
240,
275,
294,
317,
352,
385,
420,
453,
],
'project:Symfony/Component/Form/Tests/FormRegistryTest.php':[
237,
],
'project:Symfony/Component/Form/Tests/ResolvedFormTypeTest.php':[
145,
173,
333,
343,
],
'project:Symfony/Component/HttpFoundation/BinaryFileResponse.php':[
296,
],
'project:Symfony/Component/HttpFoundation/File/UploadedFile.php':[
210,
],
'project:Symfony/Component/HttpFoundation/HeaderBag.php':[
41,
113,
],
'project:Symfony/Component/HttpFoundation/Request.php':[
503,
509,
550,
709,
1064,
1225,
1612,
1708,
1747,
1770,
1813,
1820,
1839,
1851,
1855,
],
'project:Symfony/Component/HttpFoundation/Response.php':[
264,
280,
],
'project:Symfony/Component/HttpFoundation/Session/Storage/Handler/AbstractSessionHandler.php':[
83,
84,
],
'project:Symfony/Component/HttpFoundation/Session/Storage/Handler/PdoSessionHandler.php':[
479,
489,
],
'project:Symfony/Component/HttpFoundation/Session/Storage/MockArraySessionStorage.php':[
241,
],
'project:Symfony/Component/HttpFoundation/Session/Storage/NativeSessionStorage.php':[
441,
],
'project:Symfony/Component/HttpFoundation/Tests/File/FileTest.php':[
24,
34,
41,
54,
81,
101,
135,
156,
],
'project:Symfony/Component/HttpFoundation/Tests/File/MimeType/MimeTypeTest.php':[
70,
],
'project:Symfony/Component/HttpFoundation/Tests/Session/Attribute/AttributeBagTest.php':[
60,
63,
118,
125,
],
'project:Symfony/Component/HttpFoundation/Tests/Session/Attribute/NamespacedAttributeBagTest.php':[
60,
63,
135,
142,
],
'project:Symfony/Component/HttpFoundation/Tests/Session/Flash/AutoExpireFlashBagTest.php':[
47,
48,
101,
],
'project:Symfony/Component/HttpFoundation/Tests/Session/Flash/FlashBagTest.php':[
47,
50,
],
'project:Symfony/Component/HttpFoundation/Tests/Session/Storage/MetadataBagTest.php':[
84,
85,
110,
126,
],
'project:Symfony/Component/HttpFoundation/Tests/Session/Storage/MockArraySessionStorageTest.php':[
117,
],
'project:Symfony/Component/HttpFoundation/Tests/Session/Storage/MockFileSessionStorageTest.php':[
89,
121,
],
'project:Symfony/Component/HttpFoundation/Tests/Session/Storage/Proxy/SessionHandlerProxyTest.php':[
130,
134,
145,
149,
],
'project:Symfony/Component/HttpKernel/Bundle/Bundle.php':[
69,
],
'project:Symfony/Component/HttpKernel/Client.php':[
84,
],
'project:Symfony/Component/HttpKernel/DataCollector/DumpDataCollector.php':[
112,
155,
156,
171,
214,
],
'project:Symfony/Component/HttpKernel/DependencyInjection/RemoveEmptyControllerArgumentLocatorsPass.php':[
33,
],
'project:Symfony/Component/HttpKernel/EventListener/DebugHandlersListener.php':[
81,
],
'project:Symfony/Component/HttpKernel/EventListener/DumpListener.php':[
41,
42,
43,
],
'project:Symfony/Component/HttpKernel/EventListener/ProfilerListener.php':[
84,
],
'project:Symfony/Component/HttpKernel/EventListener/SurrogateListener.php':[
44,
],
'project:Symfony/Component/HttpKernel/Kernel.php':[
342,
421,
528,
584,
635,
685,
],
'project:Symfony/Component/HttpKernel/Tests/Controller/ArgumentResolverTest.php':[
185,
],
'project:Symfony/Component/HttpKernel/Tests/EventListener/RouterListenerTest.php':[
165,
187,
],
'project:Symfony/Component/HttpKernel/Tests/HttpCache/StoreTest.php':[
68,
103,
111,
138,
146,
154,
241,
],
'project:Symfony/Component/HttpKernel/Tests/HttpCache/SubRequestHandlerTest.php':[
37,
86,
108,
148,
],
'project:Symfony/Component/HttpKernel/Tests/HttpCache/TestHttpKernel.php':[
86,
],
'project:Symfony/Component/Intl/DateFormatter/DateFormat/FullTransformer.php':[
192,
295,
],
'project:Symfony/Component/Intl/Tests/Data/Provider/AbstractCurrencyDataProviderTest.php':[
686,
],
'project:Symfony/Component/Intl/Tests/Data/Provider/AbstractLanguageDataProviderTest.php':[
858,
],
'project:Symfony/Component/Intl/Tests/Data/Provider/AbstractScriptDataProviderTest.php':[
289,
],
'project:Symfony/Component/Ldap/Adapter/ExtLdap/Collection.php':[
57,
],
'project:Symfony/Component/Ldap/Tests/LdapTest.php':[
75,
],
'project:Symfony/Component/Lock/Store/PdoStore.php':[
253,
254,
258,
],
'project:Symfony/Component/Lock/Tests/Store/CombinedStoreTest.php':[
269,
270,
272,
],
'project:Symfony/Component/Messenger/Command/DebugCommand.php':[
70,
],
'project:Symfony/Component/Messenger/Tests/Fixtures/CallbackReceiver.php':[
18,
],
'project:Symfony/Component/Messenger/Transport/Enhancers/StopWhenMemoryUsageIsExceededReceiver.php':[
43,
],
'project:Symfony/Component/Messenger/Transport/Serialization/Serializer.php':[
68,
84,
],
'project:Symfony/Component/Process/ExecutableFinder.php':[
73,
],
'project:Symfony/Component/Process/InputStream.php':[
87,
],
'project:Symfony/Component/Process/Pipes/AbstractPipes.php':[
62,
98,
],
'project:Symfony/Component/Process/Process.php':[
294,
380,
748,
1419,
1630,
],
'project:Symfony/Component/Process/Tests/ProcessTest.php':[
74,
197,
284,
304,
321,
354,
474,
486,
501,
518,
525,
535,
545,
553,
562,
568,
579,
589,
596,
606,
617,
624,
643,
652,
659,
671,
682,
693,
704,
725,
756,
776,
793,
799,
810,
832,
849,
875,
893,
901,
907,
917,
934,
954,
963,
993,
1025,
1086,
1097,
1104,
1134,
1143,
1152,
1198,
1227,
1236,
1270,
1288,
1302,
1319,
1355,
1404,
1418,
1434,
1515,
],
'project:Symfony/Component/PropertyAccess/Tests/PropertyAccessorTest.php':[
159,
577,
601,
612,
],
'project:Symfony/Component/PropertyAccess/Tests/PropertyPathBuilderTest.php':[
37,
247,
258,
],
'project:Symfony/Component/Routing/Matcher/TraceableUrlMatcher.php':[
47,
],
'project:Symfony/Component/Routing/RouteCollectionBuilder.php':[
330,
368,
],
'project:Symfony/Component/Routing/Router.php':[
256,
296,
330,
],
'project:Symfony/Component/Routing/Tests/Loader/AnnotationClassLoaderTest.php':[
211,
],
'project:Symfony/Component/Security/Core/Authentication/Token/AbstractToken.php':[
226,
],
'project:Symfony/Component/Security/Guard/Tests/GuardAuthenticatorHandlerTest.php':[
88,
],
'project:Symfony/Component/Security/Http/Tests/Authentication/DefaultAuthenticationFailureHandlerTest.php':[
185,
],
'project:Symfony/Component/Serializer/Encoder/CsvEncoder.php':[
205,
206,
207,
208,
210,
],
'project:Symfony/Component/Serializer/Encoder/JsonDecode.php':[
71,
72,
],
'project:Symfony/Component/Serializer/Encoder/XmlEncoder.php':[
98,
],
'project:Symfony/Component/Serializer/Mapping/Loader/XmlFileLoader.php':[
130,
],
'project:Symfony/Component/Serializer/Mapping/Loader/YamlFileLoader.php':[
141,
],
'project:Symfony/Component/Serializer/Normalizer/ArrayDenormalizer.php':[
51,
],
'project:Symfony/Component/Serializer/Normalizer/DateTimeNormalizer.php':[
55,
80,
],
'project:Symfony/Component/Serializer/Tests/Encoder/ChainEncoderTest.php':[
94,
],
'project:Symfony/Component/Serializer/Tests/Encoder/XmlEncoderTest.php':[
778,
787,
805,
],
'project:Symfony/Component/Serializer/Tests/Mapping/Loader/YamlFileLoaderTest.php':[
56,
65,
],
'project:Symfony/Component/Serializer/Tests/Normalizer/AbstractNormalizerTest.php':[
43,
72,
108,
116,
129,
],
'project:Symfony/Component/Serializer/Tests/Normalizer/AbstractObjectNormalizerTest.php':[
324,
],
'project:Symfony/Component/Serializer/Tests/Normalizer/DateTimeNormalizerTest.php':[
57,
109,
],
'project:Symfony/Component/Serializer/Tests/Normalizer/GetSetMethodNormalizerTest.php':[
392,
407,
418,
433,
515,
],
'project:Symfony/Component/Serializer/Tests/Normalizer/ObjectNormalizerTest.php':[
176,
177,
195,
196,
219,
220,
236,
247,
520,
535,
546,
561,
625,
701,
702,
720,
721,
733,
734,
746,
747,
755,
756,
764,
775,
786,
787,
821,
822,
843,
844,
862,
903,
],
'project:Symfony/Component/Serializer/Tests/Normalizer/PropertyNormalizerTest.php':[
327,
338,
353,
387,
411,
],
'project:Symfony/Component/Yaml/Parser.php':[
438,
672,
],
'project:Symfony/Component/Yaml/Tests/DumperTest.php':[
57,
],
'project:Symfony/Component/Yaml/Tests/ParserTest.php':[
1798,
],
}
