{
'project:PHP_CodeSniffer/src/Config.php':[
330,
],
'project:PhpSpreadsheet/samples/Chart/32_Chart_read_write.php':[
13,
],
'project:PhpSpreadsheet/samples/Chart/32_Chart_read_write_HTML.php':[
17,
],
'project:PhpSpreadsheet/samples/Chart/32_Chart_read_write_PDF.php':[
19,
],
'project:PhpSpreadsheet/samples/Chart/35_Chart_render.php':[
17,
],
'project:PhpSpreadsheet/tests/PhpSpreadsheetTests/Helper/SampleTest.php':[
46,
47,
],
'project:Symfony/Bridge/PhpUnit/Tests/CoverageListenerTest.php':[
28,
],
'project:Symfony/Component/Intl/Resources/bin/update-data.php':[
34,
34,
36,
67,
92,
],
'project:Symfony/Component/Process/Tests/NonStopableProcess.php':[
41,
41,
],
}
