{
'project:PHPMailer/get_oauth_token.php':[
0,
],
'project:PHPMailer/language/phpmailer.lang-am.php':[
0,
],
'project:PHPMailer/language/phpmailer.lang-ar.php':[
0,
],
'project:PHPMailer/language/phpmailer.lang-az.php':[
0,
],
'project:PHPMailer/language/phpmailer.lang-ba.php':[
0,
],
'project:PHPMailer/language/phpmailer.lang-be.php':[
0,
],
'project:PHPMailer/language/phpmailer.lang-bg.php':[
0,
],
'project:PHPMailer/language/phpmailer.lang-ca.php':[
0,
],
'project:PHPMailer/language/phpmailer.lang-ch.php':[
0,
],
'project:PHPMailer/language/phpmailer.lang-cs.php':[
0,
],
'project:PHPMailer/language/phpmailer.lang-da.php':[
0,
],
'project:PHPMailer/language/phpmailer.lang-de.php':[
0,
],
'project:PHPMailer/language/phpmailer.lang-el.php':[
0,
],
'project:PHPMailer/language/phpmailer.lang-eo.php':[
0,
],
'project:PHPMailer/language/phpmailer.lang-es.php':[
0,
],
'project:PHPMailer/language/phpmailer.lang-et.php':[
0,
],
'project:PHPMailer/language/phpmailer.lang-fa.php':[
0,
],
'project:PHPMailer/language/phpmailer.lang-fi.php':[
0,
],
'project:PHPMailer/language/phpmailer.lang-fo.php':[
0,
],
'project:PHPMailer/language/phpmailer.lang-fr.php':[
0,
],
'project:PHPMailer/language/phpmailer.lang-gl.php':[
0,
],
'project:PHPMailer/language/phpmailer.lang-he.php':[
0,
],
'project:PHPMailer/language/phpmailer.lang-hi.php':[
0,
],
'project:PHPMailer/language/phpmailer.lang-hr.php':[
0,
],
'project:PHPMailer/language/phpmailer.lang-hu.php':[
0,
],
'project:PHPMailer/language/phpmailer.lang-id.php':[
0,
],
'project:PHPMailer/language/phpmailer.lang-it.php':[
0,
],
'project:PHPMailer/language/phpmailer.lang-ja.php':[
0,
],
'project:PHPMailer/language/phpmailer.lang-ka.php':[
0,
],
'project:PHPMailer/language/phpmailer.lang-ko.php':[
0,
],
'project:PHPMailer/language/phpmailer.lang-lt.php':[
0,
],
'project:PHPMailer/language/phpmailer.lang-lv.php':[
0,
],
'project:PHPMailer/language/phpmailer.lang-mg.php':[
0,
],
'project:PHPMailer/language/phpmailer.lang-ms.php':[
0,
],
'project:PHPMailer/language/phpmailer.lang-nb.php':[
0,
],
'project:PHPMailer/language/phpmailer.lang-nl.php':[
0,
],
'project:PHPMailer/language/phpmailer.lang-pl.php':[
0,
],
'project:PHPMailer/language/phpmailer.lang-pt.php':[
0,
],
'project:PHPMailer/language/phpmailer.lang-pt_br.php':[
0,
],
'project:PHPMailer/language/phpmailer.lang-ro.php':[
0,
],
'project:PHPMailer/language/phpmailer.lang-rs.php':[
0,
],
'project:PHPMailer/language/phpmailer.lang-ru.php':[
0,
],
'project:PHPMailer/language/phpmailer.lang-sk.php':[
0,
],
'project:PHPMailer/language/phpmailer.lang-sl.php':[
0,
],
'project:PHPMailer/language/phpmailer.lang-sv.php':[
0,
],
'project:PHPMailer/language/phpmailer.lang-tl.php':[
0,
],
'project:PHPMailer/language/phpmailer.lang-tr.php':[
0,
],
'project:PHPMailer/language/phpmailer.lang-uk.php':[
0,
],
'project:PHPMailer/language/phpmailer.lang-vi.php':[
0,
],
'project:PHPMailer/language/phpmailer.lang-zh.php':[
0,
],
'project:PHPMailer/language/phpmailer.lang-zh_cn.php':[
0,
],
'project:PHPMailer/src/Exception.php':[
0,
],
'project:PHPMailer/src/OAuth.php':[
0,
],
'project:PHPMailer/src/PHPMailer.php':[
0,
],
'project:PHPMailer/src/POP3.php':[
0,
],
'project:PHPMailer/src/SMTP.php':[
0,
],
'project:PHPMailer/test/DebugLogTestListener.php':[
0,
],
'project:PHPMailer/test/bootstrap.php':[
0,
],
'project:PHPMailer/test/phpmailerLangTest.php':[
0,
],
'project:PHPMailer/test/phpmailerTest.php':[
0,
],
'project:PHP_CodeSniffer/autoload.php':[
0,
],
'project:PHP_CodeSniffer/scripts/build-phar.php':[
0,
],
'project:PHP_CodeSniffer/src/Config.php':[
0,
],
'project:PHP_CodeSniffer/src/Exceptions/DeepExitException.php':[
0,
],
'project:PHP_CodeSniffer/src/Exceptions/RuntimeException.php':[
0,
],
'project:PHP_CodeSniffer/src/Exceptions/TokenizerException.php':[
0,
],
'project:PHP_CodeSniffer/src/Files/DummyFile.php':[
0,
],
'project:PHP_CodeSniffer/src/Files/File.php':[
0,
],
'project:PHP_CodeSniffer/src/Files/FileList.php':[
0,
],
'project:PHP_CodeSniffer/src/Files/LocalFile.php':[
0,
],
'project:PHP_CodeSniffer/src/Filters/ExactMatch.php':[
0,
],
'project:PHP_CodeSniffer/src/Filters/Filter.php':[
0,
],
'project:PHP_CodeSniffer/src/Filters/GitModified.php':[
0,
],
'project:PHP_CodeSniffer/src/Fixer.php':[
0,
],
'project:PHP_CodeSniffer/src/Generators/Generator.php':[
0,
],
'project:PHP_CodeSniffer/src/Generators/HTML.php':[
0,
],
'project:PHP_CodeSniffer/src/Generators/Markdown.php':[
0,
],
'project:PHP_CodeSniffer/src/Generators/Text.php':[
0,
],
'project:PHP_CodeSniffer/src/Reporter.php':[
0,
],
'project:PHP_CodeSniffer/src/Reports/Cbf.php':[
0,
],
'project:PHP_CodeSniffer/src/Reports/Checkstyle.php':[
0,
],
'project:PHP_CodeSniffer/src/Reports/Code.php':[
0,
],
'project:PHP_CodeSniffer/src/Reports/Csv.php':[
0,
],
'project:PHP_CodeSniffer/src/Reports/Diff.php':[
0,
],
'project:PHP_CodeSniffer/src/Reports/Emacs.php':[
0,
],
'project:PHP_CodeSniffer/src/Reports/Full.php':[
0,
],
'project:PHP_CodeSniffer/src/Reports/Gitblame.php':[
0,
],
'project:PHP_CodeSniffer/src/Reports/Hgblame.php':[
0,
],
'project:PHP_CodeSniffer/src/Reports/Info.php':[
0,
],
'project:PHP_CodeSniffer/src/Reports/Json.php':[
0,
],
'project:PHP_CodeSniffer/src/Reports/Junit.php':[
0,
],
'project:PHP_CodeSniffer/src/Reports/Notifysend.php':[
0,
],
'project:PHP_CodeSniffer/src/Reports/Report.php':[
0,
],
'project:PHP_CodeSniffer/src/Reports/Source.php':[
0,
],
'project:PHP_CodeSniffer/src/Reports/Summary.php':[
0,
],
'project:PHP_CodeSniffer/src/Reports/Svnblame.php':[
0,
],
'project:PHP_CodeSniffer/src/Reports/VersionControl.php':[
0,
],
'project:PHP_CodeSniffer/src/Reports/Xml.php':[
0,
],
'project:PHP_CodeSniffer/src/Ruleset.php':[
0,
],
'project:PHP_CodeSniffer/src/Runner.php':[
0,
],
'project:PHP_CodeSniffer/src/Sniffs/AbstractArraySniff.php':[
0,
],
'project:PHP_CodeSniffer/src/Sniffs/AbstractPatternSniff.php':[
0,
],
'project:PHP_CodeSniffer/src/Sniffs/AbstractScopeSniff.php':[
0,
],
'project:PHP_CodeSniffer/src/Sniffs/AbstractVariableSniff.php':[
0,
],
'project:PHP_CodeSniffer/src/Sniffs/Sniff.php':[
0,
],
'project:PHP_CodeSniffer/src/Standards/Generic/Sniffs/Arrays/ArrayIndentSniff.php':[
0,
],
'project:PHP_CodeSniffer/src/Standards/Generic/Sniffs/Arrays/DisallowLongArraySyntaxSniff.php':[
0,
],
'project:PHP_CodeSniffer/src/Standards/Generic/Sniffs/Arrays/DisallowShortArraySyntaxSniff.php':[
0,
],
'project:PHP_CodeSniffer/src/Standards/Generic/Sniffs/Classes/DuplicateClassNameSniff.php':[
0,
],
'project:PHP_CodeSniffer/src/Standards/Generic/Sniffs/Classes/OpeningBraceSameLineSniff.php':[
0,
],
'project:PHP_CodeSniffer/src/Standards/Generic/Sniffs/CodeAnalysis/AssignmentInConditionSniff.php':[
0,
],
'project:PHP_CodeSniffer/src/Standards/Generic/Sniffs/CodeAnalysis/EmptyStatementSniff.php':[
0,
],
'project:PHP_CodeSniffer/src/Standards/Generic/Sniffs/CodeAnalysis/ForLoopShouldBeWhileLoopSniff.php':[
0,
],
'project:PHP_CodeSniffer/src/Standards/Generic/Sniffs/CodeAnalysis/ForLoopWithTestFunctionCallSniff.php':[
0,
],
'project:PHP_CodeSniffer/src/Standards/Generic/Sniffs/CodeAnalysis/JumbledIncrementerSniff.php':[
0,
],
'project:PHP_CodeSniffer/src/Standards/Generic/Sniffs/CodeAnalysis/UnconditionalIfStatementSniff.php':[
0,
],
'project:PHP_CodeSniffer/src/Standards/Generic/Sniffs/CodeAnalysis/UnnecessaryFinalModifierSniff.php':[
0,
],
'project:PHP_CodeSniffer/src/Standards/Generic/Sniffs/CodeAnalysis/UnusedFunctionParameterSniff.php':[
0,
],
'project:PHP_CodeSniffer/src/Standards/Generic/Sniffs/CodeAnalysis/UselessOverridingMethodSniff.php':[
0,
],
'project:PHP_CodeSniffer/src/Standards/Generic/Sniffs/Commenting/DocCommentSniff.php':[
0,
],
'project:PHP_CodeSniffer/src/Standards/Generic/Sniffs/Commenting/FixmeSniff.php':[
0,
],
'project:PHP_CodeSniffer/src/Standards/Generic/Sniffs/Commenting/TodoSniff.php':[
0,
],
'project:PHP_CodeSniffer/src/Standards/Generic/Sniffs/ControlStructures/InlineControlStructureSniff.php':[
0,
],
'project:PHP_CodeSniffer/src/Standards/Generic/Sniffs/Debug/CSSLintSniff.php':[
0,
],
'project:PHP_CodeSniffer/src/Standards/Generic/Sniffs/Debug/ClosureLinterSniff.php':[
0,
],
'project:PHP_CodeSniffer/src/Standards/Generic/Sniffs/Debug/ESLintSniff.php':[
0,
],
'project:PHP_CodeSniffer/src/Standards/Generic/Sniffs/Debug/JSHintSniff.php':[
0,
],
'project:PHP_CodeSniffer/src/Standards/Generic/Sniffs/Files/ByteOrderMarkSniff.php':[
0,
],
'project:PHP_CodeSniffer/src/Standards/Generic/Sniffs/Files/EndFileNewlineSniff.php':[
0,
],
'project:PHP_CodeSniffer/src/Standards/Generic/Sniffs/Files/EndFileNoNewlineSniff.php':[
0,
],
'project:PHP_CodeSniffer/src/Standards/Generic/Sniffs/Files/InlineHTMLSniff.php':[
0,
],
'project:PHP_CodeSniffer/src/Standards/Generic/Sniffs/Files/LineEndingsSniff.php':[
0,
],
'project:PHP_CodeSniffer/src/Standards/Generic/Sniffs/Files/LineLengthSniff.php':[
0,
],
'project:PHP_CodeSniffer/src/Standards/Generic/Sniffs/Files/LowercasedFilenameSniff.php':[
0,
],
'project:PHP_CodeSniffer/src/Standards/Generic/Sniffs/Files/OneClassPerFileSniff.php':[
0,
],
'project:PHP_CodeSniffer/src/Standards/Generic/Sniffs/Files/OneInterfacePerFileSniff.php':[
0,
],
'project:PHP_CodeSniffer/src/Standards/Generic/Sniffs/Files/OneObjectStructurePerFileSniff.php':[
0,
],
'project:PHP_CodeSniffer/src/Standards/Generic/Sniffs/Files/OneTraitPerFileSniff.php':[
0,
],
'project:PHP_CodeSniffer/src/Standards/Generic/Sniffs/Formatting/DisallowMultipleStatementsSniff.php':[
0,
],
'project:PHP_CodeSniffer/src/Standards/Generic/Sniffs/Formatting/MultipleStatementAlignmentSniff.php':[
0,
],
'project:PHP_CodeSniffer/src/Standards/Generic/Sniffs/Formatting/NoSpaceAfterCastSniff.php':[
0,
],
'project:PHP_CodeSniffer/src/Standards/Generic/Sniffs/Formatting/SpaceAfterCastSniff.php':[
0,
],
'project:PHP_CodeSniffer/src/Standards/Generic/Sniffs/Formatting/SpaceAfterNotSniff.php':[
0,
],
'project:PHP_CodeSniffer/src/Standards/Generic/Sniffs/Functions/CallTimePassByReferenceSniff.php':[
0,
],
'project:PHP_CodeSniffer/src/Standards/Generic/Sniffs/Functions/FunctionCallArgumentSpacingSniff.php':[
0,
],
'project:PHP_CodeSniffer/src/Standards/Generic/Sniffs/Functions/OpeningFunctionBraceBsdAllmanSniff.php':[
0,
],
'project:PHP_CodeSniffer/src/Standards/Generic/Sniffs/Functions/OpeningFunctionBraceKernighanRitchieSniff.php':[
0,
],
'project:PHP_CodeSniffer/src/Standards/Generic/Sniffs/Metrics/CyclomaticComplexitySniff.php':[
0,
],
'project:PHP_CodeSniffer/src/Standards/Generic/Sniffs/Metrics/NestingLevelSniff.php':[
0,
],
'project:PHP_CodeSniffer/src/Standards/Generic/Sniffs/NamingConventions/CamelCapsFunctionNameSniff.php':[
0,
],
'project:PHP_CodeSniffer/src/Standards/Generic/Sniffs/NamingConventions/ConstructorNameSniff.php':[
0,
],
'project:PHP_CodeSniffer/src/Standards/Generic/Sniffs/NamingConventions/UpperCaseConstantNameSniff.php':[
0,
],
'project:PHP_CodeSniffer/src/Standards/Generic/Sniffs/PHP/BacktickOperatorSniff.php':[
0,
],
'project:PHP_CodeSniffer/src/Standards/Generic/Sniffs/PHP/CharacterBeforePHPOpeningTagSniff.php':[
0,
],
'project:PHP_CodeSniffer/src/Standards/Generic/Sniffs/PHP/ClosingPHPTagSniff.php':[
0,
],
'project:PHP_CodeSniffer/src/Standards/Generic/Sniffs/PHP/DeprecatedFunctionsSniff.php':[
0,
],
'project:PHP_CodeSniffer/src/Standards/Generic/Sniffs/PHP/DisallowAlternativePHPTagsSniff.php':[
0,
],
'project:PHP_CodeSniffer/src/Standards/Generic/Sniffs/PHP/DisallowShortOpenTagSniff.php':[
0,
],
'project:PHP_CodeSniffer/src/Standards/Generic/Sniffs/PHP/DiscourageGotoSniff.php':[
0,
],
'project:PHP_CodeSniffer/src/Standards/Generic/Sniffs/PHP/ForbiddenFunctionsSniff.php':[
0,
],
'project:PHP_CodeSniffer/src/Standards/Generic/Sniffs/PHP/LowerCaseConstantSniff.php':[
0,
],
'project:PHP_CodeSniffer/src/Standards/Generic/Sniffs/PHP/LowerCaseKeywordSniff.php':[
0,
],
'project:PHP_CodeSniffer/src/Standards/Generic/Sniffs/PHP/LowerCaseTypeSniff.php':[
0,
],
'project:PHP_CodeSniffer/src/Standards/Generic/Sniffs/PHP/NoSilencedErrorsSniff.php':[
0,
],
'project:PHP_CodeSniffer/src/Standards/Generic/Sniffs/PHP/SAPIUsageSniff.php':[
0,
],
'project:PHP_CodeSniffer/src/Standards/Generic/Sniffs/PHP/SyntaxSniff.php':[
0,
],
'project:PHP_CodeSniffer/src/Standards/Generic/Sniffs/PHP/UpperCaseConstantSniff.php':[
0,
],
'project:PHP_CodeSniffer/src/Standards/Generic/Sniffs/Strings/UnnecessaryStringConcatSniff.php':[
0,
],
'project:PHP_CodeSniffer/src/Standards/Generic/Sniffs/VersionControl/GitMergeConflictSniff.php':[
0,
],
'project:PHP_CodeSniffer/src/Standards/Generic/Sniffs/VersionControl/SubversionPropertiesSniff.php':[
0,
],
'project:PHP_CodeSniffer/src/Standards/Generic/Sniffs/WhiteSpace/ArbitraryParenthesesSpacingSniff.php':[
0,
],
'project:PHP_CodeSniffer/src/Standards/Generic/Sniffs/WhiteSpace/DisallowSpaceIndentSniff.php':[
0,
],
'project:PHP_CodeSniffer/src/Standards/Generic/Sniffs/WhiteSpace/DisallowTabIndentSniff.php':[
0,
],
'project:PHP_CodeSniffer/src/Standards/Generic/Sniffs/WhiteSpace/LanguageConstructSpacingSniff.php':[
0,
],
'project:PHP_CodeSniffer/src/Standards/Generic/Sniffs/WhiteSpace/ScopeIndentSniff.php':[
0,
],
'project:PHP_CodeSniffer/src/Standards/MySource/Sniffs/CSS/BrowserSpecificStylesSniff.php':[
0,
],
'project:PHP_CodeSniffer/src/Standards/MySource/Sniffs/Channels/DisallowSelfActionsSniff.php':[
0,
],
'project:PHP_CodeSniffer/src/Standards/MySource/Sniffs/Channels/IncludeOwnSystemSniff.php':[
0,
],
'project:PHP_CodeSniffer/src/Standards/MySource/Sniffs/Channels/IncludeSystemSniff.php':[
0,
],
'project:PHP_CodeSniffer/src/Standards/MySource/Sniffs/Channels/UnusedSystemSniff.php':[
0,
],
'project:PHP_CodeSniffer/src/Standards/MySource/Sniffs/Commenting/FunctionCommentSniff.php':[
0,
],
'project:PHP_CodeSniffer/src/Standards/MySource/Sniffs/Debug/DebugCodeSniff.php':[
0,
],
'project:PHP_CodeSniffer/src/Standards/MySource/Sniffs/Debug/FirebugConsoleSniff.php':[
0,
],
'project:PHP_CodeSniffer/src/Standards/MySource/Sniffs/Objects/AssignThisSniff.php':[
0,
],
'project:PHP_CodeSniffer/src/Standards/MySource/Sniffs/Objects/CreateWidgetTypeCallbackSniff.php':[
0,
],
'project:PHP_CodeSniffer/src/Standards/MySource/Sniffs/Objects/DisallowNewWidgetSniff.php':[
0,
],
'project:PHP_CodeSniffer/src/Standards/MySource/Sniffs/PHP/AjaxNullComparisonSniff.php':[
0,
],
'project:PHP_CodeSniffer/src/Standards/MySource/Sniffs/PHP/EvalObjectFactorySniff.php':[
0,
],
'project:PHP_CodeSniffer/src/Standards/MySource/Sniffs/PHP/GetRequestDataSniff.php':[
0,
],
'project:PHP_CodeSniffer/src/Standards/MySource/Sniffs/PHP/ReturnFunctionValueSniff.php':[
0,
],
'project:PHP_CodeSniffer/src/Standards/MySource/Sniffs/Strings/JoinStringsSniff.php':[
0,
],
'project:PHP_CodeSniffer/src/Standards/PEAR/Sniffs/Classes/ClassDeclarationSniff.php':[
0,
],
'project:PHP_CodeSniffer/src/Standards/PEAR/Sniffs/Commenting/ClassCommentSniff.php':[
0,
],
'project:PHP_CodeSniffer/src/Standards/PEAR/Sniffs/Commenting/FileCommentSniff.php':[
0,
],
'project:PHP_CodeSniffer/src/Standards/PEAR/Sniffs/Commenting/FunctionCommentSniff.php':[
0,
],
'project:PHP_CodeSniffer/src/Standards/PEAR/Sniffs/Commenting/InlineCommentSniff.php':[
0,
],
'project:PHP_CodeSniffer/src/Standards/PEAR/Sniffs/ControlStructures/ControlSignatureSniff.php':[
0,
],
'project:PHP_CodeSniffer/src/Standards/PEAR/Sniffs/ControlStructures/MultiLineConditionSniff.php':[
0,
],
'project:PHP_CodeSniffer/src/Standards/PEAR/Sniffs/Files/IncludingFileSniff.php':[
0,
],
'project:PHP_CodeSniffer/src/Standards/PEAR/Sniffs/Formatting/MultiLineAssignmentSniff.php':[
0,
],
'project:PHP_CodeSniffer/src/Standards/PEAR/Sniffs/Functions/FunctionCallSignatureSniff.php':[
0,
],
'project:PHP_CodeSniffer/src/Standards/PEAR/Sniffs/Functions/FunctionDeclarationSniff.php':[
0,
],
'project:PHP_CodeSniffer/src/Standards/PEAR/Sniffs/Functions/ValidDefaultValueSniff.php':[
0,
],
'project:PHP_CodeSniffer/src/Standards/PEAR/Sniffs/NamingConventions/ValidClassNameSniff.php':[
0,
],
'project:PHP_CodeSniffer/src/Standards/PEAR/Sniffs/NamingConventions/ValidFunctionNameSniff.php':[
0,
],
'project:PHP_CodeSniffer/src/Standards/PEAR/Sniffs/NamingConventions/ValidVariableNameSniff.php':[
0,
],
'project:PHP_CodeSniffer/src/Standards/PEAR/Sniffs/WhiteSpace/ObjectOperatorIndentSniff.php':[
0,
],
'project:PHP_CodeSniffer/src/Standards/PEAR/Sniffs/WhiteSpace/ScopeClosingBraceSniff.php':[
0,
],
'project:PHP_CodeSniffer/src/Standards/PEAR/Sniffs/WhiteSpace/ScopeIndentSniff.php':[
0,
],
'project:PHP_CodeSniffer/src/Standards/PSR1/Sniffs/Classes/ClassDeclarationSniff.php':[
0,
],
'project:PHP_CodeSniffer/src/Standards/PSR1/Sniffs/Files/SideEffectsSniff.php':[
0,
],
'project:PHP_CodeSniffer/src/Standards/PSR1/Sniffs/Methods/CamelCapsMethodNameSniff.php':[
0,
],
'project:PHP_CodeSniffer/src/Standards/PSR12/Sniffs/Classes/ClassInstantiationSniff.php':[
0,
],
'project:PHP_CodeSniffer/src/Standards/PSR12/Sniffs/Keywords/ShortFormTypeKeywordsSniff.php':[
0,
],
'project:PHP_CodeSniffer/src/Standards/PSR12/Sniffs/Namespaces/CompoundNamespaceDepthSniff.php':[
0,
],
'project:PHP_CodeSniffer/src/Standards/PSR12/Sniffs/Operators/OperatorSpacingSniff.php':[
0,
],
'project:PHP_CodeSniffer/src/Standards/PSR2/Sniffs/Classes/ClassDeclarationSniff.php':[
0,
],
'project:PHP_CodeSniffer/src/Standards/PSR2/Sniffs/Classes/PropertyDeclarationSniff.php':[
0,
],
'project:PHP_CodeSniffer/src/Standards/PSR2/Sniffs/ControlStructures/ControlStructureSpacingSniff.php':[
0,
],
'project:PHP_CodeSniffer/src/Standards/PSR2/Sniffs/ControlStructures/ElseIfDeclarationSniff.php':[
0,
],
'project:PHP_CodeSniffer/src/Standards/PSR2/Sniffs/ControlStructures/SwitchDeclarationSniff.php':[
0,
],
'project:PHP_CodeSniffer/src/Standards/PSR2/Sniffs/Files/ClosingTagSniff.php':[
0,
],
'project:PHP_CodeSniffer/src/Standards/PSR2/Sniffs/Files/EndFileNewlineSniff.php':[
0,
],
'project:PHP_CodeSniffer/src/Standards/PSR2/Sniffs/Methods/FunctionCallSignatureSniff.php':[
0,
],
'project:PHP_CodeSniffer/src/Standards/PSR2/Sniffs/Methods/FunctionClosingBraceSniff.php':[
0,
],
'project:PHP_CodeSniffer/src/Standards/PSR2/Sniffs/Methods/MethodDeclarationSniff.php':[
0,
],
'project:PHP_CodeSniffer/src/Standards/PSR2/Sniffs/Namespaces/NamespaceDeclarationSniff.php':[
0,
],
'project:PHP_CodeSniffer/src/Standards/PSR2/Sniffs/Namespaces/UseDeclarationSniff.php':[
0,
],
'project:PHP_CodeSniffer/src/Standards/Squiz/Sniffs/Arrays/ArrayBracketSpacingSniff.php':[
0,
],
'project:PHP_CodeSniffer/src/Standards/Squiz/Sniffs/Arrays/ArrayDeclarationSniff.php':[
0,
],
'project:PHP_CodeSniffer/src/Standards/Squiz/Sniffs/CSS/ClassDefinitionClosingBraceSpaceSniff.php':[
0,
],
'project:PHP_CodeSniffer/src/Standards/Squiz/Sniffs/CSS/ClassDefinitionNameSpacingSniff.php':[
0,
],
'project:PHP_CodeSniffer/src/Standards/Squiz/Sniffs/CSS/ClassDefinitionOpeningBraceSpaceSniff.php':[
0,
],
'project:PHP_CodeSniffer/src/Standards/Squiz/Sniffs/CSS/ColonSpacingSniff.php':[
0,
],
'project:PHP_CodeSniffer/src/Standards/Squiz/Sniffs/CSS/ColourDefinitionSniff.php':[
0,
],
'project:PHP_CodeSniffer/src/Standards/Squiz/Sniffs/CSS/DisallowMultipleStyleDefinitionsSniff.php':[
0,
],
'project:PHP_CodeSniffer/src/Standards/Squiz/Sniffs/CSS/DuplicateClassDefinitionSniff.php':[
0,
],
'project:PHP_CodeSniffer/src/Standards/Squiz/Sniffs/CSS/DuplicateStyleDefinitionSniff.php':[
0,
],
'project:PHP_CodeSniffer/src/Standards/Squiz/Sniffs/CSS/EmptyClassDefinitionSniff.php':[
0,
],
'project:PHP_CodeSniffer/src/Standards/Squiz/Sniffs/CSS/EmptyStyleDefinitionSniff.php':[
0,
],
'project:PHP_CodeSniffer/src/Standards/Squiz/Sniffs/CSS/ForbiddenStylesSniff.php':[
0,
],
'project:PHP_CodeSniffer/src/Standards/Squiz/Sniffs/CSS/IndentationSniff.php':[
0,
],
'project:PHP_CodeSniffer/src/Standards/Squiz/Sniffs/CSS/LowercaseStyleDefinitionSniff.php':[
0,
],
'project:PHP_CodeSniffer/src/Standards/Squiz/Sniffs/CSS/MissingColonSniff.php':[
0,
],
'project:PHP_CodeSniffer/src/Standards/Squiz/Sniffs/CSS/NamedColoursSniff.php':[
0,
],
'project:PHP_CodeSniffer/src/Standards/Squiz/Sniffs/CSS/OpacitySniff.php':[
0,
],
'project:PHP_CodeSniffer/src/Standards/Squiz/Sniffs/CSS/SemicolonSpacingSniff.php':[
0,
],
'project:PHP_CodeSniffer/src/Standards/Squiz/Sniffs/CSS/ShorthandSizeSniff.php':[
0,
],
'project:PHP_CodeSniffer/src/Standards/Squiz/Sniffs/Classes/ClassDeclarationSniff.php':[
0,
],
'project:PHP_CodeSniffer/src/Standards/Squiz/Sniffs/Classes/ClassFileNameSniff.php':[
0,
],
'project:PHP_CodeSniffer/src/Standards/Squiz/Sniffs/Classes/DuplicatePropertySniff.php':[
0,
],
'project:PHP_CodeSniffer/src/Standards/Squiz/Sniffs/Classes/LowercaseClassKeywordsSniff.php':[
0,
],
'project:PHP_CodeSniffer/src/Standards/Squiz/Sniffs/Classes/SelfMemberReferenceSniff.php':[
0,
],
'project:PHP_CodeSniffer/src/Standards/Squiz/Sniffs/Classes/ValidClassNameSniff.php':[
0,
],
'project:PHP_CodeSniffer/src/Standards/Squiz/Sniffs/Commenting/BlockCommentSniff.php':[
0,
],
'project:PHP_CodeSniffer/src/Standards/Squiz/Sniffs/Commenting/ClassCommentSniff.php':[
0,
],
'project:PHP_CodeSniffer/src/Standards/Squiz/Sniffs/Commenting/ClosingDeclarationCommentSniff.php':[
0,
],
'project:PHP_CodeSniffer/src/Standards/Squiz/Sniffs/Commenting/DocCommentAlignmentSniff.php':[
0,
],
'project:PHP_CodeSniffer/src/Standards/Squiz/Sniffs/Commenting/EmptyCatchCommentSniff.php':[
0,
],
'project:PHP_CodeSniffer/src/Standards/Squiz/Sniffs/Commenting/FileCommentSniff.php':[
0,
],
'project:PHP_CodeSniffer/src/Standards/Squiz/Sniffs/Commenting/FunctionCommentSniff.php':[
0,
],
'project:PHP_CodeSniffer/src/Standards/Squiz/Sniffs/Commenting/FunctionCommentThrowTagSniff.php':[
0,
],
'project:PHP_CodeSniffer/src/Standards/Squiz/Sniffs/Commenting/InlineCommentSniff.php':[
0,
],
'project:PHP_CodeSniffer/src/Standards/Squiz/Sniffs/Commenting/LongConditionClosingCommentSniff.php':[
0,
],
'project:PHP_CodeSniffer/src/Standards/Squiz/Sniffs/Commenting/PostStatementCommentSniff.php':[
0,
],
'project:PHP_CodeSniffer/src/Standards/Squiz/Sniffs/Commenting/VariableCommentSniff.php':[
0,
],
'project:PHP_CodeSniffer/src/Standards/Squiz/Sniffs/ControlStructures/ControlSignatureSniff.php':[
0,
],
'project:PHP_CodeSniffer/src/Standards/Squiz/Sniffs/ControlStructures/ElseIfDeclarationSniff.php':[
0,
],
'project:PHP_CodeSniffer/src/Standards/Squiz/Sniffs/ControlStructures/ForEachLoopDeclarationSniff.php':[
0,
],
'project:PHP_CodeSniffer/src/Standards/Squiz/Sniffs/ControlStructures/ForLoopDeclarationSniff.php':[
0,
],
'project:PHP_CodeSniffer/src/Standards/Squiz/Sniffs/ControlStructures/InlineIfDeclarationSniff.php':[
0,
],
'project:PHP_CodeSniffer/src/Standards/Squiz/Sniffs/ControlStructures/LowercaseDeclarationSniff.php':[
0,
],
'project:PHP_CodeSniffer/src/Standards/Squiz/Sniffs/ControlStructures/SwitchDeclarationSniff.php':[
0,
],
'project:PHP_CodeSniffer/src/Standards/Squiz/Sniffs/Debug/JSLintSniff.php':[
0,
],
'project:PHP_CodeSniffer/src/Standards/Squiz/Sniffs/Debug/JavaScriptLintSniff.php':[
0,
],
'project:PHP_CodeSniffer/src/Standards/Squiz/Sniffs/Files/FileExtensionSniff.php':[
0,
],
'project:PHP_CodeSniffer/src/Standards/Squiz/Sniffs/Formatting/OperatorBracketSniff.php':[
0,
],
'project:PHP_CodeSniffer/src/Standards/Squiz/Sniffs/Functions/FunctionDeclarationArgumentSpacingSniff.php':[
0,
],
'project:PHP_CodeSniffer/src/Standards/Squiz/Sniffs/Functions/FunctionDeclarationSniff.php':[
0,
],
'project:PHP_CodeSniffer/src/Standards/Squiz/Sniffs/Functions/FunctionDuplicateArgumentSniff.php':[
0,
],
'project:PHP_CodeSniffer/src/Standards/Squiz/Sniffs/Functions/GlobalFunctionSniff.php':[
0,
],
'project:PHP_CodeSniffer/src/Standards/Squiz/Sniffs/Functions/LowercaseFunctionKeywordsSniff.php':[
0,
],
'project:PHP_CodeSniffer/src/Standards/Squiz/Sniffs/Functions/MultiLineFunctionDeclarationSniff.php':[
0,
],
'project:PHP_CodeSniffer/src/Standards/Squiz/Sniffs/NamingConventions/ValidFunctionNameSniff.php':[
0,
],
'project:PHP_CodeSniffer/src/Standards/Squiz/Sniffs/NamingConventions/ValidVariableNameSniff.php':[
0,
],
'project:PHP_CodeSniffer/src/Standards/Squiz/Sniffs/Objects/DisallowObjectStringIndexSniff.php':[
0,
],
'project:PHP_CodeSniffer/src/Standards/Squiz/Sniffs/Objects/ObjectInstantiationSniff.php':[
0,
],
'project:PHP_CodeSniffer/src/Standards/Squiz/Sniffs/Objects/ObjectMemberCommaSniff.php':[
0,
],
'project:PHP_CodeSniffer/src/Standards/Squiz/Sniffs/Operators/ComparisonOperatorUsageSniff.php':[
0,
],
'project:PHP_CodeSniffer/src/Standards/Squiz/Sniffs/Operators/IncrementDecrementUsageSniff.php':[
0,
],
'project:PHP_CodeSniffer/src/Standards/Squiz/Sniffs/Operators/ValidLogicalOperatorsSniff.php':[
0,
],
'project:PHP_CodeSniffer/src/Standards/Squiz/Sniffs/PHP/CommentedOutCodeSniff.php':[
0,
],
'project:PHP_CodeSniffer/src/Standards/Squiz/Sniffs/PHP/DisallowBooleanStatementSniff.php':[
0,
],
'project:PHP_CodeSniffer/src/Standards/Squiz/Sniffs/PHP/DisallowComparisonAssignmentSniff.php':[
0,
],
'project:PHP_CodeSniffer/src/Standards/Squiz/Sniffs/PHP/DisallowInlineIfSniff.php':[
0,
],
'project:PHP_CodeSniffer/src/Standards/Squiz/Sniffs/PHP/DisallowMultipleAssignmentsSniff.php':[
0,
],
'project:PHP_CodeSniffer/src/Standards/Squiz/Sniffs/PHP/DisallowSizeFunctionsInLoopsSniff.php':[
0,
],
'project:PHP_CodeSniffer/src/Standards/Squiz/Sniffs/PHP/DiscouragedFunctionsSniff.php':[
0,
],
'project:PHP_CodeSniffer/src/Standards/Squiz/Sniffs/PHP/EmbeddedPhpSniff.php':[
0,
],
'project:PHP_CodeSniffer/src/Standards/Squiz/Sniffs/PHP/EvalSniff.php':[
0,
],
'project:PHP_CodeSniffer/src/Standards/Squiz/Sniffs/PHP/GlobalKeywordSniff.php':[
0,
],
'project:PHP_CodeSniffer/src/Standards/Squiz/Sniffs/PHP/HeredocSniff.php':[
0,
],
'project:PHP_CodeSniffer/src/Standards/Squiz/Sniffs/PHP/InnerFunctionsSniff.php':[
0,
],
'project:PHP_CodeSniffer/src/Standards/Squiz/Sniffs/PHP/LowercasePHPFunctionsSniff.php':[
0,
],
'project:PHP_CodeSniffer/src/Standards/Squiz/Sniffs/PHP/NonExecutableCodeSniff.php':[
0,
],
'project:PHP_CodeSniffer/src/Standards/Squiz/Sniffs/Scope/MemberVarScopeSniff.php':[
0,
],
'project:PHP_CodeSniffer/src/Standards/Squiz/Sniffs/Scope/MethodScopeSniff.php':[
0,
],
'project:PHP_CodeSniffer/src/Standards/Squiz/Sniffs/Scope/StaticThisUsageSniff.php':[
0,
],
'project:PHP_CodeSniffer/src/Standards/Squiz/Sniffs/Strings/ConcatenationSpacingSniff.php':[
0,
],
'project:PHP_CodeSniffer/src/Standards/Squiz/Sniffs/Strings/DoubleQuoteUsageSniff.php':[
0,
],
'project:PHP_CodeSniffer/src/Standards/Squiz/Sniffs/Strings/EchoedStringsSniff.php':[
0,
],
'project:PHP_CodeSniffer/src/Standards/Squiz/Sniffs/WhiteSpace/CastSpacingSniff.php':[
0,
],
'project:PHP_CodeSniffer/src/Standards/Squiz/Sniffs/WhiteSpace/ControlStructureSpacingSniff.php':[
0,
],
'project:PHP_CodeSniffer/src/Standards/Squiz/Sniffs/WhiteSpace/FunctionClosingBraceSpaceSniff.php':[
0,
],
'project:PHP_CodeSniffer/src/Standards/Squiz/Sniffs/WhiteSpace/FunctionOpeningBraceSpaceSniff.php':[
0,
],
'project:PHP_CodeSniffer/src/Standards/Squiz/Sniffs/WhiteSpace/FunctionSpacingSniff.php':[
0,
],
'project:PHP_CodeSniffer/src/Standards/Squiz/Sniffs/WhiteSpace/LanguageConstructSpacingSniff.php':[
0,
],
'project:PHP_CodeSniffer/src/Standards/Squiz/Sniffs/WhiteSpace/LogicalOperatorSpacingSniff.php':[
0,
],
'project:PHP_CodeSniffer/src/Standards/Squiz/Sniffs/WhiteSpace/MemberVarSpacingSniff.php':[
0,
],
'project:PHP_CodeSniffer/src/Standards/Squiz/Sniffs/WhiteSpace/ObjectOperatorSpacingSniff.php':[
0,
],
'project:PHP_CodeSniffer/src/Standards/Squiz/Sniffs/WhiteSpace/OperatorSpacingSniff.php':[
0,
],
'project:PHP_CodeSniffer/src/Standards/Squiz/Sniffs/WhiteSpace/PropertyLabelSpacingSniff.php':[
0,
],
'project:PHP_CodeSniffer/src/Standards/Squiz/Sniffs/WhiteSpace/ScopeClosingBraceSniff.php':[
0,
],
'project:PHP_CodeSniffer/src/Standards/Squiz/Sniffs/WhiteSpace/ScopeKeywordSpacingSniff.php':[
0,
],
'project:PHP_CodeSniffer/src/Standards/Squiz/Sniffs/WhiteSpace/SemicolonSpacingSniff.php':[
0,
],
'project:PHP_CodeSniffer/src/Standards/Squiz/Sniffs/WhiteSpace/SuperfluousWhitespaceSniff.php':[
0,
],
'project:PHP_CodeSniffer/src/Standards/Zend/Sniffs/Debug/CodeAnalyzerSniff.php':[
0,
],
'project:PHP_CodeSniffer/src/Standards/Zend/Sniffs/Files/ClosingTagSniff.php':[
0,
],
'project:PHP_CodeSniffer/src/Standards/Zend/Sniffs/NamingConventions/ValidVariableNameSniff.php':[
0,
],
'project:PHP_CodeSniffer/src/Tokenizers/CSS.php':[
0,
],
'project:PHP_CodeSniffer/src/Tokenizers/Comment.php':[
0,
],
'project:PHP_CodeSniffer/src/Tokenizers/JS.php':[
0,
],
'project:PHP_CodeSniffer/src/Tokenizers/PHP.php':[
0,
],
'project:PHP_CodeSniffer/src/Tokenizers/Tokenizer.php':[
0,
],
'project:PHP_CodeSniffer/src/Util/Cache.php':[
0,
],
'project:PHP_CodeSniffer/src/Util/Common.php':[
0,
],
'project:PHP_CodeSniffer/src/Util/Standards.php':[
0,
],
'project:PHP_CodeSniffer/src/Util/Timing.php':[
0,
],
'project:PHP_CodeSniffer/src/Util/Tokens.php':[
0,
],
'project:PHP_CodeSniffer/tests/AllTests.php':[
0,
],
'project:PHP_CodeSniffer/tests/Core/AllTests.php':[
0,
],
'project:PHP_CodeSniffer/tests/Core/ErrorSuppressionTest.php':[
0,
],
'project:PHP_CodeSniffer/tests/Core/IsCamelCapsTest.php':[
0,
],
'project:PHP_CodeSniffer/tests/Standards/AbstractSniffUnitTest.php':[
0,
],
'project:PHP_CodeSniffer/tests/Standards/AllSniffs.php':[
0,
],
'project:PHP_CodeSniffer/tests/TestSuite.php':[
0,
],
'project:PHP_CodeSniffer/tests/TestSuite7.php':[
0,
],
'project:PHP_CodeSniffer/tests/bootstrap.php':[
0,
],
'project:PhpSpreadsheet/samples/Basic/45_Quadratic_equation_solver.php':[
0,
],
'project:PhpSpreadsheet/samples/Header.php':[
0,
],
'project:PhpSpreadsheet/src/PhpSpreadsheet/Shared/JAMA/utils/Maths.php':[
0,
],
'project:PhpSpreadsheet/tests/bootstrap.php':[
0,
],
'project:Symfony/Bundle/FrameworkBundle/Resources/views/Form/attributes.html.php':[
0,
],
'project:Symfony/Bundle/FrameworkBundle/Resources/views/Form/button_attributes.html.php':[
0,
],
'project:Symfony/Bundle/FrameworkBundle/Resources/views/Form/button_row.html.php':[
0,
],
'project:Symfony/Bundle/FrameworkBundle/Resources/views/Form/button_widget.html.php':[
0,
],
'project:Symfony/Bundle/FrameworkBundle/Resources/views/Form/checkbox_widget.html.php':[
0,
],
'project:Symfony/Bundle/FrameworkBundle/Resources/views/Form/choice_attributes.html.php':[
0,
],
'project:Symfony/Bundle/FrameworkBundle/Resources/views/Form/choice_options.html.php':[
0,
],
'project:Symfony/Bundle/FrameworkBundle/Resources/views/Form/choice_widget.html.php':[
0,
],
'project:Symfony/Bundle/FrameworkBundle/Resources/views/Form/choice_widget_collapsed.html.php':[
0,
],
'project:Symfony/Bundle/FrameworkBundle/Resources/views/Form/choice_widget_expanded.html.php':[
0,
],
'project:Symfony/Bundle/FrameworkBundle/Resources/views/Form/choice_widget_options.html.php':[
0,
],
'project:Symfony/Bundle/FrameworkBundle/Resources/views/Form/collection_widget.html.php':[
0,
],
'project:Symfony/Bundle/FrameworkBundle/Resources/views/Form/color_widget.html.php':[
0,
],
'project:Symfony/Bundle/FrameworkBundle/Resources/views/Form/container_attributes.html.php':[
0,
],
'project:Symfony/Bundle/FrameworkBundle/Resources/views/Form/date_widget.html.php':[
0,
],
'project:Symfony/Bundle/FrameworkBundle/Resources/views/Form/datetime_widget.html.php':[
0,
],
'project:Symfony/Bundle/FrameworkBundle/Resources/views/Form/email_widget.html.php':[
0,
],
'project:Symfony/Bundle/FrameworkBundle/Resources/views/Form/form.html.php':[
0,
],
'project:Symfony/Bundle/FrameworkBundle/Resources/views/Form/form_enctype.html.php':[
0,
],
'project:Symfony/Bundle/FrameworkBundle/Resources/views/Form/form_end.html.php':[
0,
],
'project:Symfony/Bundle/FrameworkBundle/Resources/views/Form/form_errors.html.php':[
0,
],
'project:Symfony/Bundle/FrameworkBundle/Resources/views/Form/form_help.html.php':[
0,
],
'project:Symfony/Bundle/FrameworkBundle/Resources/views/Form/form_label.html.php':[
0,
],
'project:Symfony/Bundle/FrameworkBundle/Resources/views/Form/form_rest.html.php':[
0,
],
'project:Symfony/Bundle/FrameworkBundle/Resources/views/Form/form_row.html.php':[
0,
],
'project:Symfony/Bundle/FrameworkBundle/Resources/views/Form/form_rows.html.php':[
0,
],
'project:Symfony/Bundle/FrameworkBundle/Resources/views/Form/form_start.html.php':[
0,
],
'project:Symfony/Bundle/FrameworkBundle/Resources/views/Form/form_widget.html.php':[
0,
],
'project:Symfony/Bundle/FrameworkBundle/Resources/views/Form/form_widget_compound.html.php':[
0,
],
'project:Symfony/Bundle/FrameworkBundle/Resources/views/Form/hidden_row.html.php':[
0,
],
'project:Symfony/Bundle/FrameworkBundle/Resources/views/Form/hidden_widget.html.php':[
0,
],
'project:Symfony/Bundle/FrameworkBundle/Resources/views/Form/integer_widget.html.php':[
0,
],
'project:Symfony/Bundle/FrameworkBundle/Resources/views/Form/money_widget.html.php':[
0,
],
'project:Symfony/Bundle/FrameworkBundle/Resources/views/Form/number_widget.html.php':[
0,
],
'project:Symfony/Bundle/FrameworkBundle/Resources/views/Form/password_widget.html.php':[
0,
],
'project:Symfony/Bundle/FrameworkBundle/Resources/views/Form/percent_widget.html.php':[
0,
],
'project:Symfony/Bundle/FrameworkBundle/Resources/views/Form/radio_widget.html.php':[
0,
],
'project:Symfony/Bundle/FrameworkBundle/Resources/views/Form/range_widget.html.php':[
0,
],
'project:Symfony/Bundle/FrameworkBundle/Resources/views/Form/repeated_row.html.php':[
0,
],
'project:Symfony/Bundle/FrameworkBundle/Resources/views/Form/reset_widget.html.php':[
0,
],
'project:Symfony/Bundle/FrameworkBundle/Resources/views/Form/search_widget.html.php':[
0,
],
'project:Symfony/Bundle/FrameworkBundle/Resources/views/Form/submit_widget.html.php':[
0,
],
'project:Symfony/Bundle/FrameworkBundle/Resources/views/Form/tel_widget.html.php':[
0,
],
'project:Symfony/Bundle/FrameworkBundle/Resources/views/Form/textarea_widget.html.php':[
0,
],
'project:Symfony/Bundle/FrameworkBundle/Resources/views/Form/time_widget.html.php':[
0,
],
'project:Symfony/Bundle/FrameworkBundle/Resources/views/Form/url_widget.html.php':[
0,
],
'project:Symfony/Bundle/FrameworkBundle/Resources/views/Form/widget_attributes.html.php':[
0,
],
'project:Symfony/Bundle/FrameworkBundle/Resources/views/Form/widget_container_attributes.html.php':[
0,
],
'project:Symfony/Bundle/FrameworkBundle/Resources/views/FormTable/button_row.html.php':[
0,
],
'project:Symfony/Bundle/FrameworkBundle/Resources/views/FormTable/form_row.html.php':[
0,
],
'project:Symfony/Bundle/FrameworkBundle/Resources/views/FormTable/form_widget_compound.html.php':[
0,
],
'project:Symfony/Bundle/FrameworkBundle/Resources/views/FormTable/hidden_row.html.php':[
0,
],
'project:Symfony/Bundle/FrameworkBundle/Tests/Fixtures/Resources/views/translation.html.php':[
0,
],
'project:Symfony/Bundle/FrameworkBundle/Tests/Fixtures/TemplatePathsCache/templates-empty.php':[
0,
],
'project:Symfony/Bundle/FrameworkBundle/Tests/Fixtures/TemplatePathsCache/templates.php':[
0,
],
'project:Symfony/Bundle/FrameworkBundle/Tests/Functional/app/Resources/views/fragment.html.php':[
0,
],
'project:Symfony/Bundle/FrameworkBundle/Tests/Templating/Helper/Resources/Child/form_label.html.php':[
0,
],
'project:Symfony/Bundle/FrameworkBundle/Tests/Templating/Helper/Resources/Custom/_name_c_entry_label.html.php':[
0,
],
'project:Symfony/Bundle/FrameworkBundle/Tests/Templating/Helper/Resources/Custom/_names_entry_label.html.php':[
0,
],
'project:Symfony/Bundle/FrameworkBundle/Tests/Templating/Helper/Resources/Custom/_text_id_widget.html.php':[
0,
],
'project:Symfony/Bundle/FrameworkBundle/Tests/Templating/Helper/Resources/Parent/form_label.html.php':[
0,
],
'project:Symfony/Bundle/FrameworkBundle/Tests/Templating/Helper/Resources/Parent/form_widget_simple.html.php':[
0,
],
'project:Symfony/Component/HttpKernel/Resources/welcome.html.php':[
0,
],
'project:Symfony/Component/Routing/Tests/Fixtures/OtherAnnotatedClasses/NoStartTagClass.php':[
0,
],
}
