{
'project:PHPMailer/get_oauth_token.php':[
94,
],
'project:PHPMailer/test/phpmailerTest.php':[
280,
],
'project:PHP_CodeSniffer/src/Files/File.php':[
1326,
1516,
1681,
1749,
],
'project:PHP_CodeSniffer/src/Sniffs/AbstractPatternSniff.php':[
867,
],
'project:PHP_CodeSniffer/src/Standards/Generic/Sniffs/VersionControl/GitMergeConflictSniff.php':[
78,
151,
],
'project:PHP_CodeSniffer/src/Standards/MySource/Sniffs/Channels/UnusedSystemSniff.php':[
102,
],
'project:PHP_CodeSniffer/src/Util/Common.php':[
406,
],
'project:PhpSpreadsheet/samples/Reading_workbook_data/Custom_properties.php':[
27,
],
'project:PhpSpreadsheet/src/PhpSpreadsheet/Calculation/Calculation.php':[
2469,
2503,
3382,
3654,
4099,
4227,
],
'project:PhpSpreadsheet/src/PhpSpreadsheet/Calculation/DateTime.php':[
154,
198,
325,
414,
569,
631,
913,
1154,
1245,
1591,
1640,
],
'project:PhpSpreadsheet/src/PhpSpreadsheet/Calculation/Financial.php':[
679,
],
'project:PhpSpreadsheet/src/PhpSpreadsheet/Calculation/Functions.php':[
495,
],
'project:PhpSpreadsheet/src/PhpSpreadsheet/Calculation/MathTrig.php':[
1133,
],
'project:PhpSpreadsheet/src/PhpSpreadsheet/Cell/DataValidator.php':[
35,
],
'project:PhpSpreadsheet/src/PhpSpreadsheet/Document/Properties.php':[
503,
572,
],
'project:PhpSpreadsheet/src/PhpSpreadsheet/Reader/Gnumeric.php':[
218,
251,
269,
292,
348,
354,
428,
492,
520,
551,
663,
808,
],
'project:PhpSpreadsheet/src/PhpSpreadsheet/Reader/Html.php':[
296,
361,
646,
],
'project:PhpSpreadsheet/src/PhpSpreadsheet/Reader/Ods.php':[
285,
318,
430,
],
'project:PhpSpreadsheet/src/PhpSpreadsheet/Reader/Slk.php':[
147,
239,
257,
294,
371,
394,
450,
],
'project:PhpSpreadsheet/src/PhpSpreadsheet/Reader/Xls.php':[
1150,
1205,
1418,
1447,
1565,
1599,
2052,
2061,
2074,
2213,
2245,
2257,
2296,
2381,
2495,
3453,
4148,
4813,
4850,
4883,
5026,
5365,
5409,
7575,
],
'project:PhpSpreadsheet/src/PhpSpreadsheet/Reader/Xlsx.php':[
85,
125,
411,
458,
562,
1993,
2003,
],
'project:PhpSpreadsheet/src/PhpSpreadsheet/Reader/Xlsx/Chart.php':[
68,
72,
77,
195,
227,
231,
274,
282,
364,
402,
537,
],
'project:PhpSpreadsheet/src/PhpSpreadsheet/Reader/Xml.php':[
320,
375,
501,
683,
732,
764,
806,
844,
868,
],
'project:PhpSpreadsheet/src/PhpSpreadsheet/Shared/CodePage.php':[
21,
],
'project:PhpSpreadsheet/src/PhpSpreadsheet/Shared/Date.php':[
368,
],
'project:PhpSpreadsheet/src/PhpSpreadsheet/Shared/JAMA/SingularValueDecomposition.php':[
294,
],
'project:PhpSpreadsheet/src/PhpSpreadsheet/Spreadsheet.php':[
307,
388,
],
'project:PhpSpreadsheet/src/PhpSpreadsheet/Style/Border.php':[
78,
],
'project:PhpSpreadsheet/src/PhpSpreadsheet/Style/Color.php':[
65,
],
'project:PhpSpreadsheet/src/PhpSpreadsheet/Style/Style.php':[
307,
353,
401,
],
'project:PhpSpreadsheet/src/PhpSpreadsheet/Worksheet/AutoFilter.php':[
372,
418,
489,
524,
573,
630,
],
'project:PhpSpreadsheet/src/PhpSpreadsheet/Writer/Ods/Content.php':[
195,
325,
],
'project:PhpSpreadsheet/src/PhpSpreadsheet/Writer/Xls.php':[
504,
],
'project:PhpSpreadsheet/src/PhpSpreadsheet/Writer/Xls/Escher.php':[
60,
209,
],
'project:PhpSpreadsheet/src/PhpSpreadsheet/Writer/Xls/Parser.php':[
722,
],
'project:PhpSpreadsheet/src/PhpSpreadsheet/Writer/Xls/Worksheet.php':[
427,
2694,
2733,
2769,
2881,
2949,
3433,
3464,
3503,
3561,
3619,
3677,
3743,
],
'project:PhpSpreadsheet/src/PhpSpreadsheet/Writer/Xlsx/StringTable.php':[
228,
],
'project:PhpSpreadsheet/src/PhpSpreadsheet/Writer/Xlsx/Style.php':[
339,
],
'project:PhpSpreadsheet/src/PhpSpreadsheet/Writer/Xlsx/Worksheet.php':[
1059,
1081,
],
'project:Symfony/Bridge/Doctrine/PropertyInfo/DoctrineExtractor.php':[
209,
],
'project:Symfony/Bridge/Monolog/Processor/DebugProcessor.php':[
48,
],
'project:Symfony/Component/Finder/Comparator/Comparator.php':[
83,
],
'project:Symfony/Component/Finder/Comparator/NumberComparator.php':[
54,
],
'project:Symfony/Component/Finder/Tests/Iterator/SortableIteratorTest.php':[
34,
],
'project:Symfony/Component/Form/Extension/Core/DataTransformer/NumberToLocalizedStringTransformer.php':[
246,
],
'project:Symfony/Component/Form/Extension/Validator/ValidatorTypeGuesser.php':[
80,
82,
165,
180,
208,
],
'project:Symfony/Component/Form/Tests/ChoiceList/Factory/DefaultChoiceListFactoryTest.php':[
47,
347,
392,
411,
],
'project:Symfony/Component/Form/Util/ServerParams.php':[
63,
],
'project:Symfony/Component/HttpFoundation/File/UploadedFile.php':[
222,
264,
],
'project:Symfony/Component/HttpKernel/DataCollector/MemoryDataCollector.php':[
108,
],
'project:Symfony/Component/HttpKernel/Debug/TraceableEventDispatcher.php':[
32,
63,
],
'project:Symfony/Component/HttpKernel/Tests/Controller/ArgumentResolver/TraceableValueResolverTest.php':[
49,
],
'project:Symfony/Component/HttpKernel/Tests/HttpCache/HttpCacheTest.php':[
935,
],
'project:Symfony/Component/Intl/NumberFormatter/NumberFormatter.php':[
712,
],
'project:Symfony/Component/Lock/Store/PdoStore.php':[
316,
],
'project:Symfony/Component/Messenger/Command/ConsumeMessagesCommand.php':[
172,
],
'project:Symfony/Component/PropertyInfo/Extractor/PhpDocExtractor.php':[
121,
],
'project:Symfony/Component/Routing/Tests/Fixtures/dumper/url_matcher3.php':[
30,
],
'project:Symfony/Component/Security/Core/Authorization/AccessDecisionManager.php':[
116,
],
'project:Symfony/Component/Security/Core/Encoder/EncoderFactory.php':[
87,
],
'project:Symfony/Component/Serializer/Normalizer/DataUriNormalizer.php':[
99,
],
'project:Symfony/Component/Yaml/Inline.php':[
413,
563,
613,
],
}
