{
'project:PHPMailer/src/PHPMailer.php':[
997,
1000,
1048,
1050,
1060,
1063,
1169,
1171,
1421,
1424,
],
'project:PhpSpreadsheet/src/PhpSpreadsheet/Calculation/Financial.php':[
1459,
],
'project:PhpSpreadsheet/src/PhpSpreadsheet/Writer/Ods/Content.php':[
348,
],
'project:PhpSpreadsheet/src/PhpSpreadsheet/Writer/Xls/Worksheet.php':[
2433,
],
'project:Symfony/Bridge/Doctrine/DependencyInjection/AbstractDoctrineExtension.php':[
244,
],
'project:Symfony/Bridge/Doctrine/Form/ChoiceList/IdReader.php':[
51,
],
'project:Symfony/Bridge/Doctrine/Tests/DependencyInjection/DoctrineExtensionTest.php':[
166,
169,
],
'project:Symfony/Bridge/Doctrine/Tests/Form/ChoiceList/DoctrineChoiceLoaderTest.php':[
225,
253,
353,
],
'project:Symfony/Bridge/Doctrine/Tests/PropertyInfo/DoctrineExtractorTest.php':[
52,
],
'project:Symfony/Bridge/Monolog/Logger.php':[
29,
47,
],
'project:Symfony/Bridge/Monolog/Processor/DebugProcessor.php':[
64,
86,
],
'project:Symfony/Bridge/Monolog/Tests/Handler/ConsoleHandlerTest.php':[
56,
125,
128,
136,
],
'project:Symfony/Bridge/Twig/Tests/Extension/AbstractBootstrap3HorizontalLayoutTest.php':[
23,
40,
57,
74,
94,
],
'project:Symfony/Bridge/Twig/Tests/Extension/AbstractBootstrap3LayoutTest.php':[
26,
43,
60,
77,
97,
114,
134,
151,
181,
198,
216,
236,
258,
281,
304,
341,
360,
385,
409,
432,
456,
479,
503,
520,
544,
569,
594,
618,
644,
673,
698,
722,
745,
767,
803,
843,
889,
923,
959,
996,
1043,
1087,
1123,
1168,
1208,
1254,
1289,
1335,
1375,
1392,
1410,
1447,
1486,
1523,
1565,
1595,
1616,
1633,
1664,
1695,
1724,
1756,
1772,
1802,
1831,
1848,
1863,
1879,
1893,
1907,
1921,
1937,
1961,
1978,
1992,
2008,
2024,
2038,
2060,
2084,
2109,
2132,
2147,
2165,
2179,
2196,
2211,
2229,
2256,
2291,
2324,
2343,
2370,
2393,
2415,
2430,
2444,
2455,
2464,
2473,
2534,
2549,
],
'project:Symfony/Bridge/Twig/Tests/Extension/AbstractBootstrap4HorizontalLayoutTest.php':[
30,
55,
72,
89,
106,
126,
146,
224,
],
'project:Symfony/Bridge/Twig/Tests/Extension/AbstractBootstrap4LayoutTest.php':[
39,
64,
81,
98,
115,
135,
155,
171,
191,
208,
239,
261,
284,
312,
330,
350,
382,
418,
458,
488,
520,
553,
594,
632,
664,
703,
739,
779,
810,
850,
884,
906,
929,
963,
981,
1001,
1027,
],
'project:Symfony/Bridge/Twig/Tests/Extension/FormExtensionBootstrap3LayoutTest.php':[
79,
99,
],
'project:Symfony/Bridge/Twig/Tests/Extension/FormExtensionBootstrap4LayoutTest.php':[
83,
103,
],
'project:Symfony/Bridge/Twig/Tests/Extension/FormExtensionDivLayoutTest.php':[
170,
204,
],
'project:Symfony/Bridge/Twig/Tests/Extension/FormExtensionTableLayoutTest.php':[
90,
],
'project:Symfony/Bridge/Twig/Tests/Node/TransNodeTest.php':[
36,
],
'project:Symfony/Bundle/FrameworkBundle/Command/AboutCommand.php':[
92,
],
'project:Symfony/Bundle/FrameworkBundle/Command/AssetsInstallCommand.php':[
159,
165,
],
'project:Symfony/Bundle/FrameworkBundle/Controller/ControllerTrait.php':[
120,
],
'project:Symfony/Bundle/FrameworkBundle/DependencyInjection/FrameworkExtension.php':[
1309,
],
'project:Symfony/Bundle/FrameworkBundle/Tests/Fixtures/Resources/views/translation.html.php':[
30,
],
'project:Symfony/Bundle/FrameworkBundle/Tests/Functional/ConfigDumpReferenceCommandTest.php':[
52,
],
'project:Symfony/Bundle/FrameworkBundle/Tests/Routing/RedirectableUrlMatcherTest.php':[
29,
49,
],
'project:Symfony/Bundle/FrameworkBundle/Tests/Routing/RouterTest.php':[
37,
38,
64,
65,
89,
130,
169,
204,
],
'project:Symfony/Bundle/FrameworkBundle/Tests/Templating/Helper/FormHelperDivLayoutTest.php':[
107,
],
'project:Symfony/Bundle/FrameworkBundle/Tests/Templating/Helper/FormHelperTableLayoutTest.php':[
65,
],
'project:Symfony/Bundle/SecurityBundle/Tests/Functional/UserPasswordEncoderCommandTest.php':[
116,
194,
],
'project:Symfony/Bundle/TwigBundle/Controller/ExceptionController.php':[
62,
],
'project:Symfony/Bundle/TwigBundle/Tests/Controller/ExceptionControllerTest.php':[
30,
],
'project:Symfony/Bundle/WebProfilerBundle/Controller/ExceptionController.php':[
71,
],
'project:Symfony/Bundle/WebProfilerBundle/Controller/ProfilerController.php':[
103,
254,
313,
377,
],
'project:Symfony/Bundle/WebProfilerBundle/Controller/RouterController.php':[
71,
],
'project:Symfony/Bundle/WebProfilerBundle/EventListener/WebDebugToolbarListener.php':[
122,
],
'project:Symfony/Bundle/WebProfilerBundle/Tests/Controller/ProfilerControllerTest.php':[
163,
],
'project:Symfony/Component/Finder/Finder.php':[
421,
],
'project:Symfony/Component/Finder/Tests/FinderTest.php':[
40,
58,
129,
145,
161,
176,
187,
208,
234,
248,
274,
290,
328,
349,
375,
401,
428,
454,
480,
503,
526,
549,
572,
595,
619,
642,
662,
685,
719,
1233,
],
'project:Symfony/Component/Finder/Tests/Iterator/FilecontentFilterIteratorTest.php':[
56,
63,
70,
77,
],
'project:Symfony/Component/Finder/Tests/Iterator/RealIteratorTestCase.php':[
73,
],
'project:Symfony/Component/Form/Extension/Core/DataTransformer/DateTimeToArrayTransformer.php':[
166,
],
'project:Symfony/Component/Form/Extension/Core/EventListener/ResizeFormListener.php':[
80,
108,
],
'project:Symfony/Component/Form/Extension/Core/Type/DateIntervalType.php':[
199,
],
'project:Symfony/Component/Form/Extension/Core/Type/DateTimeType.php':[
95,
108,
],
'project:Symfony/Component/Form/Extension/Core/Type/DateType.php':[
133,
],
'project:Symfony/Component/Form/Tests/AbstractDivLayoutTest.php':[
26,
48,
70,
91,
121,
167,
212,
239,
269,
290,
312,
330,
351,
393,
429,
461,
486,
503,
531,
557,
577,
594,
640,
676,
699,
718,
746,
773,
795,
823,
850,
877,
],
'project:Symfony/Component/Form/Tests/AbstractLayoutTest.php':[
95,
143,
157,
172,
187,
200,
215,
232,
249,
266,
287,
304,
320,
338,
356,
374,
391,
408,
425,
454,
470,
485,
502,
518,
532,
547,
576,
598,
617,
641,
664,
686,
709,
733,
756,
778,
801,
817,
840,
864,
891,
917,
942,
970,
994,
1017,
1039,
1060,
1084,
1107,
1131,
1158,
1182,
1205,
1231,
1257,
1277,
1293,
1310,
1350,
1391,
1430,
1473,
1500,
1520,
1536,
1563,
1590,
1615,
1643,
1670,
1696,
1721,
1737,
1751,
1762,
1777,
1790,
1803,
1816,
1831,
1845,
1858,
1873,
1888,
1901,
1915,
1929,
1944,
1957,
1971,
1988,
2001,
2017,
2031,
2048,
2072,
2103,
2133,
2151,
2176,
2209,
2230,
2244,
2262,
2275,
2278,
2285,
2303,
2312,
2321,
2347,
2538,
2552,
],
'project:Symfony/Component/Form/Tests/AbstractRequestHandlerTest.php':[
162,
],
'project:Symfony/Component/Form/Tests/AbstractTableLayoutTest.php':[
26,
50,
67,
104,
135,
168,
201,
219,
242,
287,
327,
352,
372,
408,
446,
475,
],
'project:Symfony/Component/Form/Tests/ChoiceList/Factory/DefaultChoiceListFactoryTest.php':[
218,
219,
225,
245,
246,
252,
705,
706,
713,
718,
719,
726,
731,
732,
749,
754,
755,
774,
],
'project:Symfony/Component/Form/Tests/ChoiceList/Factory/PropertyAccessDecoratorTest.php':[
188,
206,
224,
243,
262,
282,
323,
344,
],
'project:Symfony/Component/Form/Tests/Command/DebugCommandTest.php':[
43,
125,
136,
],
'project:Symfony/Component/Form/Tests/CompoundFormTest.php':[
819,
839,
846,
863,
],
'project:Symfony/Component/Form/Tests/Extension/Core/Type/ChoiceTypeTest.php':[
1807,
],
'project:Symfony/Component/Form/Tests/Extension/Core/Type/FormTypeTest.php':[
144,
151,
158,
],
'project:Symfony/Component/Form/Tests/Extension/DataCollector/FormDataExtractorTest.php':[
331,
],
'project:Symfony/Component/Form/Tests/Extension/Validator/Constraints/FormValidatorTest.php':[
280,
],
'project:Symfony/Component/Form/Tests/Fixtures/LazyChoiceTypeExtension.php':[
27,
],
'project:Symfony/Component/Form/Tests/FormFactoryTest.php':[
340,
348,
408,
416,
441,
449,
],
'project:Symfony/Component/HttpFoundation/HeaderUtils.php':[
50,
66,
],
'project:Symfony/Component/HttpFoundation/RedirectResponse.php':[
92,
],
'project:Symfony/Component/HttpFoundation/Request.php':[
1445,
],
'project:Symfony/Component/HttpFoundation/ServerBag.php':[
37,
],
'project:Symfony/Component/HttpFoundation/Tests/ParameterBagTest.php':[
150,
153,
155,
158,
],
'project:Symfony/Component/HttpFoundation/Tests/RedirectResponseTest.php':[
23,
],
'project:Symfony/Component/HttpFoundation/Tests/RequestTest.php':[
222,
],
'project:Symfony/Component/HttpFoundation/Tests/Session/Flash/FlashBagTest.php':[
103,
],
'project:Symfony/Component/HttpKernel/DataCollector/RequestDataCollector.php':[
160,
],
'project:Symfony/Component/HttpKernel/Exception/ControllerDoesNotReturnResponseException.php':[
31,
],
'project:Symfony/Component/HttpKernel/HttpCache/Esi.php':[
50,
98,
],
'project:Symfony/Component/HttpKernel/HttpCache/Ssi.php':[
83,
],
'project:Symfony/Component/HttpKernel/Kernel.php':[
282,
319,
],
'project:Symfony/Component/HttpKernel/Tests/DependencyInjection/RegisterControllerArgumentLocatorsPassTest.php':[
364,
],
'project:Symfony/Component/HttpKernel/Tests/DependencyInjection/ServicesResetterTest.php':[
29,
],
'project:Symfony/Component/HttpKernel/Tests/HttpCache/HttpCacheTest.php':[
1490,
],
'project:Symfony/Component/Intl/DateFormatter/DateFormat/FullTransformer.php':[
243,
],
'project:Symfony/Component/Intl/Resources/bin/update-data.php':[
181,
182,
],
'project:Symfony/Component/Intl/Tests/Data/Bundle/Writer/TextBundleWriterTest.php':[
74,
],
'project:Symfony/Component/Ldap/Adapter/ExtLdap/Collection.php':[
124,
],
'project:Symfony/Component/Lock/LockInterface.php':[
46,
],
'project:Symfony/Component/Lock/Store/FlockStore.php':[
74,
],
'project:Symfony/Component/Messenger/Tests/Command/DebugCommandTest.php':[
57,
93,
123,
],
'project:Symfony/Component/Messenger/Tests/DataCollector/MessengerDataCollectorTest.php':[
100,
],
'project:Symfony/Component/Messenger/Tests/Transport/AmqpExt/AmqpExtIntegrationTest.php':[
102,
],
'project:Symfony/Component/Messenger/Tests/Transport/AmqpExt/Fixtures/long_receiver.php':[
31,
40,
],
'project:Symfony/Component/OptionsResolver/Tests/OptionsResolverTest.php':[
1816,
1836,
1937,
1953,
],
'project:Symfony/Component/Process/Exception/ProcessFailedException.php':[
31,
39,
],
'project:Symfony/Component/Process/Pipes/AbstractPipes.php':[
138,
],
'project:Symfony/Component/Process/Pipes/WindowsPipes.php':[
54,
],
'project:Symfony/Component/PropertyAccess/PropertyAccessor.php':[
657,
],
'project:Symfony/Component/Routing/Router.php':[
287,
326,
],
'project:Symfony/Component/Routing/Tests/Fixtures/validpattern.php':[
7,
],
'project:Symfony/Component/Routing/Tests/Generator/Dumper/PhpGeneratorDumperTest.php':[
174,
],
'project:Symfony/Component/Routing/Tests/Generator/UrlGeneratorTest.php':[
346,
517,
517,
518,
520,
520,
521,
523,
523,
524,
526,
526,
527,
542,
542,
543,
545,
545,
546,
548,
548,
549,
551,
551,
552,
554,
554,
555,
557,
557,
558,
560,
560,
561,
],
'project:Symfony/Component/Routing/Tests/Loader/PhpFileLoaderTest.php':[
96,
100,
103,
106,
109,
118,
],
'project:Symfony/Component/Routing/Tests/Matcher/Dumper/PhpMatcherDumperTest.php':[
86,
92,
102,
112,
116,
120,
124,
128,
138,
148,
153,
159,
280,
290,
311,
320,
329,
338,
347,
356,
],
'project:Symfony/Component/Routing/Tests/Matcher/TraceableUrlMatcherTest.php':[
66,
74,
],
'project:Symfony/Component/Routing/Tests/RouteCollectionTest.php':[
101,
102,
120,
120,
127,
128,
132,
133,
137,
183,
184,
],
'project:Symfony/Component/Routing/Tests/RouteTest.php':[
56,
58,
],
'project:Symfony/Component/Security/Http/Firewall/RememberMeListener.php':[
69,
102,
],
'project:Symfony/Component/Security/Http/Firewall/UsernamePasswordFormAuthenticationListener.php':[
44,
50,
],
'project:Symfony/Component/Security/Http/RememberMe/PersistentTokenBasedRememberMeServices.php':[
79,
],
'project:Symfony/Component/Security/Http/Tests/Firewall/SwitchUserListenerTest.php':[
128,
254,
],
'project:Symfony/Component/Security/Http/Tests/RememberMe/PersistentTokenBasedRememberMeServicesTest.php':[
60,
],
'project:Symfony/Component/Serializer/Normalizer/AbstractNormalizer.php':[
200,
],
'project:Symfony/Component/Serializer/Tests/Encoder/CsvEncoderTest.php':[
42,
57,
68,
78,
93,
107,
119,
180,
187,
194,
201,
211,
218,
225,
232,
242,
251,
260,
269,
293,
293,
297,
304,
304,
319,
319,
326,
335,
335,
354,
354,
361,
371,
371,
376,
384,
384,
396,
396,
417,
417,
424,
],
'project:Symfony/Component/Serializer/Tests/Encoder/XmlEncoderTest.php':[
839,
841,
849,
851,
],
'project:Symfony/Component/Serializer/Tests/Mapping/Loader/AnnotationLoaderTest.php':[
65,
],
'project:Symfony/Component/Serializer/Tests/Mapping/Loader/XmlFileLoaderTest.php':[
86,
],
'project:Symfony/Component/Serializer/Tests/Mapping/Loader/YamlFileLoaderTest.php':[
101,
],
'project:Symfony/Component/Serializer/Tests/Normalizer/DateTimeNormalizerTest.php':[
68,
111,
],
'project:Symfony/Component/Serializer/Tests/Normalizer/GetSetMethodNormalizerTest.php':[
113,
114,
123,
124,
133,
134,
143,
144,
152,
153,
160,
161,
],
'project:Symfony/Component/Serializer/Tests/Normalizer/ObjectNormalizerTest.php':[
118,
119,
128,
129,
138,
139,
148,
149,
381,
617,
832,
833,
838,
852,
874,
],
'project:Symfony/Component/Serializer/Tests/Normalizer/PropertyNormalizerTest.php':[
111,
],
'project:Symfony/Component/Yaml/Dumper.php':[
86,
],
'project:Symfony/Component/Yaml/Tests/ParserTest.php':[
913,
939,
967,
996,
1028,
],
}
