{
'project:PHP_CodeSniffer/src/Files/File.php':[
1749,
],
'project:PhpSpreadsheet/src/PhpSpreadsheet/Calculation/Calculation.php':[
2469,
],
'project:PhpSpreadsheet/src/PhpSpreadsheet/Cell/DataValidator.php':[
35,
],
'project:PhpSpreadsheet/src/PhpSpreadsheet/Reader/Gnumeric.php':[
348,
663,
],
'project:PhpSpreadsheet/src/PhpSpreadsheet/Reader/Html.php':[
296,
361,
646,
],
'project:PhpSpreadsheet/src/PhpSpreadsheet/Reader/Ods.php':[
430,
],
'project:PhpSpreadsheet/src/PhpSpreadsheet/Reader/Xls.php':[
1150,
1205,
2052,
2061,
2245,
2296,
2656,
3453,
4148,
5026,
7479,
],
'project:PhpSpreadsheet/src/PhpSpreadsheet/Reader/Xlsx.php':[
85,
125,
411,
562,
1993,
2003,
],
'project:PhpSpreadsheet/src/PhpSpreadsheet/Reader/Xlsx/Chart.php':[
68,
227,
231,
274,
],
'project:PhpSpreadsheet/src/PhpSpreadsheet/Reader/Xml.php':[
844,
868,
],
'project:PhpSpreadsheet/src/PhpSpreadsheet/Worksheet/AutoFilter.php':[
418,
573,
],
'project:PhpSpreadsheet/src/PhpSpreadsheet/Writer/Ods/Content.php':[
325,
],
'project:PhpSpreadsheet/src/PhpSpreadsheet/Writer/Xls/Escher.php':[
209,
],
'project:PhpSpreadsheet/src/PhpSpreadsheet/Writer/Xlsx/StringTable.php':[
228,
],
'project:Symfony/Component/HttpFoundation/Session/Storage/Handler/PdoSessionHandler.php':[
786,
819,
],
'project:Symfony/Component/HttpKernel/Tests/Controller/ArgumentResolver/TraceableValueResolverTest.php':[
49,
],
'project:Symfony/Component/Routing/Tests/Fixtures/dumper/url_matcher3.php':[
30,
],
'project:Symfony/Component/Security/Core/Authorization/AccessDecisionManager.php':[
116,
],
}
