{
'project:Symfony/Component/Form/Tests/ChoiceList/Factory/DefaultChoiceListFactoryTest.php':[
627,
665,
],
'project:Symfony/Component/Form/Tests/Fixtures/Author.php':[
40,
65,
74,
],
'project:Symfony/Component/HttpKernel/Tests/Controller/ControllerResolverTest.php':[
221,
],
'project:Symfony/Component/PropertyAccess/Tests/Fixtures/TestClass.php':[
146,
150,
155,
159,
164,
168,
],
'project:Symfony/Component/PropertyAccess/Tests/Fixtures/Ticket5775Object.php':[
23,
],
'project:Symfony/Component/Routing/Loader/Configurator/CollectionConfigurator.php':[
91,
],
'project:Symfony/Component/Security/Core/Authorization/AccessDecisionManager.php':[
69,
109,
150,
],
'project:Symfony/Component/Serializer/Tests/Normalizer/GetSetMethodNormalizerTest.php':[
802,
],
}
