{
'project:Symfony/Bridge/Doctrine/Tests/Fixtures/AssociationEntity.php':[
26,
],
'project:Symfony/Bridge/Doctrine/Tests/Fixtures/AssociationEntity2.php':[
26,
],
'project:Symfony/Bridge/Doctrine/Tests/PropertyInfo/Fixtures/DoctrineDummy.php':[
62,
67,
72,
77,
82,
87,
92,
97,
102,
107,
112,
],
'project:Symfony/Component/Form/Tests/Extension/Validator/ValidatorTypeGuesserTest.php':[
137,
],
'project:Symfony/Component/Form/Tests/Fixtures/Author.php':[
22,
],
'project:Symfony/Component/HttpKernel/Tests/KernelTest.php':[
707,
],
'project:Symfony/Component/PropertyAccess/Tests/Fixtures/TestClass.php':[
18,
],
'project:Symfony/Component/PropertyInfo/Tests/Fixtures/AdderRemoverDummy.php':[
19,
20,
],
'project:Symfony/Component/PropertyInfo/Tests/Fixtures/Dummy.php':[
24,
],
'project:Symfony/Component/Serializer/Tests/Normalizer/PropertyNormalizerTest.php':[
513,
518,
],
}
