{
'project:PHPMailer/src/PHPMailer.php':[
0,
],
'project:PHPMailer/test/phpmailerTest.php':[
0,
],
'project:PHP_CodeSniffer/src/Config.php':[
0,
],
'project:PHP_CodeSniffer/src/Files/File.php':[
0,
],
'project:PHP_CodeSniffer/src/Standards/Generic/Sniffs/WhiteSpace/ScopeIndentSniff.php':[
0,
],
'project:PHP_CodeSniffer/src/Tokenizers/PHP.php':[
0,
],
'project:PHP_CodeSniffer/src/Tokenizers/Tokenizer.php':[
0,
],
'project:PhpSpreadsheet/src/PhpSpreadsheet/Calculation/Calculation.php':[
0,
],
'project:PhpSpreadsheet/src/PhpSpreadsheet/Calculation/Engineering.php':[
0,
],
'project:PhpSpreadsheet/src/PhpSpreadsheet/Calculation/Financial.php':[
0,
],
'project:PhpSpreadsheet/src/PhpSpreadsheet/Calculation/Statistical.php':[
0,
],
'project:PhpSpreadsheet/src/PhpSpreadsheet/Reader/Xls.php':[
0,
],
'project:PhpSpreadsheet/src/PhpSpreadsheet/Reader/Xlsx.php':[
0,
],
'project:PhpSpreadsheet/src/PhpSpreadsheet/Worksheet/Worksheet.php':[
0,
],
'project:PhpSpreadsheet/src/PhpSpreadsheet/Writer/Xls/Worksheet.php':[
0,
],
'project:PhpSpreadsheet/src/PhpSpreadsheet/Writer/Xlsx/Chart.php':[
0,
],
'project:PhpSpreadsheet/tests/data/Calculation/Engineering/COMPLEX.php':[
0,
],
'project:Symfony/Bridge/Doctrine/Tests/Form/Type/EntityTypeTest.php':[
0,
],
'project:Symfony/Bridge/Twig/Tests/Extension/AbstractBootstrap3LayoutTest.php':[
0,
],
'project:Symfony/Bundle/FrameworkBundle/DependencyInjection/Configuration.php':[
0,
],
'project:Symfony/Bundle/FrameworkBundle/DependencyInjection/FrameworkExtension.php':[
0,
],
'project:Symfony/Bundle/FrameworkBundle/Tests/DependencyInjection/FrameworkExtensionTest.php':[
0,
],
'project:Symfony/Component/Filesystem/Tests/FilesystemTest.php':[
0,
],
'project:Symfony/Component/Finder/Tests/FinderTest.php':[
0,
],
'project:Symfony/Component/Form/Tests/AbstractLayoutTest.php':[
0,
],
'project:Symfony/Component/Form/Tests/Extension/Core/Type/ChoiceTypeTest.php':[
0,
],
'project:Symfony/Component/Form/Tests/Extension/Validator/ViolationMapper/ViolationMapperTest.php':[
0,
],
'project:Symfony/Component/HttpFoundation/Request.php':[
0,
],
'project:Symfony/Component/HttpFoundation/Tests/RequestTest.php':[
0,
],
'project:Symfony/Component/HttpKernel/Tests/HttpCache/HttpCacheTest.php':[
0,
],
'project:Symfony/Component/OptionsResolver/Tests/OptionsResolverTest.php':[
0,
],
'project:Symfony/Component/Process/Tests/ProcessTest.php':[
0,
],
'project:Symfony/Component/Routing/Tests/Fixtures/dumper/url_matcher10.php':[
0,
],
'project:Symfony/Component/Yaml/Tests/ParserTest.php':[
0,
],
}
