{
'project:Symfony/Component/Process/Pipes/AbstractPipes.php':[
138,
],
}
