{
'project:PHP_CodeSniffer/src/Config.php':[
1033,
],
'project:PHP_CodeSniffer/src/Standards/PEAR/Sniffs/Commenting/ClassCommentSniff.php':[
94,
],
'project:PHP_CodeSniffer/src/Standards/Squiz/Sniffs/WhiteSpace/OperatorSpacingSniff.php':[
192,
],
'project:PhpSpreadsheet/src/PhpSpreadsheet/Calculation/MathTrig.php':[
73,
],
'project:PhpSpreadsheet/src/PhpSpreadsheet/Calculation/Statistical.php':[
640,
1063,
2088,
2251,
3011,
3110,
3441,
3539,
],
}
