{
'project:Symfony/Bundle/FrameworkBundle/Resources/views/Form/choice_options.html.php':[
1,
],
'project:Symfony/Bundle/FrameworkBundle/Resources/views/Form/container_attributes.html.php':[
1,
],
'project:Symfony/Bundle/FrameworkBundle/Resources/views/Form/email_widget.html.php':[
1,
],
'project:Symfony/Bundle/FrameworkBundle/Resources/views/Form/hidden_row.html.php':[
1,
],
'project:Symfony/Bundle/FrameworkBundle/Resources/views/Form/hidden_widget.html.php':[
1,
],
'project:Symfony/Bundle/FrameworkBundle/Resources/views/Form/integer_widget.html.php':[
1,
],
'project:Symfony/Bundle/FrameworkBundle/Resources/views/Form/money_widget.html.php':[
1,
],
'project:Symfony/Bundle/FrameworkBundle/Resources/views/Form/number_widget.html.php':[
1,
],
'project:Symfony/Bundle/FrameworkBundle/Resources/views/Form/password_widget.html.php':[
1,
],
'project:Symfony/Bundle/FrameworkBundle/Resources/views/Form/repeated_row.html.php':[
1,
],
'project:Symfony/Bundle/FrameworkBundle/Resources/views/Form/reset_widget.html.php':[
1,
],
'project:Symfony/Bundle/FrameworkBundle/Resources/views/Form/search_widget.html.php':[
1,
],
'project:Symfony/Bundle/FrameworkBundle/Resources/views/Form/submit_widget.html.php':[
1,
],
'project:Symfony/Bundle/FrameworkBundle/Resources/views/Form/url_widget.html.php':[
1,
],
}
