{
'project:PHPMailer/src/PHPMailer.php':[
1384,
1471,
4154,
],
'project:PHP_CodeSniffer/src/Files/File.php':[
339,
903,
2185,
],
'project:PHP_CodeSniffer/src/Standards/Generic/Sniffs/Functions/CallTimePassByReferenceSniff.php':[
129,
],
'project:PHP_CodeSniffer/src/Standards/Generic/Sniffs/VersionControl/GitMergeConflictSniff.php':[
93,
107,
154,
168,
],
'project:PHP_CodeSniffer/src/Standards/Generic/Sniffs/WhiteSpace/ScopeIndentSniff.php':[
218,
507,
522,
553,
632,
864,
],
'project:PHP_CodeSniffer/src/Standards/PSR1/Sniffs/Files/SideEffectsSniff.php':[
100,
109,
],
'project:PHP_CodeSniffer/src/Standards/Squiz/Sniffs/ControlStructures/SwitchDeclarationSniff.php':[
151,
],
'project:PHP_CodeSniffer/src/Standards/Squiz/Sniffs/PHP/DisallowMultipleAssignmentsSniff.php':[
145,
],
'project:PHP_CodeSniffer/src/Standards/Squiz/Sniffs/PHP/EmbeddedPhpSniff.php':[
345,
],
'project:PHP_CodeSniffer/src/Standards/Squiz/Sniffs/Strings/ConcatenationSpacingSniff.php':[
94,
],
'project:PHP_CodeSniffer/src/Standards/Squiz/Sniffs/WhiteSpace/ControlStructureSpacingSniff.php':[
317,
],
'project:PHP_CodeSniffer/src/Tokenizers/CSS.php':[
86,
],
'project:PHP_CodeSniffer/src/Tokenizers/PHP.php':[
743,
781,
819,
865,
890,
993,
1168,
],
'project:PHP_CodeSniffer/src/Tokenizers/Tokenizer.php':[
227,
900,
1089,
],
'project:PHP_CodeSniffer/src/Util/Cache.php':[
113,
],
'project:PhpSpreadsheet/src/PhpSpreadsheet/Calculation/Calculation.php':[
3333,
3571,
3966,
4221,
],
'project:PhpSpreadsheet/src/PhpSpreadsheet/Calculation/DateTime.php':[
39,
],
'project:PhpSpreadsheet/src/PhpSpreadsheet/Calculation/Engineering.php':[
1711,
],
'project:PhpSpreadsheet/src/PhpSpreadsheet/Calculation/Financial.php':[
884,
892,
954,
960,
],
'project:PhpSpreadsheet/src/PhpSpreadsheet/Calculation/FormulaParser.php':[
498,
510,
545,
564,
],
'project:PhpSpreadsheet/src/PhpSpreadsheet/Calculation/LookupRef.php':[
712,
777,
],
'project:PhpSpreadsheet/src/PhpSpreadsheet/Calculation/Statistical.php':[
732,
733,
771,
772,
],
'project:PhpSpreadsheet/src/PhpSpreadsheet/Reader/Xlsx.php':[
1014,
],
'project:PhpSpreadsheet/src/PhpSpreadsheet/Shared/OLE.php':[
376,
],
'project:PhpSpreadsheet/src/PhpSpreadsheet/Shared/StringHelper.php':[
269,
],
'project:PhpSpreadsheet/src/PhpSpreadsheet/Worksheet/Protection.php':[
142,
],
'project:PhpSpreadsheet/src/PhpSpreadsheet/Writer/Xls/Parser.php':[
1030,
1047,
1427,
],
'project:PhpSpreadsheet/src/PhpSpreadsheet/Writer/Xls/Worksheet.php':[
3015,
3052,
],
'project:PhpSpreadsheet/src/PhpSpreadsheet/Writer/Xls/Xf.php':[
164,
],
'project:PhpSpreadsheet/src/PhpSpreadsheet/Writer/Xlsx/StringTable.php':[
42,
],
'project:PhpSpreadsheet/src/PhpSpreadsheet/Writer/Xlsx/Worksheet.php':[
979,
],
'project:Symfony/Bridge/Monolog/Handler/FingersCrossed/NotFoundActivationStrategy.php':[
42,
],
'project:Symfony/Bridge/Monolog/Logger.php':[
31,
49,
],
'project:Symfony/Bridge/Monolog/Processor/DebugProcessor.php':[
66,
88,
],
'project:Symfony/Bridge/PhpUnit/DeprecationErrorHandler.php':[
57,
120,
144,
323,
],
'project:Symfony/Bridge/Twig/Command/DebugCommand.php':[
557,
],
'project:Symfony/Bridge/Twig/Extension/RoutingExtension.php':[
103,
],
'project:Symfony/Bundle/FrameworkBundle/DependencyInjection/Compiler/TestServiceContainerWeakRefPass.php':[
34,
],
'project:Symfony/Bundle/FrameworkBundle/Resources/views/Form/choice_widget_collapsed.html.php':[
2,
],
'project:Symfony/Bundle/WebProfilerBundle/EventListener/WebDebugToolbarListener.php':[
100,
],
'project:Symfony/Component/Filesystem/Filesystem.php':[
612,
],
'project:Symfony/Component/Finder/Finder.php':[
423,
],
'project:Symfony/Component/Finder/Glob.php':[
63,
81,
],
'project:Symfony/Component/Form/Extension/Core/DataMapper/PropertyPathMapper.php':[
75,
],
'project:Symfony/Component/Form/Extension/Core/Type/DateIntervalType.php':[
51,
],
'project:Symfony/Component/Form/Form.php':[
718,
],
'project:Symfony/Component/HttpFoundation/Request.php':[
1088,
],
'project:Symfony/Component/HttpFoundation/Response.php':[
1216,
],
'project:Symfony/Component/HttpFoundation/Session/Storage/Handler/RedisSessionHandler.php':[
45,
],
'project:Symfony/Component/HttpKernel/DataCollector/DumpDataCollector.php':[
99,
104,
],
'project:Symfony/Component/HttpKernel/DependencyInjection/RegisterControllerArgumentLocatorsPass.php':[
163,
],
'project:Symfony/Component/HttpKernel/Profiler/FileProfilerStorage.php':[
67,
],
'project:Symfony/Component/Lock/Store/RedisStore.php':[
38,
],
'project:Symfony/Component/Lock/Store/StoreFactory.php':[
33,
],
'project:Symfony/Component/OptionsResolver/OptionsResolver.php':[
197,
],
'project:Symfony/Component/Process/Process.php':[
612,
],
'project:Symfony/Component/PropertyAccess/PropertyAccessor.php':[
268,
687,
],
'project:Symfony/Component/Routing/Generator/UrlGenerator.php':[
334,
],
'project:Symfony/Component/Security/Core/Encoder/EncoderFactory.php':[
43,
],
'project:Symfony/Component/Security/Http/RememberMe/AbstractRememberMeServices.php':[
294,
],
'project:Symfony/Component/Serializer/Normalizer/AbstractNormalizer.php':[
202,
],
'project:Symfony/Component/Serializer/Normalizer/GetSetMethodNormalizer.php':[
87,
],
'project:Symfony/Component/Yaml/Dumper.php':[
65,
],
'project:Symfony/Component/Yaml/Inline.php':[
298,
671,
],
'project:Symfony/Component/Yaml/Parser.php':[
297,
707,
],
}
