{
'project:PHPMailer/src/SMTP.php':[
572,
580,
580,
],
'project:PHPMailer/test/phpmailerTest.php':[
1142,
],
'project:PHP_CodeSniffer/src/Util/Cache.php':[
141,
146,
159,
225,
],
'project:PhpSpreadsheet/src/PhpSpreadsheet/Cell/DataValidation.php':[
449,
],
'project:PhpSpreadsheet/src/PhpSpreadsheet/Cell/Hyperlink.php':[
107,
],
'project:PhpSpreadsheet/src/PhpSpreadsheet/Comment.php':[
293,
],
'project:PhpSpreadsheet/src/PhpSpreadsheet/RichText/RichText.php':[
157,
],
'project:PhpSpreadsheet/src/PhpSpreadsheet/RichText/Run.php':[
59,
],
'project:PhpSpreadsheet/src/PhpSpreadsheet/RichText/TextElement.php':[
66,
],
'project:PhpSpreadsheet/src/PhpSpreadsheet/Shared/Trend/Trend.php':[
66,
],
'project:PhpSpreadsheet/src/PhpSpreadsheet/Style/Alignment.php':[
455,
],
'project:PhpSpreadsheet/src/PhpSpreadsheet/Style/Border.php':[
233,
],
'project:PhpSpreadsheet/src/PhpSpreadsheet/Style/Borders.php':[
413,
],
'project:PhpSpreadsheet/src/PhpSpreadsheet/Style/Color.php':[
398,
],
'project:PhpSpreadsheet/src/PhpSpreadsheet/Style/Conditional.php':[
249,
],
'project:PhpSpreadsheet/src/PhpSpreadsheet/Style/Fill.php':[
317,
],
'project:PhpSpreadsheet/src/PhpSpreadsheet/Style/Font.php':[
543,
],
'project:PhpSpreadsheet/src/PhpSpreadsheet/Style/NumberFormat.php':[
370,
],
'project:PhpSpreadsheet/src/PhpSpreadsheet/Style/Protection.php':[
184,
],
'project:PhpSpreadsheet/src/PhpSpreadsheet/Style/Style.php':[
604,
],
'project:PhpSpreadsheet/src/PhpSpreadsheet/Worksheet/BaseDrawing.php':[
490,
],
'project:PhpSpreadsheet/src/PhpSpreadsheet/Worksheet/Drawing.php':[
110,
],
'project:PhpSpreadsheet/src/PhpSpreadsheet/Worksheet/Drawing/Shadow.php':[
263,
],
'project:PhpSpreadsheet/src/PhpSpreadsheet/Worksheet/HeaderFooterDrawing.php':[
14,
],
'project:PhpSpreadsheet/src/PhpSpreadsheet/Worksheet/MemoryDrawing.php':[
56,
161,
],
'project:PhpSpreadsheet/src/PhpSpreadsheet/Worksheet/Worksheet.php':[
2711,
],
'project:PhpSpreadsheet/src/PhpSpreadsheet/Writer/Xls/Worksheet.php':[
1572,
],
'project:PhpSpreadsheet/src/PhpSpreadsheet/Writer/Xlsx/Drawing.php':[
446,
],
'project:PhpSpreadsheet/src/PhpSpreadsheet/Writer/Xlsx/Worksheet.php':[
654,
],
'project:Symfony/Bundle/FrameworkBundle/Tests/DependencyInjection/FrameworkExtensionTest.php':[
1262,
],
'project:Symfony/Bundle/SecurityBundle/Tests/Functional/app/AppKernel.php':[
51,
],
'project:Symfony/Component/HttpFoundation/Tests/ServerBagTest.php':[
105,
116,
127,
],
'project:Symfony/Component/HttpKernel/DataCollector/LoggerDataCollector.php':[
197,
],
'project:Symfony/Component/Lock/Store/ZookeeperStore.php':[
131,
135,
],
'project:Symfony/Component/Routing/Tests/Matcher/Dumper/PhpMatcherDumperTest.php':[
419,
],
'project:Symfony/Component/Serializer/Normalizer/AbstractObjectNormalizer.php':[
461,
],
}
