{
'project:Symfony/Component/Process/Tests/ProcessTest.php':[
781,
],
}
