{
'project:PHPMailer/src/PHPMailer.php':[
1103,
1371,
1547,
1754,
1841,
2116,
2284,
2469,
2849,
3044,
3724,
4274,
],
'project:PHPMailer/src/SMTP.php':[
425,
641,
769,
],
'project:PHP_CodeSniffer/autoload.php':[
64,
150,
],
'project:PHP_CodeSniffer/src/Config.php':[
319,
409,
458,
692,
1560,
],
'project:PHP_CodeSniffer/src/Files/File.php':[
310,
834,
1285,
1476,
1621,
1778,
1961,
2042,
2091,
2156,
2245,
],
'project:PHP_CodeSniffer/src/Filters/Filter.php':[
196,
],
'project:PHP_CodeSniffer/src/Fixer.php':[
140,
459,
],
'project:PHP_CodeSniffer/src/Generators/Text.php':[
118,
],
'project:PHP_CodeSniffer/src/Reporter.php':[
97,
333,
],
'project:PHP_CodeSniffer/src/Reports/Cbf.php':[
38,
132,
],
'project:PHP_CodeSniffer/src/Reports/Code.php':[
33,
],
'project:PHP_CodeSniffer/src/Reports/Full.php':[
33,
],
'project:PHP_CodeSniffer/src/Reports/Info.php':[
63,
],
'project:PHP_CodeSniffer/src/Reports/Junit.php':[
34,
],
'project:PHP_CodeSniffer/src/Reports/Source.php':[
83,
282,
],
'project:PHP_CodeSniffer/src/Reports/Summary.php':[
65,
],
'project:PHP_CodeSniffer/src/Reports/VersionControl.php':[
41,
150,
],
'project:PHP_CodeSniffer/src/Ruleset.php':[
126,
310,
665,
847,
1172,
1258,
],
'project:PHP_CodeSniffer/src/Runner.php':[
54,
309,
574,
668,
729,
],
'project:PHP_CodeSniffer/src/Sniffs/AbstractArraySniff.php':[
43,
],
'project:PHP_CodeSniffer/src/Sniffs/AbstractPatternSniff.php':[
255,
769,
],
'project:PHP_CodeSniffer/src/Sniffs/AbstractVariableSniff.php':[
79,
],
'project:PHP_CodeSniffer/src/Standards/Generic/Sniffs/Arrays/ArrayIndentSniff.php':[
58,
],
'project:PHP_CodeSniffer/src/Standards/Generic/Sniffs/Classes/OpeningBraceSameLineSniff.php':[
44,
],
'project:PHP_CodeSniffer/src/Standards/Generic/Sniffs/CodeAnalysis/AssignmentInConditionSniff.php':[
78,
],
'project:PHP_CodeSniffer/src/Standards/Generic/Sniffs/CodeAnalysis/UnusedFunctionParameterSniff.php':[
51,
],
'project:PHP_CodeSniffer/src/Standards/Generic/Sniffs/CodeAnalysis/UselessOverridingMethodSniff.php':[
53,
],
'project:PHP_CodeSniffer/src/Standards/Generic/Sniffs/Commenting/DocCommentSniff.php':[
50,
],
'project:PHP_CodeSniffer/src/Standards/Generic/Sniffs/ControlStructures/InlineControlStructureSniff.php':[
67,
],
'project:PHP_CodeSniffer/src/Standards/Generic/Sniffs/Files/LineEndingsSniff.php':[
58,
],
'project:PHP_CodeSniffer/src/Standards/Generic/Sniffs/Files/LineLengthSniff.php':[
94,
],
'project:PHP_CodeSniffer/src/Standards/Generic/Sniffs/Formatting/DisallowMultipleStatementsSniff.php':[
40,
],
'project:PHP_CodeSniffer/src/Standards/Generic/Sniffs/Formatting/MultipleStatementAlignmentSniff.php':[
104,
],
'project:PHP_CodeSniffer/src/Standards/Generic/Sniffs/Functions/CallTimePassByReferenceSniff.php':[
44,
],
'project:PHP_CodeSniffer/src/Standards/Generic/Sniffs/Functions/FunctionCallArgumentSpacingSniff.php':[
47,
],
'project:PHP_CodeSniffer/src/Standards/Generic/Sniffs/Functions/OpeningFunctionBraceBsdAllmanSniff.php':[
58,
],
'project:PHP_CodeSniffer/src/Standards/Generic/Sniffs/Functions/OpeningFunctionBraceKernighanRitchieSniff.php':[
59,
],
'project:PHP_CodeSniffer/src/Standards/Generic/Sniffs/NamingConventions/UpperCaseConstantNameSniff.php':[
44,
],
'project:PHP_CodeSniffer/src/Standards/Generic/Sniffs/PHP/DisallowAlternativePHPTagsSniff.php':[
72,
],
'project:PHP_CodeSniffer/src/Standards/Generic/Sniffs/PHP/DisallowShortOpenTagSniff.php':[
51,
],
'project:PHP_CodeSniffer/src/Standards/Generic/Sniffs/PHP/LowerCaseTypeSniff.php':[
44,
],
'project:PHP_CodeSniffer/src/Standards/Generic/Sniffs/Strings/UnnecessaryStringConcatSniff.php':[
71,
],
'project:PHP_CodeSniffer/src/Standards/Generic/Sniffs/VersionControl/GitMergeConflictSniff.php':[
51,
],
'project:PHP_CodeSniffer/src/Standards/Generic/Sniffs/VersionControl/SubversionPropertiesSniff.php':[
120,
],
'project:PHP_CodeSniffer/src/Standards/Generic/Sniffs/WhiteSpace/ArbitraryParenthesesSpacingSniff.php':[
86,
],
'project:PHP_CodeSniffer/src/Standards/Generic/Sniffs/WhiteSpace/DisallowSpaceIndentSniff.php':[
58,
],
'project:PHP_CodeSniffer/src/Standards/Generic/Sniffs/WhiteSpace/DisallowTabIndentSniff.php':[
58,
],
'project:PHP_CodeSniffer/src/Standards/Generic/Sniffs/WhiteSpace/LanguageConstructSpacingSniff.php':[
55,
],
'project:PHP_CodeSniffer/src/Standards/Generic/Sniffs/WhiteSpace/ScopeIndentSniff.php':[
127,
1319,
],
'project:PHP_CodeSniffer/src/Standards/MySource/Sniffs/Channels/DisallowSelfActionsSniff.php':[
41,
],
'project:PHP_CodeSniffer/src/Standards/MySource/Sniffs/Channels/IncludeSystemSniff.php':[
63,
204,
],
'project:PHP_CodeSniffer/src/Standards/MySource/Sniffs/Channels/UnusedSystemSniff.php':[
40,
],
'project:PHP_CodeSniffer/src/Standards/MySource/Sniffs/Commenting/FunctionCommentSniff.php':[
31,
],
'project:PHP_CodeSniffer/src/Standards/MySource/Sniffs/Objects/CreateWidgetTypeCallbackSniff.php':[
48,
],
'project:PHP_CodeSniffer/src/Standards/MySource/Sniffs/PHP/EvalObjectFactorySniff.php':[
41,
],
'project:PHP_CodeSniffer/src/Standards/MySource/Sniffs/PHP/GetRequestDataSniff.php':[
40,
],
'project:PHP_CodeSniffer/src/Standards/PEAR/Sniffs/Classes/ClassDeclarationSniff.php':[
44,
],
'project:PHP_CodeSniffer/src/Standards/PEAR/Sniffs/Commenting/FileCommentSniff.php':[
93,
209,
475,
],
'project:PHP_CodeSniffer/src/Standards/PEAR/Sniffs/Commenting/FunctionCommentSniff.php':[
41,
198,
],
'project:PHP_CodeSniffer/src/Standards/PEAR/Sniffs/ControlStructures/MultiLineConditionSniff.php':[
61,
],
'project:PHP_CodeSniffer/src/Standards/PEAR/Sniffs/Files/IncludingFileSniff.php':[
48,
],
'project:PHP_CodeSniffer/src/Standards/PEAR/Sniffs/Functions/FunctionCallSignatureSniff.php':[
85,
206,
336,
],
'project:PHP_CodeSniffer/src/Standards/PEAR/Sniffs/Functions/FunctionDeclarationSniff.php':[
63,
262,
],
'project:PHP_CodeSniffer/src/Standards/PEAR/Sniffs/NamingConventions/ValidClassNameSniff.php':[
44,
],
'project:PHP_CodeSniffer/src/Standards/PEAR/Sniffs/NamingConventions/ValidFunctionNameSniff.php':[
71,
162,
],
'project:PHP_CodeSniffer/src/Standards/PEAR/Sniffs/WhiteSpace/ObjectOperatorIndentSniff.php':[
47,
],
'project:PHP_CodeSniffer/src/Standards/PEAR/Sniffs/WhiteSpace/ScopeClosingBraceSniff.php':[
48,
],
'project:PHP_CodeSniffer/src/Standards/PSR1/Sniffs/Files/SideEffectsSniff.php':[
79,
],
'project:PHP_CodeSniffer/src/Standards/PSR12/Sniffs/Operators/OperatorSpacingSniff.php':[
54,
],
'project:PHP_CodeSniffer/src/Standards/PSR2/Sniffs/Classes/ClassDeclarationSniff.php':[
62,
],
'project:PHP_CodeSniffer/src/Standards/PSR2/Sniffs/ControlStructures/ControlStructureSpacingSniff.php':[
66,
],
'project:PHP_CodeSniffer/src/Standards/PSR2/Sniffs/ControlStructures/SwitchDeclarationSniff.php':[
48,
240,
],
'project:PHP_CodeSniffer/src/Standards/PSR2/Sniffs/Methods/MethodDeclarationSniff.php':[
39,
],
'project:PHP_CodeSniffer/src/Standards/PSR2/Sniffs/Namespaces/NamespaceDeclarationSniff.php':[
40,
],
'project:PHP_CodeSniffer/src/Standards/PSR2/Sniffs/Namespaces/UseDeclarationSniff.php':[
41,
],
'project:PHP_CodeSniffer/src/Standards/Squiz/Sniffs/Arrays/ArrayDeclarationSniff.php':[
44,
144,
312,
],
'project:PHP_CodeSniffer/src/Standards/Squiz/Sniffs/CSS/ClassDefinitionClosingBraceSpaceSniff.php':[
48,
],
'project:PHP_CodeSniffer/src/Standards/Squiz/Sniffs/CSS/ClassDefinitionOpeningBraceSpaceSniff.php':[
48,
],
'project:PHP_CodeSniffer/src/Standards/Squiz/Sniffs/CSS/ColonSpacingSniff.php':[
48,
],
'project:PHP_CodeSniffer/src/Standards/Squiz/Sniffs/CSS/IndentationSniff.php':[
55,
],
'project:PHP_CodeSniffer/src/Standards/Squiz/Sniffs/CSS/LowercaseStyleDefinitionSniff.php':[
47,
],
'project:PHP_CodeSniffer/src/Standards/Squiz/Sniffs/CSS/OpacitySniff.php':[
47,
],
'project:PHP_CodeSniffer/src/Standards/Squiz/Sniffs/CSS/ShorthandSizeSniff.php':[
62,
],
'project:PHP_CodeSniffer/src/Standards/Squiz/Sniffs/Classes/ClassDeclarationSniff.php':[
54,
98,
],
'project:PHP_CodeSniffer/src/Standards/Squiz/Sniffs/Classes/SelfMemberReferenceSniff.php':[
43,
],
'project:PHP_CodeSniffer/src/Standards/Squiz/Sniffs/Commenting/BlockCommentSniff.php':[
51,
],
'project:PHP_CodeSniffer/src/Standards/Squiz/Sniffs/Commenting/ClosingDeclarationCommentSniff.php':[
44,
],
'project:PHP_CodeSniffer/src/Standards/Squiz/Sniffs/Commenting/DocCommentAlignmentSniff.php':[
51,
],
'project:PHP_CodeSniffer/src/Standards/Squiz/Sniffs/Commenting/FileCommentSniff.php':[
50,
],
'project:PHP_CodeSniffer/src/Standards/Squiz/Sniffs/Commenting/FunctionCommentSniff.php':[
38,
189,
257,
],
'project:PHP_CodeSniffer/src/Standards/Squiz/Sniffs/Commenting/FunctionCommentThrowTagSniff.php':[
41,
],
'project:PHP_CodeSniffer/src/Standards/Squiz/Sniffs/Commenting/InlineCommentSniff.php':[
54,
],
'project:PHP_CodeSniffer/src/Standards/Squiz/Sniffs/Commenting/LongConditionClosingCommentSniff.php':[
82,
],
'project:PHP_CodeSniffer/src/Standards/Squiz/Sniffs/Commenting/VariableCommentSniff.php':[
29,
],
'project:PHP_CodeSniffer/src/Standards/Squiz/Sniffs/ControlStructures/ControlSignatureSniff.php':[
70,
],
'project:PHP_CodeSniffer/src/Standards/Squiz/Sniffs/ControlStructures/ForEachLoopDeclarationSniff.php':[
55,
],
'project:PHP_CodeSniffer/src/Standards/Squiz/Sniffs/ControlStructures/ForLoopDeclarationSniff.php':[
64,
],
'project:PHP_CodeSniffer/src/Standards/Squiz/Sniffs/ControlStructures/InlineIfDeclarationSniff.php':[
40,
],
'project:PHP_CodeSniffer/src/Standards/Squiz/Sniffs/ControlStructures/SwitchDeclarationSniff.php':[
58,
],
'project:PHP_CodeSniffer/src/Standards/Squiz/Sniffs/Formatting/OperatorBracketSniff.php':[
51,
266,
],
'project:PHP_CodeSniffer/src/Standards/Squiz/Sniffs/Functions/FunctionDeclarationArgumentSpacingSniff.php':[
104,
],
'project:PHP_CodeSniffer/src/Standards/Squiz/Sniffs/Functions/MultiLineFunctionDeclarationSniff.php':[
42,
143,
],
'project:PHP_CodeSniffer/src/Standards/Squiz/Sniffs/NamingConventions/ValidVariableNameSniff.php':[
29,
],
'project:PHP_CodeSniffer/src/Standards/Squiz/Sniffs/Operators/ComparisonOperatorUsageSniff.php':[
89,
],
'project:PHP_CodeSniffer/src/Standards/Squiz/Sniffs/Operators/IncrementDecrementUsageSniff.php':[
118,
],
'project:PHP_CodeSniffer/src/Standards/Squiz/Sniffs/PHP/CommentedOutCodeSniff.php':[
60,
],
'project:PHP_CodeSniffer/src/Standards/Squiz/Sniffs/PHP/DisallowComparisonAssignmentSniff.php':[
41,
],
'project:PHP_CodeSniffer/src/Standards/Squiz/Sniffs/PHP/DisallowMultipleAssignmentsSniff.php':[
41,
],
'project:PHP_CodeSniffer/src/Standards/Squiz/Sniffs/PHP/DisallowSizeFunctionsInLoopsSniff.php':[
67,
],
'project:PHP_CodeSniffer/src/Standards/Squiz/Sniffs/PHP/EmbeddedPhpSniff.php':[
66,
299,
],
'project:PHP_CodeSniffer/src/Standards/Squiz/Sniffs/PHP/NonExecutableCodeSniff.php':[
48,
],
'project:PHP_CodeSniffer/src/Standards/Squiz/Sniffs/Strings/ConcatenationSpacingSniff.php':[
55,
],
'project:PHP_CodeSniffer/src/Standards/Squiz/Sniffs/Strings/DoubleQuoteUsageSniff.php':[
43,
],
'project:PHP_CodeSniffer/src/Standards/Squiz/Sniffs/WhiteSpace/ControlStructureSpacingSniff.php':[
63,
],
'project:PHP_CodeSniffer/src/Standards/Squiz/Sniffs/WhiteSpace/FunctionClosingBraceSpaceSniff.php':[
53,
],
'project:PHP_CodeSniffer/src/Standards/Squiz/Sniffs/WhiteSpace/FunctionSpacingSniff.php':[
69,
],
'project:PHP_CodeSniffer/src/Standards/Squiz/Sniffs/WhiteSpace/LogicalOperatorSpacingSniff.php':[
51,
],
'project:PHP_CodeSniffer/src/Standards/Squiz/Sniffs/WhiteSpace/MemberVarSpacingSniff.php':[
44,
],
'project:PHP_CodeSniffer/src/Standards/Squiz/Sniffs/WhiteSpace/OperatorSpacingSniff.php':[
68,
253,
],
'project:PHP_CodeSniffer/src/Standards/Squiz/Sniffs/WhiteSpace/ScopeKeywordSpacingSniff.php':[
43,
],
'project:PHP_CodeSniffer/src/Standards/Squiz/Sniffs/WhiteSpace/SuperfluousWhitespaceSniff.php':[
71,
],
'project:PHP_CodeSniffer/src/Standards/Zend/Sniffs/NamingConventions/ValidVariableNameSniff.php':[
29,
],
'project:PHP_CodeSniffer/src/Tokenizers/CSS.php':[
52,
],
'project:PHP_CodeSniffer/src/Tokenizers/Comment.php':[
30,
],
'project:PHP_CodeSniffer/src/Tokenizers/JS.php':[
280,
923,
1060,
],
'project:PHP_CodeSniffer/src/Tokenizers/PHP.php':[
456,
1441,
1805,
],
'project:PHP_CodeSniffer/src/Tokenizers/Tokenizer.php':[
149,
547,
639,
769,
851,
1356,
],
'project:PHP_CodeSniffer/src/Util/Cache.php':[
42,
],
'project:PHP_CodeSniffer/src/Util/Common.php':[
226,
283,
396,
],
'project:PHP_CodeSniffer/src/Util/Standards.php':[
73,
162,
],
'project:PHP_CodeSniffer/tests/Standards/AbstractSniffUnitTest.php':[
116,
219,
],
'project:PHP_CodeSniffer/tests/Standards/AllSniffs.php':[
41,
],
'project:PhpSpreadsheet/src/PhpSpreadsheet/Calculation/Calculation.php':[
2409,
2711,
2891,
3028,
3071,
3115,
3189,
3284,
3618,
3992,
4040,
4193,
4292,
4341,
],
'project:PhpSpreadsheet/src/PhpSpreadsheet/Calculation/Database.php':[
57,
],
'project:PhpSpreadsheet/src/PhpSpreadsheet/Calculation/DateTime.php':[
268,
363,
473,
655,
899,
993,
1075,
1220,
],
'project:PhpSpreadsheet/src/PhpSpreadsheet/Calculation/Engineering.php':[
790,
844,
2718,
],
'project:PhpSpreadsheet/src/PhpSpreadsheet/Calculation/Financial.php':[
1323,
2190,
],
'project:PhpSpreadsheet/src/PhpSpreadsheet/Calculation/FormulaParser.php':[
132,
],
'project:PhpSpreadsheet/src/PhpSpreadsheet/Calculation/Functions.php':[
573,
606,
],
'project:PhpSpreadsheet/src/PhpSpreadsheet/Calculation/LookupRef.php':[
33,
345,
470,
582,
682,
747,
807,
],
'project:PhpSpreadsheet/src/PhpSpreadsheet/Calculation/MathTrig.php':[
403,
536,
584,
846,
],
'project:PhpSpreadsheet/src/PhpSpreadsheet/Calculation/Statistical.php':[
215,
536,
630,
763,
823,
896,
1185,
1303,
1502,
2539,
2948,
2997,
3049,
3096,
3238,
3424,
3522,
],
'project:PhpSpreadsheet/src/PhpSpreadsheet/Cell/AdvancedValueBinder.php':[
21,
],
'project:PhpSpreadsheet/src/PhpSpreadsheet/Cell/Coordinate.php':[
422,
],
'project:PhpSpreadsheet/src/PhpSpreadsheet/Cell/DefaultValueBinder.php':[
47,
],
'project:PhpSpreadsheet/src/PhpSpreadsheet/Chart/DataSeriesValues.php':[
337,
],
'project:PhpSpreadsheet/src/PhpSpreadsheet/Chart/Renderer/JpGraph.php':[
274,
337,
609,
],
'project:PhpSpreadsheet/src/PhpSpreadsheet/Reader/Csv.php':[
152,
338,
],
'project:PhpSpreadsheet/src/PhpSpreadsheet/Reader/Gnumeric.php':[
104,
193,
],
'project:PhpSpreadsheet/src/PhpSpreadsheet/Reader/Html.php':[
276,
],
'project:PhpSpreadsheet/src/PhpSpreadsheet/Reader/Ods.php':[
39,
90,
144,
255,
],
'project:PhpSpreadsheet/src/PhpSpreadsheet/Reader/Slk.php':[
203,
],
'project:PhpSpreadsheet/src/PhpSpreadsheet/Reader/Xls.php':[
625,
2161,
2458,
2966,
3759,
3937,
4611,
5348,
5525,
7329,
],
'project:PhpSpreadsheet/src/PhpSpreadsheet/Reader/Xlsx.php':[
155,
387,
2074,
2219,
2281,
2517,
],
'project:PhpSpreadsheet/src/PhpSpreadsheet/Reader/Xlsx/Chart.php':[
59,
433,
],
'project:PhpSpreadsheet/src/PhpSpreadsheet/Reader/Xml.php':[
163,
306,
],
'project:PhpSpreadsheet/src/PhpSpreadsheet/ReferenceHelper.php':[
369,
629,
],
'project:PhpSpreadsheet/src/PhpSpreadsheet/Shared/Date.php':[
356,
],
'project:PhpSpreadsheet/src/PhpSpreadsheet/Shared/Font.php':[
403,
],
'project:PhpSpreadsheet/src/PhpSpreadsheet/Shared/JAMA/CholeskyDecomposition.php':[
52,
110,
],
'project:PhpSpreadsheet/src/PhpSpreadsheet/Shared/JAMA/EigenvalueDecomposition.php':[
76,
183,
290,
398,
],
'project:PhpSpreadsheet/src/PhpSpreadsheet/Shared/JAMA/LUDecomposition.php':[
69,
250,
],
'project:PhpSpreadsheet/src/PhpSpreadsheet/Shared/JAMA/Matrix.php':[
56,
169,
529,
633,
739,
799,
1001,
1095,
],
'project:PhpSpreadsheet/src/PhpSpreadsheet/Shared/JAMA/QRDecomposition.php':[
59,
172,
205,
],
'project:PhpSpreadsheet/src/PhpSpreadsheet/Shared/JAMA/SingularValueDecomposition.php':[
65,
],
'project:PhpSpreadsheet/src/PhpSpreadsheet/Shared/OLE.php':[
297,
],
'project:PhpSpreadsheet/src/PhpSpreadsheet/Shared/OLE/PPS/Root.php':[
149,
203,
282,
314,
386,
],
'project:PhpSpreadsheet/src/PhpSpreadsheet/Shared/Trend/BestFit.php':[
344,
],
'project:PhpSpreadsheet/src/PhpSpreadsheet/Shared/Trend/Trend.php':[
51,
],
'project:PhpSpreadsheet/src/PhpSpreadsheet/Spreadsheet.php':[
1206,
],
'project:PhpSpreadsheet/src/PhpSpreadsheet/Style/Alignment.php':[
145,
],
'project:PhpSpreadsheet/src/PhpSpreadsheet/Style/Borders.php':[
202,
],
'project:PhpSpreadsheet/src/PhpSpreadsheet/Style/Font.php':[
166,
],
'project:PhpSpreadsheet/src/PhpSpreadsheet/Style/NumberFormat.php':[
578,
],
'project:PhpSpreadsheet/src/PhpSpreadsheet/Style/Style.php':[
189,
],
'project:PhpSpreadsheet/src/PhpSpreadsheet/Worksheet/AutoFilter.php':[
356,
620,
],
'project:PhpSpreadsheet/src/PhpSpreadsheet/Worksheet/PageSetup.php':[
676,
],
'project:PhpSpreadsheet/src/PhpSpreadsheet/Worksheet/Worksheet.php':[
712,
843,
2486,
2531,
2954,
2997,
],
'project:PhpSpreadsheet/src/PhpSpreadsheet/Writer/Html.php':[
400,
547,
613,
781,
1099,
1161,
1526,
],
'project:PhpSpreadsheet/src/PhpSpreadsheet/Writer/Ods/Content.php':[
175,
283,
],
'project:PhpSpreadsheet/src/PhpSpreadsheet/Writer/Xls.php':[
122,
395,
545,
760,
],
'project:PhpSpreadsheet/src/PhpSpreadsheet/Writer/Xls/Escher.php':[
55,
],
'project:PhpSpreadsheet/src/PhpSpreadsheet/Writer/Xls/Parser.php':[
990,
],
'project:PhpSpreadsheet/src/PhpSpreadsheet/Writer/Xls/Workbook.php':[
533,
1002,
],
'project:PhpSpreadsheet/src/PhpSpreadsheet/Writer/Xls/Worksheet.php':[
280,
784,
1588,
2662,
2937,
4400,
],
'project:PhpSpreadsheet/src/PhpSpreadsheet/Writer/Xls/Xf.php':[
150,
],
'project:PhpSpreadsheet/src/PhpSpreadsheet/Writer/Xlsx.php':[
173,
],
'project:PhpSpreadsheet/src/PhpSpreadsheet/Writer/Xlsx/Chart.php':[
218,
524,
1038,
1266,
],
'project:PhpSpreadsheet/src/PhpSpreadsheet/Writer/Xlsx/ContentTypes.php':[
23,
],
'project:PhpSpreadsheet/src/PhpSpreadsheet/Writer/Xlsx/StringTable.php':[
118,
],
'project:PhpSpreadsheet/src/PhpSpreadsheet/Writer/Xlsx/Style.php':[
255,
375,
449,
],
'project:PhpSpreadsheet/src/PhpSpreadsheet/Writer/Xlsx/Worksheet.php':[
200,
362,
426,
462,
538,
740,
952,
1040,
],
'project:Symfony/Bridge/Doctrine/DependencyInjection/AbstractDoctrineExtension.php':[
43,
178,
312,
],
'project:Symfony/Bridge/Doctrine/Form/Type/DoctrineType.php':[
118,
],
'project:Symfony/Bridge/Doctrine/PropertyInfo/DoctrineExtractor.php':[
78,
],
'project:Symfony/Bridge/Doctrine/Validator/Constraints/UniqueEntityValidator.php':[
43,
],
'project:Symfony/Bridge/PhpUnit/DeprecationErrorHandler.php':[
40,
],
'project:Symfony/Bridge/PhpUnit/Legacy/SymfonyTestsListenerTrait.php':[
48,
99,
188,
245,
],
'project:Symfony/Bridge/ProxyManager/LazyProxy/PhpDumper/LazyLoadingValueHolderGenerator.php':[
33,
104,
],
'project:Symfony/Bridge/Twig/Command/DebugCommand.php':[
104,
276,
364,
],
'project:Symfony/Bridge/Twig/DataCollector/TwigDataCollector.php':[
156,
],
'project:Symfony/Bridge/Twig/Extension/HttpFoundationExtension.php':[
58,
],
'project:Symfony/Bridge/Twig/Form/TwigRendererEngine.php':[
79,
],
'project:Symfony/Bridge/Twig/Node/SearchAndRenderBlockNode.php':[
24,
],
'project:Symfony/Bridge/Twig/NodeVisitor/TranslationDefaultDomainNodeVisitor.php':[
43,
],
'project:Symfony/Bridge/Twig/Translation/TwigExtractor.php':[
55,
],
'project:Symfony/Bundle/FrameworkBundle/Command/AbstractConfigCommand.php':[
55,
],
'project:Symfony/Bundle/FrameworkBundle/Command/AssetsInstallCommand.php':[
91,
],
'project:Symfony/Bundle/FrameworkBundle/Command/CacheClearCommand.php':[
75,
],
'project:Symfony/Bundle/FrameworkBundle/Command/ContainerDebugCommand.php':[
107,
],
'project:Symfony/Bundle/FrameworkBundle/Command/TranslationDebugCommand.php':[
123,
],
'project:Symfony/Bundle/FrameworkBundle/Command/TranslationUpdateCommand.php':[
100,
],
'project:Symfony/Bundle/FrameworkBundle/Console/Application.php':[
161,
],
'project:Symfony/Bundle/FrameworkBundle/Console/Descriptor/JsonDescriptor.php':[
210,
],
'project:Symfony/Bundle/FrameworkBundle/Console/Descriptor/MarkdownDescriptor.php':[
120,
182,
],
'project:Symfony/Bundle/FrameworkBundle/Console/Descriptor/TextDescriptor.php':[
39,
167,
257,
],
'project:Symfony/Bundle/FrameworkBundle/Console/Descriptor/XmlDescriptor.php':[
298,
378,
],
'project:Symfony/Bundle/FrameworkBundle/Controller/RedirectController.php':[
101,
],
'project:Symfony/Bundle/FrameworkBundle/DependencyInjection/Compiler/LoggingTranslatorPass.php':[
25,
],
'project:Symfony/Bundle/FrameworkBundle/DependencyInjection/Compiler/TestServiceContainerWeakRefPass.php':[
24,
],
'project:Symfony/Bundle/FrameworkBundle/DependencyInjection/Configuration.php':[
211,
982,
],
'project:Symfony/Bundle/FrameworkBundle/DependencyInjection/FrameworkExtension.php':[
129,
491,
806,
968,
1274,
1395,
1485,
1593,
],
'project:Symfony/Bundle/SecurityBundle/DataCollector/SecurityDataCollector.php':[
59,
],
'project:Symfony/Bundle/SecurityBundle/DependencyInjection/MainConfiguration.php':[
167,
],
'project:Symfony/Bundle/SecurityBundle/DependencyInjection/Security/Factory/RememberMeFactory.php':[
34,
],
'project:Symfony/Bundle/SecurityBundle/DependencyInjection/SecurityExtension.php':[
265,
448,
],
'project:Symfony/Bundle/TwigBundle/DependencyInjection/Compiler/ExtensionPass.php':[
25,
],
'project:Symfony/Bundle/TwigBundle/DependencyInjection/TwigExtension.php':[
35,
],
'project:Symfony/Bundle/WebProfilerBundle/Csp/ContentSecurityPolicyHandler.php':[
119,
],
'project:Symfony/Bundle/WebProfilerBundle/EventListener/WebDebugToolbarListener.php':[
61,
],
'project:Symfony/Bundle/WebServerBundle/Command/ServerRunCommand.php':[
93,
],
'project:Symfony/Bundle/WebServerBundle/Command/ServerStartCommand.php':[
93,
],
'project:Symfony/Component/Filesystem/Filesystem.php':[
41,
163,
447,
538,
],
'project:Symfony/Component/Finder/Finder.php':[
675,
],
'project:Symfony/Component/Finder/Glob.php':[
48,
],
'project:Symfony/Component/Finder/Iterator/SortableIterator.php':[
38,
],
'project:Symfony/Component/Form/ChoiceList/Factory/PropertyAccessDecorator.php':[
133,
],
'project:Symfony/Component/Form/Command/DebugCommand.php':[
100,
],
'project:Symfony/Component/Form/Console/Descriptor/TextDescriptor.php':[
150,
],
'project:Symfony/Component/Form/DependencyInjection/FormPass.php':[
86,
],
'project:Symfony/Component/Form/Extension/Core/DataTransformer/DateIntervalToArrayTransformer.php':[
114,
],
'project:Symfony/Component/Form/Extension/Core/DataTransformer/DateTimeToArrayTransformer.php':[
111,
],
'project:Symfony/Component/Form/Extension/Core/DataTransformer/NumberToLocalizedStringTransformer.php':[
139,
],
'project:Symfony/Component/Form/Extension/Core/DataTransformer/PercentToLocalizedStringTransformer.php':[
108,
],
'project:Symfony/Component/Form/Extension/Core/EventListener/MergeCollectionListener.php':[
44,
],
'project:Symfony/Component/Form/Extension/Core/EventListener/ResizeFormListener.php':[
116,
],
'project:Symfony/Component/Form/Extension/Core/Type/ChoiceType.php':[
53,
250,
],
'project:Symfony/Component/Form/Extension/Core/Type/DateIntervalType.php':[
49,
],
'project:Symfony/Component/Form/Extension/Core/Type/DateTimeType.php':[
52,
],
'project:Symfony/Component/Form/Extension/Core/Type/DateType.php':[
48,
],
'project:Symfony/Component/Form/Extension/Core/Type/FileType.php':[
28,
],
'project:Symfony/Component/Form/Extension/Core/Type/TimeType.php':[
39,
],
'project:Symfony/Component/Form/Extension/DataCollector/FormDataExtractor.php':[
79,
],
'project:Symfony/Component/Form/Extension/HttpFoundation/HttpFoundationRequestHandler.php':[
40,
],
'project:Symfony/Component/Form/Extension/Templating/TemplatingRendererEngine.php':[
54,
],
'project:Symfony/Component/Form/Extension/Validator/Constraints/FormValidator.php':[
29,
],
'project:Symfony/Component/Form/Extension/Validator/ViolationMapper/ViolationMapper.php':[
35,
149,
],
'project:Symfony/Component/Form/Extension/Validator/ViolationMapper/ViolationPath.php':[
53,
],
'project:Symfony/Component/Form/Form.php':[
305,
500,
761,
824,
],
'project:Symfony/Component/Form/FormRenderer.php':[
130,
],
'project:Symfony/Component/Form/NativeRequestHandler.php':[
45,
],
'project:Symfony/Component/HttpFoundation/BinaryFileResponse.php':[
185,
],
'project:Symfony/Component/HttpFoundation/IpUtils.php':[
112,
],
'project:Symfony/Component/HttpFoundation/Request.php':[
315,
1141,
1606,
1742,
1946,
1997,
],
'project:Symfony/Component/HttpFoundation/Response.php':[
262,
],
'project:Symfony/Component/HttpFoundation/ServerBag.php':[
28,
],
'project:Symfony/Component/HttpFoundation/Session/Storage/Handler/PdoSessionHandler.php':[
445,
610,
],
'project:Symfony/Component/HttpKernel/CacheWarmer/CacheWarmerAggregate.php':[
51,
],
'project:Symfony/Component/HttpKernel/Controller/ArgumentResolver.php':[
46,
],
'project:Symfony/Component/HttpKernel/Controller/ControllerResolver.php':[
36,
136,
],
'project:Symfony/Component/HttpKernel/DataCollector/DumpDataCollector.php':[
230,
],
'project:Symfony/Component/HttpKernel/DataCollector/LoggerDataCollector.php':[
233,
],
'project:Symfony/Component/HttpKernel/DataCollector/RequestDataCollector.php':[
38,
391,
],
'project:Symfony/Component/HttpKernel/DependencyInjection/RegisterControllerArgumentLocatorsPass.php':[
45,
],
'project:Symfony/Component/HttpKernel/DependencyInjection/RemoveEmptyControllerArgumentLocatorsPass.php':[
31,
],
'project:Symfony/Component/HttpKernel/EventListener/AbstractTestSessionListener.php':[
64,
],
'project:Symfony/Component/HttpKernel/EventListener/DebugHandlersListener.php':[
65,
],
'project:Symfony/Component/HttpKernel/EventListener/ExceptionListener.php':[
58,
],
'project:Symfony/Component/HttpKernel/Fragment/InlineFragmentRenderer.php':[
46,
],
'project:Symfony/Component/HttpKernel/Kernel.php':[
466,
768,
],
'project:Symfony/Component/HttpKernel/Profiler/FileProfilerStorage.php':[
50,
],
'project:Symfony/Component/Inflector/Inflector.php':[
162,
],
'project:Symfony/Component/Intl/Data/Bundle/Reader/BundleEntryReader.php':[
72,
],
'project:Symfony/Component/Intl/Data/Generator/LanguageDataGenerator.php':[
176,
],
'project:Symfony/Component/Intl/Data/Generator/LocaleDataGenerator.php':[
45,
],
'project:Symfony/Component/Messenger/Command/ConsumeMessagesCommand.php':[
93,
],
'project:Symfony/Component/Messenger/DependencyInjection/MessengerPass.php':[
80,
307,
],
'project:Symfony/Component/OptionsResolver/OptionsResolver.php':[
161,
787,
],
'project:Symfony/Component/Process/ExecutableFinder.php':[
51,
],
'project:Symfony/Component/Process/PhpExecutableFinder.php':[
36,
],
'project:Symfony/Component/Process/Pipes/AbstractPipes.php':[
93,
],
'project:Symfony/Component/Process/Pipes/UnixPipes.php':[
92,
],
'project:Symfony/Component/Process/Pipes/WindowsPipes.php':[
38,
],
'project:Symfony/Component/Process/Process.php':[
603,
1492,
],
'project:Symfony/Component/PropertyAccess/PropertyAccessor.php':[
98,
253,
413,
588,
],
'project:Symfony/Component/Routing/Generator/UrlGenerator.php':[
144,
],
'project:Symfony/Component/Routing/Loader/AnnotationClassLoader.php':[
137,
263,
],
'project:Symfony/Component/Routing/Loader/AnnotationFileLoader.php':[
84,
],
'project:Symfony/Component/Routing/Loader/Configurator/ImportConfigurator.php':[
44,
],
'project:Symfony/Component/Routing/Loader/Configurator/Traits/AddTrait.php':[
35,
],
'project:Symfony/Component/Routing/Loader/XmlFileLoader.php':[
150,
363,
],
'project:Symfony/Component/Routing/Loader/YamlFileLoader.php':[
153,
],
'project:Symfony/Component/Routing/Matcher/Dumper/PhpMatcherDumper.php':[
90,
155,
233,
],
'project:Symfony/Component/Routing/Matcher/Dumper/PhpMatcherTrait.php':[
70,
],
'project:Symfony/Component/Routing/Matcher/Dumper/StaticPrefixCollection.php':[
66,
147,
],
'project:Symfony/Component/Routing/Matcher/RedirectableUrlMatcher.php':[
25,
],
'project:Symfony/Component/Routing/Matcher/TraceableUrlMatcher.php':[
53,
],
'project:Symfony/Component/Routing/Matcher/UrlMatcher.php':[
131,
],
'project:Symfony/Component/Routing/RouteCollectionBuilder.php':[
268,
],
'project:Symfony/Component/Routing/RouteCompiler.php':[
95,
279,
],
'project:Symfony/Component/Security/Core/Authentication/AuthenticationProviderManager.php':[
61,
],
'project:Symfony/Component/Security/Core/Authentication/Token/AbstractToken.php':[
234,
],
'project:Symfony/Component/Security/Core/Authorization/Voter/AuthenticatedVoter.php':[
42,
],
'project:Symfony/Component/Security/Core/Encoder/EncoderFactory.php':[
31,
],
'project:Symfony/Component/Security/Csrf/CsrfTokenManager.php':[
40,
],
'project:Symfony/Component/Security/Guard/Firewall/GuardAuthenticationListener.php':[
94,
],
'project:Symfony/Component/Security/Http/Firewall/ContextListener.php':[
156,
],
'project:Symfony/Component/Security/Http/Firewall/RememberMeListener.php':[
55,
],
'project:Symfony/Component/Security/Http/Firewall/SimplePreAuthenticationListener.php':[
82,
],
'project:Symfony/Component/Security/Http/Logout/LogoutUrlGenerator.php':[
137,
],
'project:Symfony/Component/Serializer/Encoder/CsvEncoder.php':[
109,
],
'project:Symfony/Component/Serializer/Encoder/XmlEncoder.php':[
320,
366,
],
'project:Symfony/Component/Serializer/Mapping/Loader/AnnotationLoader.php':[
41,
],
'project:Symfony/Component/Serializer/Mapping/Loader/XmlFileLoader.php':[
37,
],
'project:Symfony/Component/Serializer/Mapping/Loader/YamlFileLoader.php':[
40,
],
'project:Symfony/Component/Serializer/Normalizer/AbstractNormalizer.php':[
226,
336,
],
'project:Symfony/Component/Serializer/Normalizer/AbstractObjectNormalizer.php':[
79,
299,
],
'project:Symfony/Component/Serializer/Normalizer/ObjectNormalizer.php':[
55,
],
'project:Symfony/Component/Serializer/Serializer.php':[
71,
222,
265,
],
'project:Symfony/Component/Yaml/Dumper.php':[
49,
],
'project:Symfony/Component/Yaml/Inline.php':[
122,
264,
340,
404,
539,
],
'project:Symfony/Component/Yaml/Parser.php':[
120,
499,
632,
729,
],
}
