{
'project:PhpSpreadsheet/src/PhpSpreadsheet/Writer/Xls/Worksheet.php':[
3072,
3076,
3085,
3086,
3091,
3412,
3413,
3415,
],
'project:PhpSpreadsheet/tests/PhpSpreadsheetTests/Custom/ComplexAssert.php':[
69,
],
}
