{
'project:PHPMailer/get_oauth_token.php':[
59,
],
'project:PHPMailer/src/PHPMailer.php':[
2046,
],
'project:PHPMailer/test/phpmailerLangTest.php':[
59,
],
'project:PHPMailer/test/phpmailerTest.php':[
73,
],
'project:PHP_CodeSniffer/autoload.php':[
79,
167,
],
'project:PHP_CodeSniffer/src/Config.php':[
1672,
],
'project:PHP_CodeSniffer/src/Runner.php':[
316,
678,
],
'project:PhpSpreadsheet/samples/Autofilter/10_Autofilter.php':[
5,
],
'project:PhpSpreadsheet/samples/Autofilter/10_Autofilter_selection_1.php':[
9,
],
'project:PhpSpreadsheet/samples/Autofilter/10_Autofilter_selection_2.php':[
9,
],
'project:PhpSpreadsheet/samples/Autofilter/10_Autofilter_selection_display.php':[
9,
],
'project:PhpSpreadsheet/samples/Basic/01_Simple.php':[
5,
],
'project:PhpSpreadsheet/samples/Basic/02_Types.php':[
9,
],
'project:PhpSpreadsheet/samples/Basic/03_Formulas.php':[
5,
],
'project:PhpSpreadsheet/samples/Basic/04_Printing.php':[
8,
],
'project:PhpSpreadsheet/samples/Basic/05_Feature_demo.php':[
3,
4,
],
'project:PhpSpreadsheet/samples/Basic/06_Largescale.php':[
3,
5,
],
'project:PhpSpreadsheet/samples/Basic/07_Reader.php':[
6,
9,
],
'project:PhpSpreadsheet/samples/Basic/08_Conditional_formatting.php':[
9,
],
'project:PhpSpreadsheet/samples/Basic/08_Conditional_formatting_2.php':[
8,
],
'project:PhpSpreadsheet/samples/Basic/09_Pagebreaks.php':[
6,
],
'project:PhpSpreadsheet/samples/Basic/11_Documentsecurity.php':[
5,
],
'project:PhpSpreadsheet/samples/Basic/12_CellProtection.php':[
6,
],
'project:PhpSpreadsheet/samples/Basic/13_Calculation.php':[
8,
],
'project:PhpSpreadsheet/samples/Basic/13_CalculationCyclicFormulae.php':[
6,
],
'project:PhpSpreadsheet/samples/Basic/14_Xls.php':[
5,
6,
],
'project:PhpSpreadsheet/samples/Basic/15_Datavalidation.php':[
6,
],
'project:PhpSpreadsheet/samples/Basic/16_Csv.php':[
5,
6,
],
'project:PhpSpreadsheet/samples/Basic/17_Html.php':[
5,
6,
],
'project:PhpSpreadsheet/samples/Basic/18_Extendedcalculation.php':[
6,
],
'project:PhpSpreadsheet/samples/Basic/19_Namedrange.php':[
6,
],
'project:PhpSpreadsheet/samples/Basic/20_Read_Excel2003XML.php':[
5,
],
'project:PhpSpreadsheet/samples/Basic/20_Read_Gnumeric.php':[
5,
],
'project:PhpSpreadsheet/samples/Basic/20_Read_Ods.php':[
5,
],
'project:PhpSpreadsheet/samples/Basic/20_Read_Sylk.php':[
5,
],
'project:PhpSpreadsheet/samples/Basic/20_Read_Xls.php':[
5,
7,
],
'project:PhpSpreadsheet/samples/Basic/22_Heavily_formatted.php':[
7,
],
'project:PhpSpreadsheet/samples/Basic/23_Sharedstyles.php':[
8,
],
'project:PhpSpreadsheet/samples/Basic/24_Readfilter.php':[
8,
11,
],
'project:PhpSpreadsheet/samples/Basic/25_In_memory_image.php':[
6,
],
'project:PhpSpreadsheet/samples/Basic/26_Utf8.php':[
5,
],
'project:PhpSpreadsheet/samples/Basic/27_Images_Xls.php':[
5,
],
'project:PhpSpreadsheet/samples/Basic/28_Iterator.php':[
6,
8,
],
'project:PhpSpreadsheet/samples/Basic/29_Advanced_value_binder.php':[
7,
],
'project:PhpSpreadsheet/samples/Basic/30_Template.php':[
6,
],
'project:PhpSpreadsheet/samples/Basic/31_Document_properties_write.php':[
6,
],
'project:PhpSpreadsheet/samples/Basic/31_Document_properties_write_xls.php':[
6,
],
'project:PhpSpreadsheet/samples/Basic/37_Page_layout_view.php':[
6,
],
'project:PhpSpreadsheet/samples/Basic/38_Clone_worksheet.php':[
5,
],
'project:PhpSpreadsheet/samples/Basic/39_Dropdown.php':[
7,
],
'project:PhpSpreadsheet/samples/Basic/40_Duplicate_style.php':[
7,
],
'project:PhpSpreadsheet/samples/Basic/41_Password.php':[
3,
4,
],
'project:PhpSpreadsheet/samples/Basic/42_RichText.php':[
6,
],
'project:PhpSpreadsheet/samples/Basic/43_Merge_workbooks.php':[
5,
],
'project:PhpSpreadsheet/samples/Basic/44_Worksheet_info.php':[
6,
9,
],
'project:PhpSpreadsheet/samples/Basic/45_Quadratic_equation_solver.php':[
4,
],
'project:PhpSpreadsheet/samples/Basic/46_ReadHtml.php':[
8,
],
'project:PhpSpreadsheet/samples/Calculations/Database/DAVERAGE.php':[
5,
],
'project:PhpSpreadsheet/samples/Calculations/Database/DCOUNT.php':[
5,
],
'project:PhpSpreadsheet/samples/Calculations/Database/DGET.php':[
5,
],
'project:PhpSpreadsheet/samples/Calculations/Database/DMAX.php':[
5,
],
'project:PhpSpreadsheet/samples/Calculations/Database/DMIN.php':[
5,
],
'project:PhpSpreadsheet/samples/Calculations/Database/DPRODUCT.php':[
5,
],
'project:PhpSpreadsheet/samples/Calculations/Database/DSTDEV.php':[
5,
],
'project:PhpSpreadsheet/samples/Calculations/Database/DSTDEVP.php':[
5,
],
'project:PhpSpreadsheet/samples/Calculations/Database/DVAR.php':[
5,
],
'project:PhpSpreadsheet/samples/Calculations/Database/DVARP.php':[
5,
],
'project:PhpSpreadsheet/samples/Calculations/DateTime/DATE.php':[
5,
],
'project:PhpSpreadsheet/samples/Calculations/DateTime/DATEVALUE.php':[
5,
],
'project:PhpSpreadsheet/samples/Calculations/DateTime/TIME.php':[
5,
],
'project:PhpSpreadsheet/samples/Calculations/DateTime/TIMEVALUE.php':[
5,
],
'project:PhpSpreadsheet/samples/Chart/32_Chart_read_write.php':[
5,
],
'project:PhpSpreadsheet/samples/Chart/32_Chart_read_write_HTML.php':[
6,
],
'project:PhpSpreadsheet/samples/Chart/32_Chart_read_write_PDF.php':[
6,
],
'project:PhpSpreadsheet/samples/Chart/33_Chart_create_area.php':[
12,
],
'project:PhpSpreadsheet/samples/Chart/33_Chart_create_bar.php':[
5,
7,
],
'project:PhpSpreadsheet/samples/Chart/33_Chart_create_bar_stacked.php':[
12,
],
'project:PhpSpreadsheet/samples/Chart/33_Chart_create_column.php':[
12,
],
'project:PhpSpreadsheet/samples/Chart/33_Chart_create_column_2.php':[
12,
],
'project:PhpSpreadsheet/samples/Chart/33_Chart_create_composite.php':[
12,
],
'project:PhpSpreadsheet/samples/Chart/33_Chart_create_line.php':[
12,
],
'project:PhpSpreadsheet/samples/Chart/33_Chart_create_multiple_charts.php':[
12,
],
'project:PhpSpreadsheet/samples/Chart/33_Chart_create_pie.php':[
13,
],
'project:PhpSpreadsheet/samples/Chart/33_Chart_create_radar.php':[
13,
],
'project:PhpSpreadsheet/samples/Chart/33_Chart_create_scatter.php':[
12,
],
'project:PhpSpreadsheet/samples/Chart/33_Chart_create_stock.php':[
13,
],
'project:PhpSpreadsheet/samples/Chart/34_Chart_update.php':[
6,
9,
],
'project:PhpSpreadsheet/samples/Chart/35_Chart_render.php':[
6,
],
'project:PhpSpreadsheet/samples/Pdf/21_Pdf_Domdf.php':[
6,
7,
],
'project:PhpSpreadsheet/samples/Pdf/21_Pdf_TCPDF.php':[
6,
7,
],
'project:PhpSpreadsheet/samples/Pdf/21_Pdf_mPDF.php':[
6,
7,
],
'project:PhpSpreadsheet/samples/Reader/01_Simple_file_reader_using_IOFactory.php':[
5,
],
'project:PhpSpreadsheet/samples/Reader/02_Simple_file_reader_using_a_specified_reader.php':[
5,
],
'project:PhpSpreadsheet/samples/Reader/03_Simple_file_reader_using_the_IOFactory_to_return_a_reader.php':[
5,
],
'project:PhpSpreadsheet/samples/Reader/04_Simple_file_reader_using_the_IOFactory_to_identify_a_reader_to_use.php':[
5,
],
'project:PhpSpreadsheet/samples/Reader/05_Simple_file_reader_using_the_read_data_only_option.php':[
5,
],
'project:PhpSpreadsheet/samples/Reader/06_Simple_file_reader_loading_all_worksheets.php':[
5,
],
'project:PhpSpreadsheet/samples/Reader/07_Simple_file_reader_loading_a_single_named_worksheet.php':[
5,
],
'project:PhpSpreadsheet/samples/Reader/08_Simple_file_reader_loading_several_named_worksheets.php':[
5,
],
'project:PhpSpreadsheet/samples/Reader/09_Simple_file_reader_using_a_read_filter.php':[
8,
],
'project:PhpSpreadsheet/samples/Reader/10_Simple_file_reader_using_a_configurable_read_filter.php':[
8,
],
'project:PhpSpreadsheet/samples/Reader/11_Reading_a_workbook_in_chunks_using_a_configurable_read_filter_(version_1).php':[
8,
],
'project:PhpSpreadsheet/samples/Reader/12_Reading_a_workbook_in_chunks_using_a_configurable_read_filter_(version_2).php':[
8,
],
'project:PhpSpreadsheet/samples/Reader/13_Simple_file_reader_for_multiple_CSV_files.php':[
5,
],
'project:PhpSpreadsheet/samples/Reader/14_Reading_a_large_CSV_file_in_chunks_to_split_across_multiple_worksheets.php':[
9,
],
'project:PhpSpreadsheet/samples/Reader/15_Simple_file_reader_for_tab_separated_value_file_using_the_Advanced_Value_Binder.php':[
7,
],
'project:PhpSpreadsheet/samples/Reader/16_Handling_loader_exceptions_using_TryCatch.php':[
5,
],
'project:PhpSpreadsheet/samples/Reader/17_Simple_file_reader_loading_several_named_worksheets.php':[
5,
],
'project:PhpSpreadsheet/samples/Reader/18_Reading_list_of_worksheets_without_loading_entire_file.php':[
5,
],
'project:PhpSpreadsheet/samples/Reader/19_Reading_worksheet_information_without_loading_entire_file.php':[
5,
],
'project:PhpSpreadsheet/samples/Reader/20_Reader_worksheet_hyperlink_image.php':[
5,
],
'project:PhpSpreadsheet/samples/Reading_workbook_data/Custom_properties.php':[
5,
],
'project:PhpSpreadsheet/samples/Reading_workbook_data/Custom_property_names.php':[
5,
],
'project:PhpSpreadsheet/samples/Reading_workbook_data/Properties.php':[
5,
],
'project:PhpSpreadsheet/samples/Reading_workbook_data/Worksheet_count_and_names.php':[
5,
],
'project:PhpSpreadsheet/tests/PhpSpreadsheetTests/Calculation/CalculationTest.php':[
43,
],
'project:PhpSpreadsheet/tests/PhpSpreadsheetTests/Calculation/DateTimeTest.php':[
33,
86,
123,
139,
155,
172,
188,
209,
225,
262,
299,
315,
331,
347,
363,
379,
416,
453,
469,
485,
501,
],
'project:PhpSpreadsheet/tests/PhpSpreadsheetTests/Calculation/EngineeringTest.php':[
45,
61,
77,
93,
127,
144,
161,
178,
195,
215,
235,
255,
275,
295,
315,
335,
355,
374,
394,
414,
434,
454,
473,
492,
512,
532,
552,
572,
591,
610,
626,
642,
658,
674,
690,
706,
722,
738,
754,
770,
786,
802,
818,
834,
850,
867,
884,
901,
918,
935,
951,
967,
1007,
],
'project:PhpSpreadsheet/tests/PhpSpreadsheetTests/Calculation/FinancialTest.php':[
29,
45,
61,
77,
93,
109,
125,
141,
157,
173,
189,
205,
221,
237,
253,
269,
285,
301,
317,
333,
349,
365,
381,
397,
413,
429,
445,
461,
479,
495,
511,
529,
547,
563,
579,
595,
611,
],
'project:PhpSpreadsheet/tests/PhpSpreadsheetTests/Calculation/FunctionsTest.php':[
122,
138,
154,
170,
186,
202,
218,
234,
250,
266,
282,
298,
314,
367,
383,
],
'project:PhpSpreadsheet/tests/PhpSpreadsheetTests/Calculation/LogicalTest.php':[
41,
57,
73,
89,
105,
121,
],
'project:PhpSpreadsheet/tests/PhpSpreadsheetTests/Calculation/LookupRefTest.php':[
35,
51,
67,
83,
99,
115,
170,
],
'project:PhpSpreadsheet/tests/PhpSpreadsheetTests/Calculation/MathTrigTest.php':[
34,
50,
66,
82,
98,
114,
130,
146,
162,
178,
194,
210,
226,
242,
258,
274,
292,
310,
326,
344,
360,
376,
392,
408,
424,
440,
456,
472,
488,
504,
520,
536,
552,
568,
606,
675,
743,
760,
777,
794,
811,
828,
845,
862,
879,
],
'project:PhpSpreadsheet/tests/PhpSpreadsheetTests/Calculation/TextDataTest.php':[
42,
58,
74,
90,
106,
122,
138,
154,
170,
186,
202,
218,
234,
250,
266,
282,
298,
314,
330,
351,
371,
395,
412,
429,
],
'project:PhpSpreadsheet/tests/PhpSpreadsheetTests/Cell/CoordinateTest.php':[
28,
78,
94,
155,
186,
223,
239,
267,
283,
299,
315,
349,
365,
],
'project:PhpSpreadsheet/tests/PhpSpreadsheetTests/Cell/DefaultValueBinderTest.php':[
74,
],
'project:PhpSpreadsheet/tests/PhpSpreadsheetTests/Functional/TypeAttributePreservationTest.php':[
12,
],
'project:PhpSpreadsheet/tests/PhpSpreadsheetTests/Helper/SampleTest.php':[
23,
],
'project:PhpSpreadsheet/tests/PhpSpreadsheetTests/Shared/CodePageTest.php':[
24,
],
'project:PhpSpreadsheet/tests/PhpSpreadsheetTests/Shared/DateTest.php':[
45,
63,
81,
99,
117,
135,
151,
169,
],
'project:PhpSpreadsheet/tests/PhpSpreadsheetTests/Shared/FontTest.php':[
52,
68,
84,
],
'project:PhpSpreadsheet/tests/PhpSpreadsheetTests/Shared/PasswordHasherTest.php':[
23,
],
'project:PhpSpreadsheet/tests/PhpSpreadsheetTests/Style/ColorTest.php':[
23,
39,
55,
71,
],
'project:PhpSpreadsheet/tests/PhpSpreadsheetTests/Style/NumberFormatTest.php':[
30,
46,
],
'project:Symfony/Bridge/PhpUnit/Legacy/SymfonyTestsListenerTrait.php':[
136,
],
'project:Symfony/Bridge/PhpUnit/Tests/Fixtures/coverage/tests/bootstrap.php':[
12,
13,
15,
25,
],
'project:Symfony/Bridge/ProxyManager/Tests/LazyProxy/PhpDumper/ProxyDumperTest.php':[
163,
],
'project:Symfony/Bundle/FrameworkBundle/CacheWarmer/AnnotationsCacheWarmer.php':[
62,
],
'project:Symfony/Bundle/FrameworkBundle/Templating/Loader/TemplateLocator.php':[
36,
],
'project:Symfony/Bundle/FrameworkBundle/Tests/Command/CacheClearCommand/CacheClearCommandTest.php':[
82,
],
'project:Symfony/Bundle/FrameworkBundle/Tests/Functional/app/AppKernel.php':[
54,
],
'project:Symfony/Bundle/SecurityBundle/Tests/Functional/app/AppKernel.php':[
60,
],
'project:Symfony/Bundle/WebServerBundle/Resources/router.php':[
26,
42,
],
'project:Symfony/Component/HttpFoundation/Tests/Fixtures/response-functional/common.inc':[
19,
],
'project:Symfony/Component/HttpFoundation/Tests/Fixtures/response-functional/cookie_max_age.php':[
5,
],
'project:Symfony/Component/HttpFoundation/Tests/Fixtures/response-functional/cookie_raw_urlencode.php':[
5,
],
'project:Symfony/Component/HttpFoundation/Tests/Fixtures/response-functional/cookie_samesite_lax.php':[
5,
],
'project:Symfony/Component/HttpFoundation/Tests/Fixtures/response-functional/cookie_samesite_strict.php':[
5,
],
'project:Symfony/Component/HttpFoundation/Tests/Fixtures/response-functional/cookie_urlencode.php':[
5,
],
'project:Symfony/Component/HttpFoundation/Tests/Fixtures/response-functional/invalid_cookie_name.php':[
5,
],
'project:Symfony/Component/HttpFoundation/Tests/Session/Storage/Handler/Fixtures/common.inc':[
19,
],
'project:Symfony/Component/HttpFoundation/Tests/Session/Storage/Handler/Fixtures/empty_destroys.php':[
3,
],
'project:Symfony/Component/HttpFoundation/Tests/Session/Storage/Handler/Fixtures/read_only.php':[
3,
],
'project:Symfony/Component/HttpFoundation/Tests/Session/Storage/Handler/Fixtures/regenerate.php':[
3,
],
'project:Symfony/Component/HttpFoundation/Tests/Session/Storage/Handler/Fixtures/storage.php':[
3,
],
'project:Symfony/Component/HttpFoundation/Tests/Session/Storage/Handler/Fixtures/with_cookie.php':[
3,
],
'project:Symfony/Component/HttpFoundation/Tests/Session/Storage/Handler/Fixtures/with_cookie_and_session.php':[
3,
],
'project:Symfony/Component/HttpFoundation/Tests/Session/Storage/Handler/Fixtures/with_samesite.php':[
3,
],
'project:Symfony/Component/HttpKernel/EventListener/RouterListener.php':[
174,
],
'project:Symfony/Component/HttpKernel/HttpCache/HttpCache.php':[
582,
],
'project:Symfony/Component/HttpKernel/Kernel.php':[
477,
543,
553,
],
'project:Symfony/Component/Intl/Data/Bundle/Reader/PhpBundleReader.php':[
46,
],
'project:Symfony/Component/Routing/Loader/PhpFileLoader.php':[
44,
],
'project:Symfony/Component/Routing/Tests/Generator/Dumper/PhpGeneratorDumperTest.php':[
72,
97,
134,
150,
178,
199,
214,
225,
238,
],
'project:Symfony/Component/Routing/Tests/Matcher/Dumper/PhpMatcherDumperTest.php':[
490,
],
}
