{
'project:PhpSpreadsheet/src/PhpSpreadsheet/Spreadsheet.php':[
1010,
],
'project:PhpSpreadsheet/src/PhpSpreadsheet/Worksheet/Worksheet.php':[
2979,
],
'project:Symfony/Bridge/Doctrine/Tests/DataCollector/DoctrineDataCollectorTest.php':[
128,
],
'project:Symfony/Bridge/PhpUnit/DeprecationErrorHandler.php':[
126,
],
'project:Symfony/Bridge/PhpUnit/Legacy/SymfonyTestsListenerTrait.php':[
274,
325,
],
'project:Symfony/Bridge/Twig/DataCollector/TwigDataCollector.php':[
141,
],
'project:Symfony/Bundle/FrameworkBundle/CacheWarmer/AbstractPhpFileCacheWarmer.php':[
61,
],
'project:Symfony/Bundle/FrameworkBundle/Tests/Command/CacheClearCommand/CacheClearCommandTest.php':[
72,
],
'project:Symfony/Bundle/FrameworkBundle/Tests/Functional/app/AppKernel.php':[
89,
],
'project:Symfony/Bundle/SecurityBundle/Tests/Functional/app/AppKernel.php':[
90,
],
'project:Symfony/Bundle/WebServerBundle/Command/ServerLogCommand.php':[
106,
],
'project:Symfony/Component/Form/FormError.php':[
160,
],
'project:Symfony/Component/Form/Tests/Fixtures/CustomArrayObject.php':[
68,
],
'project:Symfony/Component/HttpFoundation/Session/Storage/MockFileSessionStorage.php':[
148,
],
'project:Symfony/Component/HttpKernel/CacheWarmer/CacheWarmerAggregate.php':[
103,
],
'project:Symfony/Component/HttpKernel/DataCollector/DataCollector.php':[
44,
],
'project:Symfony/Component/HttpKernel/DataCollector/LoggerDataCollector.php':[
132,
],
'project:Symfony/Component/HttpKernel/Debug/FileLinkFormatter.php':[
71,
],
'project:Symfony/Component/HttpKernel/HttpCache/Store.php':[
297,
],
'project:Symfony/Component/HttpKernel/Kernel.php':[
826,
],
'project:Symfony/Component/HttpKernel/Profiler/FileProfilerStorage.php':[
122,
285,
],
'project:Symfony/Component/HttpKernel/Tests/HttpCache/HttpCacheTest.php':[
676,
726,
786,
],
'project:Symfony/Component/Messenger/Tests/Stamp/SerializerStampTest.php':[
27,
],
'project:Symfony/Component/Messenger/Tests/Stamp/ValidationStampTest.php':[
34,
35,
],
'project:Symfony/Component/Process/Tests/ProcessTest.php':[
1442,
],
'project:Symfony/Component/PropertyAccess/Tests/Fixtures/NonTraversableArrayObject.php':[
63,
],
'project:Symfony/Component/PropertyAccess/Tests/Fixtures/TraversableArrayObject.php':[
68,
],
'project:Symfony/Component/Routing/CompiledRoute.php':[
74,
],
'project:Symfony/Component/Routing/Route.php':[
88,
],
'project:Symfony/Component/Routing/Tests/RouteTest.php':[
200,
233,
250,
265,
],
'project:Symfony/Component/Security/Core/Authentication/Token/AbstractToken.php':[
154,
],
'project:Symfony/Component/Security/Core/Authentication/Token/AnonymousToken.php':[
70,
],
'project:Symfony/Component/Security/Core/Authentication/Token/PreAuthenticatedToken.php':[
90,
],
'project:Symfony/Component/Security/Core/Authentication/Token/RememberMeToken.php':[
109,
],
'project:Symfony/Component/Security/Core/Authentication/Token/UsernamePasswordToken.php':[
102,
],
'project:Symfony/Component/Security/Core/Exception/AccountStatusException.php':[
58,
],
'project:Symfony/Component/Security/Core/Exception/AuthenticationException.php':[
60,
],
'project:Symfony/Component/Security/Core/Exception/CustomUserMessageAuthenticationException.php':[
75,
],
'project:Symfony/Component/Security/Core/Exception/UsernameNotFoundException.php':[
68,
],
'project:Symfony/Component/Security/Core/Tests/Authentication/Token/AbstractTokenTest.php':[
53,
95,
107,
120,
],
'project:Symfony/Component/Security/Guard/Token/PostAuthenticationGuardToken.php':[
87,
],
'project:Symfony/Component/Security/Http/Firewall/ContextListener.php':[
173,
242,
],
'project:Symfony/Component/Security/Http/Tests/Firewall/ContextListenerTest.php':[
66,
78,
],
'project:Symfony/Component/Serializer/Tests/Mapping/AttributeMetadataTest.php':[
88,
],
'project:Symfony/Component/Serializer/Tests/Mapping/ClassMetadataTest.php':[
81,
],
'project:Symfony/Component/Yaml/Inline.php':[
580,
],
}
