{
'project:PHPMailer/src/PHPMailer.php':[
31,
],
'project:PHPMailer/src/SMTP.php':[
30,
],
'project:PHP_CodeSniffer/src/Files/File.php':[
19,
],
'project:PHP_CodeSniffer/src/Util/Tokens.php':[
131,
],
'project:PhpSpreadsheet/src/PhpSpreadsheet/Calculation/Calculation.php':[
15,
],
'project:PhpSpreadsheet/src/PhpSpreadsheet/Calculation/FormulaToken.php':[
27,
],
'project:PhpSpreadsheet/src/PhpSpreadsheet/Cell/DataValidation.php':[
5,
],
'project:PhpSpreadsheet/src/PhpSpreadsheet/Chart/DataSeries.php':[
7,
],
'project:PhpSpreadsheet/src/PhpSpreadsheet/Chart/Properties.php':[
11,
],
'project:PhpSpreadsheet/src/PhpSpreadsheet/Reader/Xls.php':[
61,
],
'project:PhpSpreadsheet/src/PhpSpreadsheet/Reader/Xls/Escher.php':[
15,
],
'project:PhpSpreadsheet/src/PhpSpreadsheet/Shared/Font.php':[
8,
],
'project:PhpSpreadsheet/src/PhpSpreadsheet/Shared/OLERead.php':[
7,
],
'project:PhpSpreadsheet/src/PhpSpreadsheet/Shared/Trend/BestFit.php':[
5,
],
'project:PhpSpreadsheet/src/PhpSpreadsheet/Spreadsheet.php':[
10,
],
'project:PhpSpreadsheet/src/PhpSpreadsheet/Style/Alignment.php':[
7,
],
'project:PhpSpreadsheet/src/PhpSpreadsheet/Style/Conditional.php':[
7,
],
'project:PhpSpreadsheet/src/PhpSpreadsheet/Style/Fill.php':[
7,
],
'project:PhpSpreadsheet/src/PhpSpreadsheet/Style/NumberFormat.php':[
10,
],
'project:PhpSpreadsheet/src/PhpSpreadsheet/Worksheet/AutoFilter/Column/Rule.php':[
8,
],
'project:PhpSpreadsheet/src/PhpSpreadsheet/Worksheet/PageSetup.php':[
84,
],
'project:PhpSpreadsheet/src/PhpSpreadsheet/Worksheet/Worksheet.php':[
28,
],
'project:PhpSpreadsheet/src/PhpSpreadsheet/Writer/Xls/Worksheet.php':[
57,
],
'project:Symfony/Component/Finder/Finder.php':[
38,
],
'project:Symfony/Component/Form/FormConfigBuilder.php':[
28,
],
'project:Symfony/Component/HttpFoundation/Request.php':[
31,
],
'project:Symfony/Component/HttpFoundation/Response.php':[
19,
],
'project:Symfony/Component/Intl/Collator/Collator.php':[
36,
],
'project:Symfony/Component/Intl/NumberFormatter/NumberFormatter.php':[
43,
],
'project:Symfony/Component/Process/Process.php':[
31,
],
'project:Symfony/Component/PropertyAccess/PropertyAccessor.php':[
34,
],
}
