{
'project:PHP_CodeSniffer/scripts/build-phar.php':[
2,
],
'project:Symfony/Bundle/FrameworkBundle/Resources/views/Form/button_attributes.html.php':[
1,
],
'project:Symfony/Bundle/FrameworkBundle/Resources/views/Form/button_row.html.php':[
1,
],
'project:Symfony/Bundle/FrameworkBundle/Resources/views/Form/checkbox_widget.html.php':[
1,
],
'project:Symfony/Bundle/FrameworkBundle/Resources/views/Form/choice_widget_collapsed.html.php':[
1,
],
'project:Symfony/Bundle/FrameworkBundle/Resources/views/Form/choice_widget_expanded.html.php':[
1,
],
'project:Symfony/Bundle/FrameworkBundle/Resources/views/Form/form_row.html.php':[
1,
],
'project:Symfony/Bundle/FrameworkBundle/Resources/views/Form/form_widget_compound.html.php':[
1,
],
'project:Symfony/Bundle/FrameworkBundle/Resources/views/Form/radio_widget.html.php':[
1,
],
'project:Symfony/Bundle/FrameworkBundle/Resources/views/Form/textarea_widget.html.php':[
1,
],
'project:Symfony/Bundle/FrameworkBundle/Resources/views/Form/widget_attributes.html.php':[
1,
],
'project:Symfony/Bundle/FrameworkBundle/Resources/views/FormTable/button_row.html.php':[
1,
],
'project:Symfony/Bundle/FrameworkBundle/Resources/views/FormTable/form_row.html.php':[
1,
],
'project:Symfony/Bundle/FrameworkBundle/Resources/views/FormTable/form_widget_compound.html.php':[
1,
],
'project:Symfony/Bundle/FrameworkBundle/Resources/views/FormTable/hidden_row.html.php':[
1,
],
'project:Symfony/Bundle/FrameworkBundle/Tests/Fixtures/Resources/views/translation.html.php':[
1,
],
'project:Symfony/Bundle/FrameworkBundle/Tests/Templating/Helper/Resources/Child/form_label.html.php':[
1,
],
'project:Symfony/Bundle/FrameworkBundle/Tests/Templating/Helper/Resources/Custom/_text_id_widget.html.php':[
1,
],
'project:Symfony/Bundle/FrameworkBundle/Tests/Templating/Helper/Resources/Parent/form_label.html.php':[
1,
],
'project:Symfony/Component/HttpKernel/Resources/welcome.html.php':[
1,
],
'project:Symfony/Component/Routing/Tests/Fixtures/OtherAnnotatedClasses/NoStartTagClass.php':[
1,
],
}
