{
'project:PHPMailer/src/PHPMailer.php':[
2454,
],
'project:PhpSpreadsheet/samples/Autofilter/10_Autofilter_selection_1.php':[
62,
62,
64,
66,
66,
69,
69,
70,
70,
73,
73,
],
'project:PhpSpreadsheet/samples/Autofilter/10_Autofilter_selection_2.php':[
62,
62,
64,
66,
66,
69,
69,
70,
70,
73,
73,
],
'project:PhpSpreadsheet/samples/Autofilter/10_Autofilter_selection_display.php':[
62,
62,
64,
66,
66,
69,
69,
70,
70,
73,
73,
],
'project:PhpSpreadsheet/src/PhpSpreadsheet/Calculation/MathTrig.php':[
885,
888,
],
'project:PhpSpreadsheet/src/PhpSpreadsheet/Worksheet/MemoryDrawing.php':[
56,
56,
],
'project:Symfony/Bridge/Twig/NodeVisitor/TranslationDefaultDomainNodeVisitor.php':[
132,
],
'project:Symfony/Component/Filesystem/Filesystem.php':[
653,
],
'project:Symfony/Component/Filesystem/Tests/FilesystemTest.php':[
626,
643,
656,
735,
752,
765,
],
'project:Symfony/Component/Filesystem/Tests/FilesystemTestCase.php':[
76,
],
'project:Symfony/Component/Form/Tests/Extension/Core/Type/ChoiceTypePerformanceTest.php':[
33,
],
'project:Symfony/Component/HttpKernel/Profiler/Profiler.php':[
149,
],
'project:Symfony/Component/Intl/Tests/Data/Bundle/Writer/JsonBundleWriterTest.php':[
38,
],
'project:Symfony/Component/Intl/Tests/Data/Bundle/Writer/PhpBundleWriterTest.php':[
38,
],
'project:Symfony/Component/Intl/Tests/Data/Bundle/Writer/TextBundleWriterTest.php':[
40,
],
'project:Symfony/Component/Intl/Tests/Data/Util/LocaleScannerTest.php':[
37,
],
}
