{
'project:Symfony/Bridge/Monolog/Tests/Processor/WebProcessorTest.php':[
39,
40,
78,
],
'project:Symfony/Bridge/PhpUnit/Tests/DnsMockTest.php':[
58,
69,
82,
88,
97,
101,
107,
107,
116,
120,
131,
138,
],
'project:Symfony/Bundle/SecurityBundle/Tests/Functional/SecurityRoutingIntegrationTest.php':[
60,
61,
72,
73,
74,
],
'project:Symfony/Bundle/WebServerBundle/Command/ServerLogCommand.php':[
58,
],
'project:Symfony/Bundle/WebServerBundle/WebServerConfig.php':[
58,
109,
],
'project:Symfony/Component/Form/Tests/Extension/Core/DataTransformer/NumberToLocalizedStringTransformerTest.php':[
231,
380,
400,
415,
439,
458,
470,
],
'project:Symfony/Component/Form/Tests/Extension/Core/DataTransformer/PercentToLocalizedStringTransformerTest.php':[
125,
145,
160,
184,
203,
215,
],
'project:Symfony/Component/HttpFoundation/Request.php':[
1970,
1990,
],
'project:Symfony/Component/HttpFoundation/Tests/IpUtilsTest.php':[
30,
30,
31,
31,
32,
32,
33,
33,
34,
34,
35,
35,
35,
36,
36,
36,
37,
37,
37,
38,
38,
39,
39,
40,
41,
99,
100,
100,
101,
],
'project:Symfony/Component/HttpFoundation/Tests/RequestTest.php':[
750,
756,
763,
770,
777,
784,
900,
901,
902,
912,
912,
914,
914,
914,
922,
924,
926,
926,
926,
928,
928,
928,
928,
935,
935,
938,
938,
938,
938,
940,
940,
940,
940,
942,
942,
942,
942,
944,
944,
944,
944,
954,
957,
958,
971,
976,
991,
996,
1007,
1008,
1023,
1028,
1041,
1041,
1042,
1042,
1043,
1044,
1044,
1045,
1045,
1201,
1203,
1732,
1739,
1746,
1752,
1753,
1759,
1759,
1760,
1766,
1766,
1767,
1773,
1773,
1784,
1788,
1795,
1801,
1802,
1808,
1808,
1809,
1815,
1815,
1816,
1822,
1822,
2088,
2093,
2169,
2172,
2180,
2191,
2194,
2201,
2208,
],
'project:Symfony/Component/HttpKernel/Tests/EventListener/FragmentListenerTest.php':[
71,
82,
108,
],
'project:Symfony/Component/HttpKernel/Tests/EventListener/ValidateRequestListenerTest.php':[
38,
39,
41,
],
'project:Symfony/Component/HttpKernel/Tests/Fragment/InlineFragmentRendererTest.php':[
211,
240,
],
'project:Symfony/Component/HttpKernel/Tests/HttpCache/HttpCacheTest.php':[
1339,
1354,
1360,
1370,
1371,
1381,
1496,
1505,
1506,
],
'project:Symfony/Component/HttpKernel/Tests/HttpCache/SubRequestHandlerTest.php':[
36,
40,
41,
48,
62,
63,
71,
85,
89,
94,
107,
111,
112,
118,
],
'project:Symfony/Component/HttpKernel/Tests/HttpKernelTest.php':[
331,
332,
334,
],
'project:Symfony/Component/Intl/Tests/Util/IcuVersionTest.php':[
28,
32,
36,
40,
58,
58,
64,
65,
70,
70,
76,
77,
82,
82,
88,
89,
94,
94,
100,
101,
],
'project:Symfony/Component/Intl/Tests/Util/VersionTest.php':[
28,
28,
32,
36,
40,
44,
44,
62,
62,
67,
67,
72,
72,
77,
77,
],
}
