{
'project:Symfony/Bundle/FrameworkBundle/Resources/views/Form/button_widget.html.php':[
1,
],
'project:Symfony/Bundle/FrameworkBundle/Resources/views/Form/form_label.html.php':[
4,
],
'project:Symfony/Component/Process/Tests/SignalListener.php':[
12,
],
}
