{
'project:PHP_CodeSniffer/tests/AllTests.php':[
39,
],
'project:Symfony/Bridge/ProxyManager/Tests/LazyProxy/PhpDumper/Fixtures/proxy-implem.php':[
3,
],
'project:Symfony/Component/Form/Tests/ChoiceList/Factory/DefaultChoiceListFactoryTest.php':[
778,
],
'project:Symfony/Component/Form/Tests/DependencyInjection/FormPassTest.php':[
404,
408,
],
'project:Symfony/Component/Form/Tests/Extension/Core/Type/FormTypeTest.php':[
20,
],
'project:Symfony/Component/Form/Tests/Extension/Csrf/Type/FormTypeCsrfExtensionTest.php':[
23,
],
'project:Symfony/Component/Form/Tests/Extension/Validator/ValidatorTypeGuesserTest.php':[
135,
],
'project:Symfony/Component/Form/Tests/SimpleFormTest.php':[
25,
40,
],
'project:Symfony/Component/PropertyAccess/Tests/PropertyAccessorCollectionTest.php':[
14,
46,
57,
68,
75,
86,
],
'project:Symfony/Component/Security/Core/Tests/Authorization/Voter/VoterTest.php':[
60,
],
}
