{
'project:PHPMailer/get_oauth_token.php':[
63,
77,
78,
81,
84,
91,
92,
123,
135,
],
'project:PHP_CodeSniffer/scripts/build-phar.php':[
24,
32,
33,
40,
48,
49,
51,
52,
55,
62,
67,
85,
],
'project:PHP_CodeSniffer/tests/AllTests.php':[
25,
27,
],
'project:PHP_CodeSniffer/tests/bootstrap.php':[
28,
53,
],
'project:PhpSpreadsheet/samples/Autofilter/10_Autofilter.php':[
9,
29,
],
'project:PhpSpreadsheet/samples/Autofilter/10_Autofilter_selection_1.php':[
13,
34,
34,
34,
38,
39,
40,
51,
55,
56,
57,
62,
63,
63,
64,
66,
67,
75,
108,
130,
],
'project:PhpSpreadsheet/samples/Autofilter/10_Autofilter_selection_2.php':[
13,
34,
34,
34,
38,
39,
40,
51,
55,
56,
57,
62,
63,
63,
64,
66,
67,
75,
108,
],
'project:PhpSpreadsheet/samples/Autofilter/10_Autofilter_selection_display.php':[
13,
34,
34,
34,
38,
39,
40,
51,
55,
56,
57,
62,
63,
63,
64,
66,
67,
75,
108,
130,
],
'project:PhpSpreadsheet/samples/Basic/01_Simple.php':[
7,
45,
],
'project:PhpSpreadsheet/samples/Basic/01_Simple_download_ods.php':[
9,
17,
59,
],
'project:PhpSpreadsheet/samples/Basic/01_Simple_download_pdf.php':[
9,
17,
54,
],
'project:PhpSpreadsheet/samples/Basic/01_Simple_download_xls.php':[
9,
17,
59,
],
'project:PhpSpreadsheet/samples/Basic/01_Simple_download_xlsx.php':[
9,
16,
58,
],
'project:PhpSpreadsheet/samples/Basic/02_Types.php':[
13,
75,
107,
110,
121,
124,
],
'project:PhpSpreadsheet/samples/Basic/03_Formulas.php':[
9,
],
'project:PhpSpreadsheet/samples/Basic/04_Printing.php':[
12,
26,
42,
],
'project:PhpSpreadsheet/samples/Basic/05_Feature_demo.php':[
4,
],
'project:PhpSpreadsheet/samples/Basic/06_Largescale.php':[
5,
],
'project:PhpSpreadsheet/samples/Basic/07_Reader.php':[
9,
10,
11,
14,
15,
],
'project:PhpSpreadsheet/samples/Basic/08_Conditional_formatting.php':[
13,
56,
65,
73,
81,
],
'project:PhpSpreadsheet/samples/Basic/08_Conditional_formatting_2.php':[
12,
45,
51,
57,
],
'project:PhpSpreadsheet/samples/Basic/09_Pagebreaks.php':[
10,
32,
],
'project:PhpSpreadsheet/samples/Basic/11_Documentsecurity.php':[
9,
],
'project:PhpSpreadsheet/samples/Basic/12_CellProtection.php':[
10,
],
'project:PhpSpreadsheet/samples/Basic/13_Calculation.php':[
12,
17,
158,
159,
160,
],
'project:PhpSpreadsheet/samples/Basic/13_CalculationCyclicFormulae.php':[
10,
23,
24,
25,
],
'project:PhpSpreadsheet/samples/Basic/14_Xls.php':[
6,
8,
9,
11,
],
'project:PhpSpreadsheet/samples/Basic/15_Datavalidation.php':[
10,
40,
],
'project:PhpSpreadsheet/samples/Basic/16_Csv.php':[
6,
9,
13,
14,
20,
25,
32,
33,
],
'project:PhpSpreadsheet/samples/Basic/17_Html.php':[
6,
8,
9,
11,
],
'project:PhpSpreadsheet/samples/Basic/18_Extendedcalculation.php':[
10,
15,
],
'project:PhpSpreadsheet/samples/Basic/19_Namedrange.php':[
10,
],
'project:PhpSpreadsheet/samples/Basic/20_Read_Excel2003XML.php':[
7,
8,
9,
],
'project:PhpSpreadsheet/samples/Basic/20_Read_Gnumeric.php':[
7,
8,
9,
],
'project:PhpSpreadsheet/samples/Basic/20_Read_Ods.php':[
7,
8,
9,
],
'project:PhpSpreadsheet/samples/Basic/20_Read_Sylk.php':[
7,
8,
9,
],
'project:PhpSpreadsheet/samples/Basic/20_Read_Xls.php':[
7,
10,
11,
12,
],
'project:PhpSpreadsheet/samples/Basic/22_Heavily_formatted.php':[
11,
],
'project:PhpSpreadsheet/samples/Basic/23_Sharedstyles.php':[
12,
28,
29,
],
'project:PhpSpreadsheet/samples/Basic/24_Readfilter.php':[
11,
12,
13,
14,
32,
35,
],
'project:PhpSpreadsheet/samples/Basic/25_In_memory_image.php':[
10,
24,
25,
30,
],
'project:PhpSpreadsheet/samples/Basic/26_Utf8.php':[
9,
10,
22,
27,
28,
29,
],
'project:PhpSpreadsheet/samples/Basic/27_Images_Xls.php':[
9,
10,
],
'project:PhpSpreadsheet/samples/Basic/28_Iterator.php':[
8,
9,
10,
11,
16,
17,
26,
],
'project:PhpSpreadsheet/samples/Basic/29_Advanced_value_binder.php':[
19,
],
'project:PhpSpreadsheet/samples/Basic/30_Template.php':[
9,
10,
13,
29,
31,
],
'project:PhpSpreadsheet/samples/Basic/31_Document_properties_write.php':[
8,
9,
11,
12,
13,
23,
24,
33,
54,
56,
57,
59,
],
'project:PhpSpreadsheet/samples/Basic/31_Document_properties_write_xls.php':[
8,
9,
11,
12,
13,
23,
24,
33,
54,
56,
57,
59,
],
'project:PhpSpreadsheet/samples/Basic/37_Page_layout_view.php':[
10,
],
'project:PhpSpreadsheet/samples/Basic/38_Clone_worksheet.php':[
9,
44,
],
'project:PhpSpreadsheet/samples/Basic/39_Dropdown.php':[
11,
23,
29,
30,
33,
35,
38,
39,
89,
],
'project:PhpSpreadsheet/samples/Basic/40_Duplicate_style.php':[
10,
11,
14,
15,
16,
22,
23,
24,
25,
27,
32,
],
'project:PhpSpreadsheet/samples/Basic/41_Password.php':[
4,
],
'project:PhpSpreadsheet/samples/Basic/42_RichText.php':[
10,
25,
38,
48,
50,
52,
54,
55,
],
'project:PhpSpreadsheet/samples/Basic/43_Merge_workbooks.php':[
8,
9,
10,
14,
16,
20,
],
'project:PhpSpreadsheet/samples/Basic/44_Worksheet_info.php':[
9,
10,
11,
14,
15,
16,
17,
],
'project:PhpSpreadsheet/samples/Basic/45_Quadratic_equation_solver.php':[
32,
33,
35,
36,
40,
],
'project:PhpSpreadsheet/samples/Basic/46_ReadHtml.php':[
10,
11,
13,
14,
],
'project:PhpSpreadsheet/samples/Calculations/Database/DAVERAGE.php':[
10,
11,
14,
22,
38,
44,
],
'project:PhpSpreadsheet/samples/Calculations/Database/DCOUNT.php':[
9,
10,
13,
21,
37,
43,
],
'project:PhpSpreadsheet/samples/Calculations/Database/DGET.php':[
10,
11,
14,
22,
35,
48,
],
'project:PhpSpreadsheet/samples/Calculations/Database/DMAX.php':[
10,
11,
14,
22,
38,
51,
],
'project:PhpSpreadsheet/samples/Calculations/Database/DMIN.php':[
10,
11,
14,
22,
38,
51,
],
'project:PhpSpreadsheet/samples/Calculations/Database/DPRODUCT.php':[
10,
11,
14,
22,
35,
48,
],
'project:PhpSpreadsheet/samples/Calculations/Database/DSTDEV.php':[
10,
11,
14,
22,
38,
44,
],
'project:PhpSpreadsheet/samples/Calculations/Database/DSTDEVP.php':[
9,
10,
13,
21,
37,
43,
],
'project:PhpSpreadsheet/samples/Calculations/Database/DVAR.php':[
9,
10,
13,
21,
37,
43,
],
'project:PhpSpreadsheet/samples/Calculations/Database/DVARP.php':[
10,
11,
14,
22,
38,
44,
],
'project:PhpSpreadsheet/samples/Calculations/DateTime/DATE.php':[
10,
11,
14,
20,
24,
],
'project:PhpSpreadsheet/samples/Calculations/DateTime/DATEVALUE.php':[
10,
11,
14,
19,
21,
],
'project:PhpSpreadsheet/samples/Calculations/DateTime/TIME.php':[
10,
11,
14,
18,
22,
],
'project:PhpSpreadsheet/samples/Calculations/DateTime/TIMEVALUE.php':[
10,
11,
14,
16,
18,
],
'project:PhpSpreadsheet/samples/Chart/32_Chart_read_write.php':[
7,
8,
12,
19,
26,
28,
29,
34,
37,
43,
45,
50,
51,
53,
56,
74,
75,
],
'project:PhpSpreadsheet/samples/Chart/32_Chart_read_write_HTML.php':[
11,
12,
16,
23,
33,
35,
39,
42,
48,
50,
56,
58,
61,
80,
81,
83,
],
'project:PhpSpreadsheet/samples/Chart/32_Chart_read_write_PDF.php':[
13,
14,
18,
25,
35,
37,
41,
44,
50,
52,
58,
60,
63,
82,
83,
85,
],
'project:PhpSpreadsheet/samples/Chart/33_Chart_create_area.php':[
14,
15,
33,
45,
55,
62,
72,
74,
76,
77,
80,
99,
100,
102,
],
'project:PhpSpreadsheet/samples/Chart/33_Chart_create_bar.php':[
7,
10,
11,
13,
],
'project:PhpSpreadsheet/samples/Chart/33_Chart_create_bar_stacked.php':[
14,
15,
33,
45,
55,
62,
75,
77,
79,
80,
83,
102,
103,
105,
],
'project:PhpSpreadsheet/samples/Chart/33_Chart_create_column.php':[
14,
15,
33,
45,
55,
62,
75,
77,
79,
80,
83,
102,
103,
105,
],
'project:PhpSpreadsheet/samples/Chart/33_Chart_create_column_2.php':[
14,
15,
41,
53,
63,
70,
83,
85,
87,
88,
89,
92,
111,
112,
114,
],
'project:PhpSpreadsheet/samples/Chart/33_Chart_create_composite.php':[
14,
15,
41,
44,
47,
58,
69,
74,
93,
98,
114,
119,
129,
131,
133,
136,
155,
156,
158,
],
'project:PhpSpreadsheet/samples/Chart/33_Chart_create_line.php':[
14,
15,
33,
45,
55,
63,
73,
75,
77,
78,
81,
100,
101,
103,
],
'project:PhpSpreadsheet/samples/Chart/33_Chart_create_multiple_charts.php':[
14,
15,
33,
45,
55,
62,
72,
74,
76,
77,
80,
105,
117,
127,
134,
147,
149,
151,
152,
155,
174,
175,
177,
],
'project:PhpSpreadsheet/samples/Chart/33_Chart_create_pie.php':[
15,
16,
34,
44,
54,
59,
69,
74,
76,
78,
81,
106,
116,
126,
131,
141,
146,
148,
151,
170,
171,
173,
],
'project:PhpSpreadsheet/samples/Chart/33_Chart_create_radar.php':[
15,
16,
42,
53,
64,
70,
83,
86,
88,
90,
93,
112,
113,
115,
],
'project:PhpSpreadsheet/samples/Chart/33_Chart_create_scatter.php':[
14,
15,
33,
39,
49,
56,
69,
71,
73,
74,
77,
96,
97,
99,
],
'project:PhpSpreadsheet/samples/Chart/33_Chart_create_stock.php':[
15,
16,
39,
52,
62,
70,
80,
82,
84,
85,
86,
89,
108,
109,
111,
],
'project:PhpSpreadsheet/samples/Chart/34_Chart_update.php':[
9,
10,
11,
15,
17,
20,
36,
],
'project:PhpSpreadsheet/samples/Chart/35_Chart_render.php':[
11,
12,
16,
23,
33,
35,
39,
42,
48,
50,
56,
],
'project:PhpSpreadsheet/samples/Header.php':[
11,
],
'project:PhpSpreadsheet/samples/Pdf/21_Pdf_Domdf.php':[
7,
15,
],
'project:PhpSpreadsheet/samples/Pdf/21_Pdf_TCPDF.php':[
7,
15,
],
'project:PhpSpreadsheet/samples/Pdf/21_Pdf_mPDF.php':[
7,
15,
],
'project:PhpSpreadsheet/samples/Reader/01_Simple_file_reader_using_IOFactory.php':[
7,
9,
10,
],
'project:PhpSpreadsheet/samples/Reader/02_Simple_file_reader_using_a_specified_reader.php':[
6,
9,
10,
12,
],
'project:PhpSpreadsheet/samples/Reader/03_Simple_file_reader_using_the_IOFactory_to_return_a_reader.php':[
7,
8,
11,
12,
14,
],
'project:PhpSpreadsheet/samples/Reader/04_Simple_file_reader_using_the_IOFactory_to_identify_a_reader_to_use.php':[
7,
9,
13,
14,
16,
],
'project:PhpSpreadsheet/samples/Reader/05_Simple_file_reader_using_the_read_data_only_option.php':[
7,
8,
11,
14,
16,
],
'project:PhpSpreadsheet/samples/Reader/06_Simple_file_reader_loading_all_worksheets.php':[
7,
8,
11,
14,
17,
],
'project:PhpSpreadsheet/samples/Reader/07_Simple_file_reader_loading_a_single_named_worksheet.php':[
7,
8,
9,
12,
15,
18,
],
'project:PhpSpreadsheet/samples/Reader/08_Simple_file_reader_loading_several_named_worksheets.php':[
7,
8,
9,
12,
15,
18,
],
'project:PhpSpreadsheet/samples/Reader/09_Simple_file_reader_using_a_read_filter.php':[
10,
11,
12,
29,
32,
37,
39,
],
'project:PhpSpreadsheet/samples/Reader/10_Simple_file_reader_using_a_configurable_read_filter.php':[
10,
11,
12,
41,
44,
49,
51,
],
'project:PhpSpreadsheet/samples/Reader/11_Reading_a_workbook_in_chunks_using_a_configurable_read_filter_(version_1).php':[
10,
11,
45,
48,
51,
54,
58,
62,
],
'project:PhpSpreadsheet/samples/Reader/12_Reading_a_workbook_in_chunks_using_a_configurable_read_filter_(version_2).php':[
10,
11,
45,
48,
50,
56,
61,
65,
],
'project:PhpSpreadsheet/samples/Reader/13_Simple_file_reader_for_multiple_CSV_files.php':[
7,
8,
10,
11,
13,
23,
27,
],
'project:PhpSpreadsheet/samples/Reader/14_Reading_a_large_CSV_file_in_chunks_to_split_across_multiple_worksheets.php':[
11,
12,
46,
49,
51,
59,
62,
65,
80,
84,
],
'project:PhpSpreadsheet/samples/Reader/15_Simple_file_reader_for_tab_separated_value_file_using_the_Advanced_Value_Binder.php':[
11,
12,
14,
17,
21,
25,
],
'project:PhpSpreadsheet/samples/Reader/16_Handling_loader_exceptions_using_TryCatch.php':[
7,
11,
],
'project:PhpSpreadsheet/samples/Reader/17_Simple_file_reader_loading_several_named_worksheets.php':[
7,
8,
11,
15,
],
'project:PhpSpreadsheet/samples/Reader/18_Reading_list_of_worksheets_without_loading_entire_file.php':[
7,
8,
12,
13,
],
'project:PhpSpreadsheet/samples/Reader/19_Reading_worksheet_information_without_loading_entire_file.php':[
7,
8,
12,
13,
],
'project:PhpSpreadsheet/samples/Reader/20_Reader_worksheet_hyperlink_image.php':[
6,
10,
12,
14,
15,
18,
20,
32,
38,
40,
43,
45,
],
'project:PhpSpreadsheet/samples/Reading_workbook_data/Custom_properties.php':[
7,
8,
11,
13,
16,
22,
24,
],
'project:PhpSpreadsheet/samples/Reading_workbook_data/Custom_property_names.php':[
7,
8,
11,
13,
16,
],
'project:PhpSpreadsheet/samples/Reading_workbook_data/Properties.php':[
7,
8,
11,
13,
16,
20,
22,
23,
27,
31,
33,
34,
38,
42,
46,
50,
54,
58,
62,
64,
],
'project:PhpSpreadsheet/samples/Reading_workbook_data/Worksheet_count_and_names.php':[
7,
8,
11,
13,
16,
21,
],
'project:PhpSpreadsheet/samples/index.php':[
5,
29,
],
'project:PhpSpreadsheet/src/Bootstrap.php':[
9,
],
'project:PhpSpreadsheet/src/PhpSpreadsheet/Chart/Renderer/Polyfill.php':[
5,
],
'project:PhpSpreadsheet/src/PhpSpreadsheet/Shared/JAMA/utils/Maths.php':[
17,
],
'project:PhpSpreadsheet/tests/data/Calculation/MathTrig/SUBTOTAL.php':[
3,
],
'project:PhpSpreadsheet/tests/data/Calculation/MathTrig/SUBTOTALHIDDEN.php':[
3,
],
'project:PhpSpreadsheet/tests/data/Calculation/MathTrig/SUBTOTALNESTED.php':[
3,
],
'project:Symfony/Bridge/PhpUnit/Tests/DeprecationErrorHandler/fake_vendor/acme/lib/deprecation_riddled.php':[
35,
],
'project:Symfony/Bridge/PhpUnit/Tests/DeprecationErrorHandler/generate_phar.php':[
3,
],
'project:Symfony/Bridge/PhpUnit/bootstrap.php':[
16,
],
'project:Symfony/Bridge/Twig/Extension/FormExtension.php':[
102,
114,
],
'project:Symfony/Bundle/FrameworkBundle/Resources/views/Form/button_widget.html.php':[
1,
],
'project:Symfony/Bundle/FrameworkBundle/Resources/views/Form/choice_widget_collapsed.html.php':[
3,
],
'project:Symfony/Bundle/FrameworkBundle/Resources/views/Form/choice_widget_options.html.php':[
3,
4,
],
'project:Symfony/Bundle/FrameworkBundle/Resources/views/Form/form_label.html.php':[
4,
],
'project:Symfony/Bundle/FrameworkBundle/Resources/views/Form/form_row.html.php':[
2,
],
'project:Symfony/Bundle/FrameworkBundle/Resources/views/Form/form_start.html.php':[
1,
2,
],
'project:Symfony/Bundle/FrameworkBundle/Resources/views/Form/time_widget.html.php':[
4,
],
'project:Symfony/Bundle/FrameworkBundle/Resources/views/FormTable/form_row.html.php':[
2,
],
'project:Symfony/Bundle/FrameworkBundle/Tests/Templating/Helper/Resources/Custom/_name_c_entry_label.html.php':[
1,
],
'project:Symfony/Bundle/FrameworkBundle/Tests/Templating/Helper/Resources/Custom/_names_entry_label.html.php':[
2,
],
'project:Symfony/Bundle/FrameworkBundle/Tests/Templating/Helper/Resources/Parent/form_widget_simple.html.php':[
1,
],
'project:Symfony/Bundle/SecurityBundle/Tests/DependencyInjection/Fixtures/php/firewall_provider.php':[
6,
],
'project:Symfony/Bundle/WebServerBundle/Resources/router.php':[
33,
],
'project:Symfony/Component/HttpFoundation/Tests/Fixtures/response-functional/common.inc':[
5,
40,
],
'project:Symfony/Component/HttpFoundation/Tests/Fixtures/response-functional/cookie_max_age.php':[
5,
],
'project:Symfony/Component/HttpFoundation/Tests/Fixtures/response-functional/cookie_raw_urlencode.php':[
5,
7,
],
'project:Symfony/Component/HttpFoundation/Tests/Fixtures/response-functional/cookie_samesite_lax.php':[
5,
],
'project:Symfony/Component/HttpFoundation/Tests/Fixtures/response-functional/cookie_samesite_strict.php':[
5,
],
'project:Symfony/Component/HttpFoundation/Tests/Fixtures/response-functional/cookie_urlencode.php':[
5,
7,
],
'project:Symfony/Component/HttpFoundation/Tests/Fixtures/response-functional/invalid_cookie_name.php':[
5,
],
'project:Symfony/Component/HttpFoundation/Tests/Session/Storage/Handler/Fixtures/common.inc':[
5,
],
'project:Symfony/Component/HttpFoundation/Tests/Session/Storage/Handler/Fixtures/storage.php':[
8,
10,
],
'project:Symfony/Component/HttpFoundation/Tests/Session/Storage/Handler/Fixtures/with_samesite.php':[
7,
],
'project:Symfony/Component/HttpKernel/Tests/Controller/ArgumentResolverTest.php':[
336,
],
'project:Symfony/Component/HttpKernel/Tests/Controller/ControllerResolverTest.php':[
202,
],
'project:Symfony/Component/HttpKernel/Tests/HttpKernelTest.php':[
393,
],
'project:Symfony/Component/Intl/Resources/bin/autoload.php':[
12,
],
'project:Symfony/Component/Intl/Resources/bin/common.php':[
16,
23,
30,
37,
44,
56,
],
'project:Symfony/Component/Intl/Resources/bin/update-data.php':[
33,
34,
67,
68,
80,
83,
88,
89,
92,
162,
163,
167,
171,
172,
174,
177,
181,
182,
206,
242,
261,
273,
279,
],
'project:Symfony/Component/Messenger/Tests/Transport/AmqpExt/Fixtures/long_receiver.php':[
3,
5,
24,
28,
29,
31,
],
'project:Symfony/Component/Process/Tests/KillableProcessWithOutput.php':[
12,
20,
],
'project:Symfony/Component/Process/Tests/NonStopableProcess.php':[
19,
41,
42,
],
'project:Symfony/Component/Process/Tests/PipeStdinInStdoutStdErrStreamSelect.php':[
17,
18,
24,
24,
26,
27,
28,
29,
38,
60,
],
'project:Symfony/Component/Process/Tests/SignalListener.php':[
16,
],
'project:Symfony/Component/Routing/Tests/Fixtures/validpattern.php':[
6,
],
'project:Symfony/Component/Routing/Tests/Fixtures/validresource.php':[
5,
],
'project:Symfony/Component/Routing/Tests/Fixtures/with_define_path_variable.php':[
3,
],
}
