{
'project:PHP_CodeSniffer/src/Standards/PEAR/Sniffs/ControlStructures/MultiLineConditionSniff.php':[
84,
],
'project:PhpSpreadsheet/src/PhpSpreadsheet/Reader/Xls.php':[
2656,
],
'project:Symfony/Bridge/Monolog/Tests/Handler/ConsoleHandlerTest.php':[
66,
],
'project:Symfony/Bridge/PhpUnit/Legacy/SymfonyTestsListenerTrait.php':[
276,
],
}
