{
'project:PHP_CodeSniffer/src/Standards/Generic/Sniffs/Commenting/FixmeSniff.php':[
3,
61,
],
'project:PhpSpreadsheet/src/PhpSpreadsheet/Reader/Xls.php':[
1209,
1241,
4403,
],
'project:PhpSpreadsheet/src/PhpSpreadsheet/Writer/Xls/Parser.php':[
885,
887,
],
'project:PhpSpreadsheet/src/PhpSpreadsheet/Writer/Xls/Workbook.php':[
868,
],
'project:PhpSpreadsheet/src/PhpSpreadsheet/Writer/Xls/Worksheet.php':[
1244,
],
'project:Symfony/Component/HttpKernel/HttpCache/HttpCache.php':[
165,
],
}
