{
'project:PhpSpreadsheet/src/PhpSpreadsheet/Calculation/Statistical.php':[
638,
1781,
2815,
3008,
3107,
3438,
3536,
],
'project:PhpSpreadsheet/tests/PhpSpreadsheetTests/Helper/SampleTest.php':[
20,
],
'project:Symfony/Bridge/Doctrine/Tests/Form/ChoiceList/DoctrineChoiceLoaderTest.php':[
108,
],
'project:Symfony/Bridge/Doctrine/Tests/Form/Type/EntityTypePerformanceTest.php':[
64,
69,
],
'project:Symfony/Bridge/Doctrine/Tests/Form/Type/EntityTypeTest.php':[
81,
86,
],
'project:Symfony/Bridge/Twig/Tests/Extension/DumpExtensionTest.php':[
43,
],
'project:Symfony/Bundle/FrameworkBundle/Console/Descriptor/Descriptor.php':[
311,
],
'project:Symfony/Bundle/FrameworkBundle/Tests/Console/ApplicationTest.php':[
111,
],
'project:Symfony/Bundle/FrameworkBundle/Tests/EventListener/ResolveControllerNameSubscriberTest.php':[
61,
],
'project:Symfony/Bundle/SecurityBundle/Tests/SecurityUserValueResolverTest.php':[
84,
94,
],
'project:Symfony/Bundle/TwigBundle/Controller/ExceptionController.php':[
139,
],
'project:Symfony/Bundle/TwigBundle/Loader/FilesystemLoader.php':[
84,
],
'project:Symfony/Bundle/TwigBundle/TwigEngine.php':[
53,
],
'project:Symfony/Bundle/WebProfilerBundle/Controller/ExceptionController.php':[
129,
],
'project:Symfony/Bundle/WebProfilerBundle/Profiler/TemplateManager.php':[
115,
],
'project:Symfony/Bundle/WebServerBundle/WebServer.php':[
42,
],
'project:Symfony/Component/Filesystem/Filesystem.php':[
755,
756,
],
'project:Symfony/Component/Form/Tests/ChoiceList/Factory/CachingFactoryDecoratorTest.php':[
127,
143,
144,
197,
213,
214,
267,
282,
283,
303,
318,
319,
339,
354,
355,
375,
390,
391,
447,
462,
463,
],
'project:Symfony/Component/Form/Tests/ChoiceList/Factory/DefaultChoiceListFactoryTest.php':[
208,
],
'project:Symfony/Component/Form/Tests/ChoiceList/LazyChoiceListTest.php':[
43,
],
'project:Symfony/Component/Form/Tests/Extension/Core/Type/FormTypeTest.php':[
418,
443,
],
'project:Symfony/Component/Form/Tests/Extension/DataCollector/FormDataExtractorTest.php':[
369,
],
'project:Symfony/Component/Form/Tests/Extension/Validator/Type/BaseValidatorExtensionTest.php':[
69,
],
'project:Symfony/Component/HttpFoundation/Request.php':[
1893,
],
'project:Symfony/Component/HttpFoundation/Tests/Session/SessionTest.php':[
81,
88,
],
'project:Symfony/Component/HttpFoundation/Tests/StreamedResponseTest.php':[
110,
118,
122,
],
'project:Symfony/Component/HttpKernel/Controller/ContainerControllerResolver.php':[
56,
],
'project:Symfony/Component/HttpKernel/Debug/TraceableEventDispatcher.php':[
52,
77,
],
'project:Symfony/Component/HttpKernel/Fragment/HIncludeFragmentRenderer.php':[
147,
],
'project:Symfony/Component/HttpKernel/Kernel.php':[
482,
483,
544,
545,
],
'project:Symfony/Component/HttpKernel/Tests/Controller/ArgumentResolverTest.php':[
86,
95,
],
'project:Symfony/Component/HttpKernel/Tests/Controller/ControllerResolverTest.php':[
36,
],
'project:Symfony/Component/HttpKernel/Tests/Debug/TraceableEventDispatcherTest.php':[
106,
],
'project:Symfony/Component/HttpKernel/Tests/Event/FilterControllerArgumentsEventTest.php':[
14,
],
'project:Symfony/Component/HttpKernel/Tests/EventListener/DebugHandlersListenerTest.php':[
39,
50,
81,
116,
136,
145,
],
'project:Symfony/Component/HttpKernel/Tests/EventListener/DumpListenerTest.php':[
56,
],
'project:Symfony/Component/HttpKernel/Tests/EventListener/SessionListenerTest.php':[
115,
],
'project:Symfony/Component/HttpKernel/Tests/HttpKernelTest.php':[
224,
],
'project:Symfony/Component/Intl/Data/Generator/LocaleDataGenerator.php':[
90,
91,
],
'project:Symfony/Component/Intl/ResourceBundle/LanguageBundle.php':[
50,
],
'project:Symfony/Component/Lock/Tests/Store/AbstractStoreTest.php':[
81,
],
'project:Symfony/Component/Lock/Tests/Store/BlockingStoreTestTrait.php':[
59,
],
'project:Symfony/Component/Messenger/Tests/Handler/Locator/ContainerHandlerLocatorTest.php':[
17,
40,
53,
],
'project:Symfony/Component/Messenger/Tests/Transport/Enhancers/StopWhenMemoryUsageIsExceededReceiverTest.php':[
49,
82,
],
'project:Symfony/Component/Messenger/Tests/Transport/Enhancers/StopWhenMessageCountIsExceededReceiverTest.php':[
47,
76,
101,
],
'project:Symfony/Component/OptionsResolver/Tests/Debug/OptionsResolverIntrospectorTest.php':[
68,
173,
218,
],
'project:Symfony/Component/OptionsResolver/Tests/OptionsResolverTest.php':[
112,
408,
1045,
1210,
1228,
1237,
1785,
1806,
],
'project:Symfony/Component/Process/Tests/ProcessTest.php':[
290,
762,
783,
822,
881,
999,
],
'project:Symfony/Component/PropertyAccess/Tests/PropertyAccessorTest.php':[
165,
],
'project:Symfony/Component/Routing/Matcher/TraceableUrlMatcher.php':[
38,
],
'project:Symfony/Component/Routing/Tests/Fixtures/AnnotatedClasses/FooTrait.php':[
10,
],
'project:Symfony/Component/Routing/Tests/Loader/ClosureLoaderTest.php':[
25,
],
'project:Symfony/Component/Routing/Tests/Matcher/UrlMatcherTest.php':[
97,
118,
244,
],
'project:Symfony/Component/Security/Core/User/LdapUserProvider.php':[
89,
],
'project:Symfony/Component/Security/Http/Firewall/ContextListener.php':[
243,
],
'project:Symfony/Component/Security/Http/Tests/Controller/UserValueResolverTest.php':[
81,
91,
],
'project:Symfony/Component/Security/Http/Tests/RememberMe/PersistentTokenBasedRememberMeServicesTest.php':[
128,
],
'project:Symfony/Component/Serializer/Tests/Normalizer/GetSetMethodNormalizerTest.php':[
341,
],
'project:Symfony/Component/Serializer/Tests/Normalizer/ObjectNormalizerTest.php':[
617,
],
'project:Symfony/Component/Serializer/Tests/Normalizer/PropertyNormalizerTest.php':[
277,
],
}
