{
'project:PHP_CodeSniffer/src/Config.php':[
369,
],
'project:PHP_CodeSniffer/src/Runner.php':[
322,
631,
],
'project:PhpSpreadsheet/src/PhpSpreadsheet/Helper/Migrator.php':[
309,
],
'project:Symfony/Bridge/Twig/Command/LintCommand.php':[
87,
],
'project:Symfony/Component/Process/Tests/PipeStdinInStdoutStdErrStreamSelect.php':[
17,
60,
],
'project:Symfony/Component/Yaml/Command/LintCommand.php':[
210,
],
}
