{
'project:PhpSpreadsheet/src/PhpSpreadsheet/Writer/Html.php':[
806,
],
'project:Symfony/Bridge/Twig/Tests/Extension/AbstractBootstrap3LayoutTest.php':[
2546,
],
'project:Symfony/Component/Form/Tests/AbstractLayoutTest.php':[
2549,
],
'project:Symfony/Component/Yaml/Tests/InlineTest.php':[
334,
413,
494,
],
}
