{
'project:PHPMailer/get_oauth_token.php':[
46,
46,
65,
66,
81,
81,
81,
121,
128,
128,
138,
],
'project:PHPMailer/src/PHPMailer.php':[
3591,
3591,
3592,
],
'project:PHPMailer/test/phpmailerTest.php':[
81,
82,
92,
93,
97,
98,
113,
114,
116,
116,
117,
1509,
2459,
2462,
2469,
2472,
],
'project:PHPMailer/test/testbootstrap-dist.php':[
3,
4,
5,
6,
7,
8,
],
'project:PHP_CodeSniffer/src/Config.php':[
330,
],
'project:PhpSpreadsheet/samples/Basic/45_Quadratic_equation_solver.php':[
10,
10,
13,
13,
16,
16,
25,
26,
32,
32,
32,
35,
35,
36,
36,
],
'project:PhpSpreadsheet/src/PhpSpreadsheet/Helper/Sample.php':[
37,
],
'project:Symfony/Bridge/PhpUnit/Tests/CoverageListenerTest.php':[
28,
],
'project:Symfony/Bundle/FrameworkBundle/Command/CacheClearCommand.php':[
109,
],
'project:Symfony/Bundle/FrameworkBundle/Test/KernelTestCase.php':[
46,
46,
50,
50,
93,
94,
95,
96,
103,
104,
105,
106,
],
'project:Symfony/Bundle/WebServerBundle/Resources/router.php':[
29,
29,
33,
33,
35,
35,
35,
36,
36,
39,
40,
44,
44,
44,
],
'project:Symfony/Bundle/WebServerBundle/WebServerConfig.php':[
35,
],
'project:Symfony/Component/Form/NativeRequestHandler.php':[
62,
66,
70,
90,
95,
97,
99,
99,
139,
140,
143,
144,
],
'project:Symfony/Component/Form/Tests/Extension/Validator/Util/ServerParamsTest.php':[
25,
29,
],
'project:Symfony/Component/Form/Tests/NativeRequestHandlerTest.php':[
25,
32,
33,
34,
35,
45,
46,
47,
48,
67,
179,
190,
191,
193,
194,
197,
],
'project:Symfony/Component/Form/Util/ServerParams.php':[
97,
98,
],
'project:Symfony/Component/HttpFoundation/Request.php':[
287,
287,
287,
287,
287,
536,
537,
538,
539,
544,
546,
550,
550,
550,
555,
557,
557,
],
'project:Symfony/Component/HttpFoundation/Tests/RequestTest.php':[
1143,
1144,
1145,
1146,
1147,
1156,
1156,
1156,
1156,
1156,
1158,
1159,
1164,
1164,
1168,
1169,
1170,
1176,
1176,
1176,
1186,
1190,
1195,
1197,
1208,
1215,
1216,
1223,
1224,
1228,
],
'project:Symfony/Component/HttpKernel/DataCollector/DumpDataCollector.php':[
207,
208,
],
'project:Symfony/Component/HttpKernel/Kernel.php':[
122,
122,
124,
125,
],
'project:Symfony/Component/Intl/Resources/bin/update-data.php':[
33,
34,
],
'project:Symfony/Component/Messenger/Tests/Transport/AmqpExt/Fixtures/long_receiver.php':[
3,
],
'project:Symfony/Component/Process/Process.php':[
1632,
1638,
],
'project:Symfony/Component/Process/Tests/ProcessTest.php':[
1417,
1429,
1437,
1447,
],
'project:Symfony/Component/Security/Csrf/CsrfTokenManager.php':[
46,
46,
],
'project:Symfony/Component/Security/Csrf/Tests/CsrfTokenManagerTest.php':[
215,
222,
],
}
