{
'project:PHPMailer/src/PHPMailer.php':[
788,
932,
945,
958,
971,
990,
1045,
1160,
1228,
1294,
1345,
1371,
1504,
1547,
1663,
1754,
1841,
1989,
2790,
3314,
3364,
3399,
3415,
3431,
3447,
4056,
],
'project:PHPMailer/src/POP3.php':[
145,
172,
217,
278,
365,
],
'project:PHPMailer/src/SMTP.php':[
289,
384,
425,
588,
641,
733,
750,
817,
837,
859,
875,
889,
960,
972,
983,
997,
1180,
],
'project:PHPMailer/test/phpmailerTest.php':[
278,
],
'project:PHP_CodeSniffer/autoload.php':[
64,
],
'project:PHP_CodeSniffer/src/Config.php':[
263,
1560,
],
'project:PHP_CodeSniffer/src/Files/File.php':[
654,
688,
721,
745,
771,
802,
834,
1068,
],
'project:PHP_CodeSniffer/src/Files/FileList.php':[
223,
],
'project:PHP_CodeSniffer/src/Filters/ExactMatch.php':[
43,
],
'project:PHP_CodeSniffer/src/Filters/Filter.php':[
91,
159,
196,
],
'project:PHP_CodeSniffer/src/Fixer.php':[
140,
374,
459,
588,
646,
668,
683,
699,
715,
],
'project:PHP_CodeSniffer/src/Reporter.php':[
176,
],
'project:PHP_CodeSniffer/src/Reports/Cbf.php':[
38,
],
'project:PHP_CodeSniffer/src/Reports/Checkstyle.php':[
33,
],
'project:PHP_CodeSniffer/src/Reports/Code.php':[
33,
],
'project:PHP_CodeSniffer/src/Reports/Csv.php':[
32,
],
'project:PHP_CodeSniffer/src/Reports/Diff.php':[
32,
],
'project:PHP_CodeSniffer/src/Reports/Emacs.php':[
32,
],
'project:PHP_CodeSniffer/src/Reports/Full.php':[
33,
],
'project:PHP_CodeSniffer/src/Reports/Info.php':[
33,
],
'project:PHP_CodeSniffer/src/Reports/Json.php':[
33,
],
'project:PHP_CodeSniffer/src/Reports/Junit.php':[
34,
],
'project:PHP_CodeSniffer/src/Reports/Notifysend.php':[
97,
],
'project:PHP_CodeSniffer/src/Reports/Report.php':[
32,
],
'project:PHP_CodeSniffer/src/Reports/Source.php':[
33,
],
'project:PHP_CodeSniffer/src/Reports/Summary.php':[
33,
],
'project:PHP_CodeSniffer/src/Reports/VersionControl.php':[
41,
],
'project:PHP_CodeSniffer/src/Reports/Xml.php':[
33,
],
'project:PHP_CodeSniffer/src/Ruleset.php':[
1073,
],
'project:PHP_CodeSniffer/src/Standards/PSR2/Sniffs/ControlStructures/SwitchDeclarationSniff.php':[
240,
],
'project:PHP_CodeSniffer/src/Standards/Squiz/Sniffs/WhiteSpace/ObjectOperatorSpacingSniff.php':[
93,
123,
],
'project:PHP_CodeSniffer/tests/Standards/AbstractSniffUnitTest.php':[
103,
],
'project:PhpSpreadsheet/src/PhpSpreadsheet/Calculation/Calculation.php':[
2298,
2326,
2409,
2853,
3284,
3618,
4040,
4193,
],
'project:PhpSpreadsheet/src/PhpSpreadsheet/Calculation/Engine/CyclicReferenceStack.php':[
51,
],
'project:PhpSpreadsheet/src/PhpSpreadsheet/Calculation/Engine/Logger.php':[
65,
85,
],
'project:PhpSpreadsheet/src/PhpSpreadsheet/Calculation/Functions.php':[
67,
110,
298,
],
'project:PhpSpreadsheet/src/PhpSpreadsheet/Calculation/Logical.php':[
19,
36,
],
'project:PhpSpreadsheet/src/PhpSpreadsheet/Calculation/TextData.php':[
542,
637,
],
'project:PhpSpreadsheet/src/PhpSpreadsheet/Cell/AdvancedValueBinder.php':[
21,
],
'project:PhpSpreadsheet/src/PhpSpreadsheet/Cell/Coordinate.php':[
52,
],
'project:PhpSpreadsheet/src/PhpSpreadsheet/Cell/DataValidation.php':[
255,
279,
303,
327,
],
'project:PhpSpreadsheet/src/PhpSpreadsheet/Cell/DefaultValueBinder.php':[
19,
],
'project:PhpSpreadsheet/src/PhpSpreadsheet/Cell/IValueBinder.php':[
15,
],
'project:PhpSpreadsheet/src/PhpSpreadsheet/Chart/Chart.php':[
320,
662,
],
'project:PhpSpreadsheet/src/PhpSpreadsheet/Chart/DataSeries.php':[
353,
],
'project:PhpSpreadsheet/src/PhpSpreadsheet/Chart/GridLines.php':[
86,
],
'project:PhpSpreadsheet/src/PhpSpreadsheet/Chart/Layout.php':[
314,
339,
364,
389,
414,
439,
464,
],
'project:PhpSpreadsheet/src/PhpSpreadsheet/Chart/Legend.php':[
82,
110,
126,
138,
],
'project:PhpSpreadsheet/src/PhpSpreadsheet/Chart/Renderer/IRenderer.php':[
23,
],
'project:PhpSpreadsheet/src/PhpSpreadsheet/Comment.php':[
233,
],
'project:PhpSpreadsheet/src/PhpSpreadsheet/Document/Security.php':[
68,
92,
116,
],
'project:PhpSpreadsheet/src/PhpSpreadsheet/NamedRange.php':[
168,
],
'project:PhpSpreadsheet/src/PhpSpreadsheet/Reader/BaseReader.php':[
59,
87,
116,
],
'project:PhpSpreadsheet/src/PhpSpreadsheet/Reader/Csv.php':[
495,
531,
],
'project:PhpSpreadsheet/src/PhpSpreadsheet/Reader/DefaultReadFilter.php':[
16,
],
'project:PhpSpreadsheet/src/PhpSpreadsheet/Reader/Gnumeric.php':[
51,
],
'project:PhpSpreadsheet/src/PhpSpreadsheet/Reader/Html.php':[
117,
],
'project:PhpSpreadsheet/src/PhpSpreadsheet/Reader/IReadFilter.php':[
16,
],
'project:PhpSpreadsheet/src/PhpSpreadsheet/Reader/IReader.php':[
19,
],
'project:PhpSpreadsheet/src/PhpSpreadsheet/Reader/Ods.php':[
39,
],
'project:PhpSpreadsheet/src/PhpSpreadsheet/Reader/Slk.php':[
56,
],
'project:PhpSpreadsheet/src/PhpSpreadsheet/Reader/Xls.php':[
425,
1888,
],
'project:PhpSpreadsheet/src/PhpSpreadsheet/Reader/Xlsx.php':[
67,
2502,
],
'project:PhpSpreadsheet/src/PhpSpreadsheet/Reader/Xml.php':[
55,
],
'project:PhpSpreadsheet/src/PhpSpreadsheet/ReferenceHelper.php':[
127,
],
'project:PhpSpreadsheet/src/PhpSpreadsheet/Settings.php':[
41,
],
'project:PhpSpreadsheet/src/PhpSpreadsheet/Shared/Date.php':[
71,
103,
],
'project:PhpSpreadsheet/src/PhpSpreadsheet/Shared/Escher/DgContainer/SpgrContainer/SpContainer.php':[
128,
],
'project:PhpSpreadsheet/src/PhpSpreadsheet/Shared/File.php':[
32,
44,
],
'project:PhpSpreadsheet/src/PhpSpreadsheet/Shared/Font.php':[
170,
],
'project:PhpSpreadsheet/src/PhpSpreadsheet/Shared/JAMA/Matrix.php':[
309,
],
'project:PhpSpreadsheet/src/PhpSpreadsheet/Shared/OLE.php':[
120,
297,
374,
],
'project:PhpSpreadsheet/src/PhpSpreadsheet/Shared/OLE/ChainedBlockStream.php':[
49,
133,
157,
],
'project:PhpSpreadsheet/src/PhpSpreadsheet/Shared/OLE/PPS/Root.php':[
88,
],
'project:PhpSpreadsheet/src/PhpSpreadsheet/Shared/StringHelper.php':[
240,
571,
],
'project:PhpSpreadsheet/src/PhpSpreadsheet/Shared/TimeZone.php':[
24,
36,
],
'project:PhpSpreadsheet/src/PhpSpreadsheet/Shared/Trend/BestFit.php':[
101,
113,
135,
],
'project:PhpSpreadsheet/src/PhpSpreadsheet/Shared/XMLWriter.php':[
84,
],
'project:PhpSpreadsheet/src/PhpSpreadsheet/Spreadsheet.php':[
442,
607,
912,
1062,
1297,
1317,
1337,
1357,
1378,
],
'project:PhpSpreadsheet/src/PhpSpreadsheet/Style/Alignment.php':[
301,
337,
],
'project:PhpSpreadsheet/src/PhpSpreadsheet/Style/Conditional.php':[
158,
],
'project:PhpSpreadsheet/src/PhpSpreadsheet/Style/Font.php':[
280,
316,
352,
389,
466,
],
'project:PhpSpreadsheet/src/PhpSpreadsheet/Style/Style.php':[
561,
],
'project:PhpSpreadsheet/src/PhpSpreadsheet/Style/Supervisor.php':[
66,
],
'project:PhpSpreadsheet/src/PhpSpreadsheet/Worksheet/AutoFilter.php':[
295,
314,
356,
446,
],
'project:PhpSpreadsheet/src/PhpSpreadsheet/Worksheet/BaseDrawing.php':[
416,
],
'project:PhpSpreadsheet/src/PhpSpreadsheet/Worksheet/CellIterator.php':[
36,
],
'project:PhpSpreadsheet/src/PhpSpreadsheet/Worksheet/ColumnCellIterator.php':[
168,
],
'project:PhpSpreadsheet/src/PhpSpreadsheet/Worksheet/ColumnDimension.php':[
97,
],
'project:PhpSpreadsheet/src/PhpSpreadsheet/Worksheet/ColumnIterator.php':[
171,
],
'project:PhpSpreadsheet/src/PhpSpreadsheet/Worksheet/Dimension.php':[
53,
108,
],
'project:PhpSpreadsheet/src/PhpSpreadsheet/Worksheet/Drawing/Shadow.php':[
93,
],
'project:PhpSpreadsheet/src/PhpSpreadsheet/Worksheet/HeaderFooter.php':[
309,
333,
357,
381,
],
'project:PhpSpreadsheet/src/PhpSpreadsheet/Worksheet/Iterator.php':[
83,
],
'project:PhpSpreadsheet/src/PhpSpreadsheet/Worksheet/PageSetup.php':[
351,
541,
565,
],
'project:PhpSpreadsheet/src/PhpSpreadsheet/Worksheet/Protection.php':[
165,
189,
213,
237,
261,
285,
309,
333,
357,
381,
405,
429,
453,
477,
501,
525,
],
'project:PhpSpreadsheet/src/PhpSpreadsheet/Worksheet/RowCellIterator.php':[
168,
],
'project:PhpSpreadsheet/src/PhpSpreadsheet/Worksheet/RowDimension.php':[
97,
],
'project:PhpSpreadsheet/src/PhpSpreadsheet/Worksheet/RowIterator.php':[
166,
],
'project:PhpSpreadsheet/src/PhpSpreadsheet/Worksheet/Worksheet.php':[
1298,
1346,
1471,
2182,
2206,
2230,
2254,
2278,
2455,
2789,
2850,
],
'project:PhpSpreadsheet/src/PhpSpreadsheet/Writer/BaseWriter.php':[
45,
76,
102,
],
'project:PhpSpreadsheet/src/PhpSpreadsheet/Writer/Csv.php':[
215,
239,
263,
],
'project:PhpSpreadsheet/src/PhpSpreadsheet/Writer/Html.php':[
307,
1449,
1473,
],
'project:PhpSpreadsheet/src/PhpSpreadsheet/Writer/Xlsx.php':[
529,
],
'project:PhpSpreadsheet/tests/PhpSpreadsheetTests/Functional/ReadFilterTest.php':[
103,
],
'project:Symfony/Bridge/Doctrine/ContainerAwareEventManager.php':[
49,
],
'project:Symfony/Bridge/Doctrine/DependencyInjection/CompilerPass/RegisterMappingsPass.php':[
240,
],
'project:Symfony/Bridge/Monolog/Handler/ConsoleHandler.php':[
172,
],
'project:Symfony/Bridge/PhpUnit/Legacy/SymfonyTestsListenerTrait.php':[
340,
],
'project:Symfony/Bridge/Twig/AppVariable.php':[
140,
],
'project:Symfony/Bridge/Twig/Extension/WorkflowExtension.php':[
53,
],
'project:Symfony/Bridge/Twig/Form/TwigRendererEngine.php':[
79,
],
'project:Symfony/Bridge/Twig/Translation/TwigExtractor.php':[
103,
],
'project:Symfony/Bundle/FrameworkBundle/CacheWarmer/AbstractPhpFileCacheWarmer.php':[
77,
],
'project:Symfony/Bundle/FrameworkBundle/Templating/GlobalVariables.php':[
90,
],
'project:Symfony/Bundle/SecurityBundle/DataCollector/SecurityDataCollector.php':[
248,
],
'project:Symfony/Bundle/WebProfilerBundle/Csp/ContentSecurityPolicyHandler.php':[
217,
],
'project:Symfony/Component/Filesystem/Filesystem.php':[
120,
],
'project:Symfony/Component/Filesystem/Tests/Fixtures/MockStream/MockStream.php':[
31,
],
'project:Symfony/Component/Finder/Comparator/Comparator.php':[
81,
],
'project:Symfony/Component/Finder/Iterator/CustomFilterIterator.php':[
49,
],
'project:Symfony/Component/Finder/Iterator/DateRangeFilterIterator.php':[
41,
],
'project:Symfony/Component/Finder/Iterator/DepthRangeFilterIterator.php':[
41,
],
'project:Symfony/Component/Finder/Iterator/ExcludeDirectoryFilterIterator.php':[
55,
],
'project:Symfony/Component/Finder/Iterator/FileTypeFilterIterator.php':[
42,
],
'project:Symfony/Component/Finder/Iterator/FilecontentFilterIterator.php':[
27,
],
'project:Symfony/Component/Finder/Iterator/FilenameFilterIterator.php':[
28,
],
'project:Symfony/Component/Finder/Iterator/PathFilterIterator.php':[
27,
],
'project:Symfony/Component/Finder/Iterator/SizeRangeFilterIterator.php':[
41,
],
'project:Symfony/Component/Form/AbstractRendererEngine.php':[
123,
141,
],
'project:Symfony/Component/Form/Button.php':[
56,
],
'project:Symfony/Component/Form/ButtonBuilder.php':[
543,
553,
563,
610,
620,
630,
696,
734,
744,
],
'project:Symfony/Component/Form/ChoiceList/ArrayChoiceList.php':[
222,
],
'project:Symfony/Component/Form/Extension/Core/DataTransformer/BooleanToStringTransformer.php':[
74,
],
'project:Symfony/Component/Form/Extension/Templating/TemplatingRendererEngine.php':[
54,
114,
],
'project:Symfony/Component/Form/Extension/Validator/ViolationMapper/ViolationMapper.php':[
274,
],
'project:Symfony/Component/Form/Extension/Validator/ViolationMapper/ViolationPath.php':[
212,
],
'project:Symfony/Component/Form/Form.php':[
942,
],
'project:Symfony/Component/Form/FormConfigInterface.php':[
51,
58,
65,
76,
111,
118,
125,
183,
219,
],
'project:Symfony/Component/Form/FormErrorIterator.php':[
128,
151,
],
'project:Symfony/Component/Form/FormView.php':[
123,
],
'project:Symfony/Component/HttpFoundation/HeaderBag.php':[
182,
],
'project:Symfony/Component/HttpFoundation/IpUtils.php':[
38,
64,
112,
],
'project:Symfony/Component/HttpFoundation/ParameterBag.php':[
181,
],
'project:Symfony/Component/HttpFoundation/Request.php':[
666,
],
'project:Symfony/Component/HttpFoundation/RequestMatcherInterface.php':[
26,
],
'project:Symfony/Component/HttpFoundation/Session/SessionInterface.php':[
30,
73,
87,
],
'project:Symfony/Component/HttpFoundation/Session/Storage/Handler/AbstractSessionHandler.php':[
57,
64,
],
'project:Symfony/Component/HttpFoundation/Session/Storage/SessionStorageInterface.php':[
31,
97,
],
'project:Symfony/Component/HttpKernel/Controller/ArgumentValueResolverInterface.php':[
32,
],
'project:Symfony/Component/HttpKernel/DataCollector/RouterDataCollector.php':[
80,
],
'project:Symfony/Component/HttpKernel/HttpCache/HttpCache.php':[
508,
],
'project:Symfony/Component/HttpKernel/HttpCache/Store.php':[
90,
264,
309,
327,
367,
],
'project:Symfony/Component/HttpKernel/HttpCache/StoreInterface.php':[
61,
77,
],
'project:Symfony/Component/HttpKernel/HttpCache/SurrogateInterface.php':[
57,
],
'project:Symfony/Component/HttpKernel/Profiler/Profiler.php':[
94,
],
'project:Symfony/Component/HttpKernel/Profiler/ProfilerStorageInterface.php':[
59,
],
'project:Symfony/Component/HttpKernel/UriSigner.php':[
65,
],
'project:Symfony/Component/Intl/Collator/Collator.php':[
109,
233,
255,
271,
291,
],
'project:Symfony/Component/Intl/DateFormatter/IntlDateFormatter.php':[
454,
476,
495,
517,
561,
],
'project:Symfony/Component/Intl/Locale/Locale.php':[
348,
],
'project:Symfony/Component/Intl/NumberFormatter/NumberFormatter.php':[
562,
608,
625,
642,
],
'project:Symfony/Component/Intl/Util/IcuVersion.php':[
56,
],
'project:Symfony/Component/Intl/Util/Version.php':[
46,
],
'project:Symfony/Component/Lock/LockInterface.php':[
36,
],
'project:Symfony/Component/Lock/StoreInterface.php':[
68,
],
'project:Symfony/Component/Lock/Strategy/StrategyInterface.php':[
42,
],
'project:Symfony/Component/OptionsResolver/OptionsResolver.php':[
1041,
],
'project:Symfony/Component/Process/Pipes/PipesInterface.php':[
54,
61,
],
'project:Symfony/Component/Process/Process.php':[
1492,
],
'project:Symfony/Component/PropertyInfo/Tests/Fixtures/ParentDummy.php':[
61,
],
'project:Symfony/Component/Security/Core/Authentication/Provider/AuthenticationProviderInterface.php':[
39,
],
'project:Symfony/Component/Security/Core/Authorization/AccessDecisionManagerInterface.php':[
32,
],
'project:Symfony/Component/Security/Core/Authorization/Voter/Voter.php':[
57,
69,
],
'project:Symfony/Component/Security/Core/Encoder/BasePasswordEncoder.php':[
82,
],
'project:Symfony/Component/Security/Core/User/UserProviderInterface.php':[
72,
],
'project:Symfony/Component/Security/Guard/AuthenticatorInterface.php':[
44,
104,
169,
],
'project:Symfony/Component/Security/Http/Firewall/AbstractAuthenticationListener.php':[
157,
],
'project:Symfony/Component/Security/Http/Firewall/LogoutListener.php':[
117,
],
'project:Symfony/Component/Security/Http/HttpUtils.php':[
122,
],
'project:Symfony/Component/Serializer/Encoder/ChainEncoder.php':[
65,
],
'project:Symfony/Component/Serializer/Encoder/DecoderInterface.php':[
48,
],
'project:Symfony/Component/Serializer/Encoder/EncoderInterface.php':[
43,
],
'project:Symfony/Component/Serializer/Mapping/Loader/LoaderInterface.php':[
26,
],
'project:Symfony/Component/Serializer/Normalizer/CustomNormalizer.php':[
52,
66,
],
'project:Symfony/Component/Serializer/Normalizer/DenormalizerInterface.php':[
56,
],
'project:Symfony/Component/Serializer/Normalizer/NormalizerInterface.php':[
49,
],
'project:Symfony/Component/Yaml/Escaper.php':[
53,
77,
],
'project:Symfony/Component/Yaml/Parser.php':[
594,
610,
],
}
