{
'project:PHP_CodeSniffer/src/Standards/Squiz/Sniffs/Formatting/OperatorBracketSniff.php':[
249,
],
}
