{
'project:PhpSpreadsheet/src/PhpSpreadsheet/Reader/Xlsx.php':[
1992,
],
}
