{
'project:PHP_CodeSniffer/src/Ruleset.php':[
582,
],
'project:PHP_CodeSniffer/src/Sniffs/AbstractScopeSniff.php':[
151,
],
'project:PHP_CodeSniffer/src/Standards/Generic/Sniffs/CodeAnalysis/UnconditionalIfStatementSniff.php':[
79,
],
'project:PHP_CodeSniffer/src/Standards/Generic/Sniffs/NamingConventions/CamelCapsFunctionNameSniff.php':[
151,
],
'project:PHP_CodeSniffer/src/Standards/MySource/Sniffs/Channels/DisallowSelfActionsSniff.php':[
110,
],
'project:PHP_CodeSniffer/src/Standards/PEAR/Sniffs/Commenting/FileCommentSniff.php':[
249,
],
'project:PHP_CodeSniffer/src/Standards/PEAR/Sniffs/ControlStructures/MultiLineConditionSniff.php':[
224,
],
'project:PHP_CodeSniffer/src/Standards/PEAR/Sniffs/Functions/FunctionDeclarationSniff.php':[
392,
453,
],
'project:PHP_CodeSniffer/src/Standards/PEAR/Sniffs/NamingConventions/ValidVariableNameSniff.php':[
63,
],
'project:PHP_CodeSniffer/src/Standards/Squiz/Sniffs/Commenting/ClosingDeclarationCommentSniff.php':[
123,
],
'project:PHP_CodeSniffer/src/Standards/Squiz/Sniffs/Commenting/LongConditionClosingCommentSniff.php':[
200,
],
'project:PHP_CodeSniffer/src/Standards/Squiz/Sniffs/PHP/EmbeddedPhpSniff.php':[
193,
],
'project:PHP_CodeSniffer/src/Standards/Squiz/Sniffs/WhiteSpace/FunctionSpacingSniff.php':[
207,
],
'project:PHP_CodeSniffer/src/Standards/Squiz/Sniffs/WhiteSpace/MemberVarSpacingSniff.php':[
173,
],
'project:PHP_CodeSniffer/src/Tokenizers/JS.php':[
1109,
],
'project:PHP_CodeSniffer/src/Tokenizers/Tokenizer.php':[
746,
1205,
],
'project:PHP_CodeSniffer/tests/Standards/AbstractSniffUnitTest.php':[
422,
],
'project:Symfony/Bridge/Doctrine/Logger/DbalLogger.php':[
92,
],
'project:Symfony/Bridge/Doctrine/Tests/Form/Type/EntityTypeTest.php':[
227,
],
'project:Symfony/Bridge/ProxyManager/Tests/LazyProxy/PhpDumper/Fixtures/proxy-implem.php':[
118,
],
'project:Symfony/Bundle/FrameworkBundle/DependencyInjection/Configuration.php':[
645,
],
'project:Symfony/Component/Form/Extension/Core/Type/ChoiceType.php':[
121,
],
'project:Symfony/Component/Yaml/Tests/DumperTest.php':[
94,
],
}
